Component: ARM Compiler 5.06 update 7 (build 960) Tool: armlink [4d3601]

==============================================================================

Section Cross References

    startup_stm32h743xx.o(STACK) refers (Special) to heapauxi.o(.text) for __use_two_region_memory
    startup_stm32h743xx.o(HEAP) refers (Special) to heapauxi.o(.text) for __use_two_region_memory
    startup_stm32h743xx.o(RESET) refers (Special) to heapauxi.o(.text) for __use_two_region_memory
    startup_stm32h743xx.o(RESET) refers to startup_stm32h743xx.o(STACK) for __initial_sp
    startup_stm32h743xx.o(RESET) refers to startup_stm32h743xx.o(.text) for Reset_Handler
    startup_stm32h743xx.o(RESET) refers to stm32h7xx_it.o(i.NMI_Handler) for NMI_Handler
    startup_stm32h743xx.o(RESET) refers to stm32h7xx_it.o(i.HardFault_Handler) for HardFault_Handler
    startup_stm32h743xx.o(RESET) refers to stm32h7xx_it.o(i.MemManage_Handler) for MemManage_Handler
    startup_stm32h743xx.o(RESET) refers to stm32h7xx_it.o(i.BusFault_Handler) for BusFault_Handler
    startup_stm32h743xx.o(RESET) refers to stm32h7xx_it.o(i.UsageFault_Handler) for UsageFault_Handler
    startup_stm32h743xx.o(RESET) refers to stm32h7xx_it.o(i.SVC_Handler) for SVC_Handler
    startup_stm32h743xx.o(RESET) refers to stm32h7xx_it.o(i.DebugMon_Handler) for DebugMon_Handler
    startup_stm32h743xx.o(RESET) refers to stm32h7xx_it.o(i.PendSV_Handler) for PendSV_Handler
    startup_stm32h743xx.o(RESET) refers to stm32h7xx_it.o(i.SysTick_Handler) for SysTick_Handler
    startup_stm32h743xx.o(RESET) refers to stm32h7xx_it.o(i.USART1_IRQHandler) for USART1_IRQHandler
    startup_stm32h743xx.o(.text) refers (Special) to heapauxi.o(.text) for __use_two_region_memory
    startup_stm32h743xx.o(.text) refers to system_stm32h7xx.o(i.ExitRun0Mode) for ExitRun0Mode
    startup_stm32h743xx.o(.text) refers to system_stm32h7xx.o(i.SystemInit) for SystemInit
    startup_stm32h743xx.o(.text) refers to __main.o(!!!main) for __main
    startup_stm32h743xx.o(.text) refers to startup_stm32h743xx.o(HEAP) for Heap_Mem
    startup_stm32h743xx.o(.text) refers to startup_stm32h743xx.o(STACK) for Stack_Mem
    main.o(i.SystemClock_Config) refers to rt_memclr_w.o(.text) for __aeabi_memclr4
    main.o(i.SystemClock_Config) refers to stm32h7xx_hal_pwr_ex.o(i.HAL_PWREx_ConfigSupply) for HAL_PWREx_ConfigSupply
    main.o(i.SystemClock_Config) refers to stm32h7xx_hal_rcc.o(i.HAL_RCC_OscConfig) for HAL_RCC_OscConfig
    main.o(i.SystemClock_Config) refers to stm32h7xx_hal_rcc.o(i.HAL_RCC_ClockConfig) for HAL_RCC_ClockConfig
    main.o(i.main) refers to stm32h7xx_hal_cortex.o(i.HAL_MPU_Disable) for HAL_MPU_Disable
    main.o(i.main) refers to stm32h7xx_hal_cortex.o(i.HAL_MPU_ConfigRegion) for HAL_MPU_ConfigRegion
    main.o(i.main) refers to stm32h7xx_hal_cortex.o(i.HAL_MPU_Enable) for HAL_MPU_Enable
    main.o(i.main) refers to stm32h7xx_hal.o(i.HAL_Init) for HAL_Init
    main.o(i.main) refers to main.o(i.SystemClock_Config) for SystemClock_Config
    main.o(i.main) refers to gpio.o(i.MX_GPIO_Init) for MX_GPIO_Init
    main.o(i.main) refers to usart.o(i.MX_USART1_UART_Init) for MX_USART1_UART_Init
    main.o(i.main) refers to usart.o(i.MX_USART2_UART_Init) for MX_USART2_UART_Init
    main.o(i.main) refers to app_main.o(i.App_MainInit) for App_MainInit
    main.o(i.main) refers to app_main.o(i.App_MainTask) for App_MainTask
    gpio.o(i.MX_GPIO_Init) refers to rt_memclr_w.o(.text) for __aeabi_memclr4
    gpio.o(i.MX_GPIO_Init) refers to stm32h7xx_hal_gpio.o(i.HAL_GPIO_WritePin) for HAL_GPIO_WritePin
    gpio.o(i.MX_GPIO_Init) refers to stm32h7xx_hal_gpio.o(i.HAL_GPIO_Init) for HAL_GPIO_Init
    usart.o(i.HAL_UART_MspDeInit) refers to stm32h7xx_hal_gpio.o(i.HAL_GPIO_DeInit) for HAL_GPIO_DeInit
    usart.o(i.HAL_UART_MspDeInit) refers to stm32h7xx_hal_cortex.o(i.HAL_NVIC_DisableIRQ) for HAL_NVIC_DisableIRQ
    usart.o(i.HAL_UART_MspInit) refers to rt_memclr_w.o(.text) for __aeabi_memclr4
    usart.o(i.HAL_UART_MspInit) refers to stm32h7xx_hal_rcc_ex.o(i.HAL_RCCEx_PeriphCLKConfig) for HAL_RCCEx_PeriphCLKConfig
    usart.o(i.HAL_UART_MspInit) refers to main.o(i.Error_Handler) for Error_Handler
    usart.o(i.HAL_UART_MspInit) refers to stm32h7xx_hal_gpio.o(i.HAL_GPIO_Init) for HAL_GPIO_Init
    usart.o(i.HAL_UART_MspInit) refers to stm32h7xx_hal_cortex.o(i.HAL_NVIC_SetPriority) for HAL_NVIC_SetPriority
    usart.o(i.HAL_UART_MspInit) refers to stm32h7xx_hal_cortex.o(i.HAL_NVIC_EnableIRQ) for HAL_NVIC_EnableIRQ
    usart.o(i.MX_USART1_UART_Init) refers to stm32h7xx_hal_uart.o(i.HAL_UART_Init) for HAL_UART_Init
    usart.o(i.MX_USART1_UART_Init) refers to main.o(i.Error_Handler) for Error_Handler
    usart.o(i.MX_USART1_UART_Init) refers to stm32h7xx_hal_uart_ex.o(i.HAL_UARTEx_SetTxFifoThreshold) for HAL_UARTEx_SetTxFifoThreshold
[...]
    __rt_lib_init_rand_1                     0x0800035d   Thumb Code     0  libinit2.o(.ARM.Collect$$libinit$$0000000E)
    __rt_lib_init_user_alloc_1               0x0800035d   Thumb Code     0  libinit2.o(.ARM.Collect$$libinit$$0000000C)
    __rt_lib_init_lc_collate_1               0x08000363   Thumb Code     0  libinit2.o(.ARM.Collect$$libinit$$00000011)
    __rt_lib_init_lc_ctype_2                 0x08000363   Thumb Code     0  libinit2.o(.ARM.Collect$$libinit$$00000012)
    __rt_lib_init_alloca_1                   0x0800036f   Thumb Code     0  libinit2.o(.ARM.Collect$$libinit$$0000002E)
    __rt_lib_init_argv_1                     0x0800036f   Thumb Code     0  libinit2.o(.ARM.Collect$$libinit$$0000002C)
    __rt_lib_init_atexit_1                   0x0800036f   Thumb Code     0  libinit2.o(.ARM.Collect$$libinit$$0000001B)
    __rt_lib_init_clock_1                    0x0800036f   Thumb Code     0  libinit2.o(.ARM.Collect$$libinit$$00000021)
    __rt_lib_init_cpp_1                      0x0800036f   Thumb Code     0  libinit2.o(.ARM.Collect$$libinit$$00000032)
    __rt_lib_init_exceptions_1               0x0800036f   Thumb Code     0  libinit2.o(.ARM.Collect$$libinit$$00000030)
    __rt_lib_init_fp_trap_1                  0x0800036f   Thumb Code     0  libinit2.o(.ARM.Collect$$libinit$$0000001F)
    __rt_lib_init_getenv_1                   0x0800036f   Thumb Code     0  libinit2.o(.ARM.Collect$$libinit$$00000023)
    __rt_lib_init_lc_ctype_1                 0x0800036f   Thumb Code     0  libinit2.o(.ARM.Collect$$libinit$$00000013)
    __rt_lib_init_lc_monetary_1              0x0800036f   Thumb Code     0  libinit2.o(.ARM.Collect$$libinit$$00000015)
    __rt_lib_init_lc_numeric_1               0x0800036f   Thumb Code     0  libinit2.o(.ARM.Collect$$libinit$$00000017)
    __rt_lib_init_lc_time_1                  0x0800036f   Thumb Code     0  libinit2.o(.ARM.Collect$$libinit$$00000019)
    __rt_lib_init_return                     0x0800036f   Thumb Code     0  libinit2.o(.ARM.Collect$$libinit$$00000033)
    __rt_lib_init_signal_1                   0x0800036f   Thumb Code     0  libinit2.o(.ARM.Collect$$libinit$$0000001D)
    __rt_lib_init_stdio_1                    0x0800036f   Thumb Code     0  libinit2.o(.ARM.Collect$$libinit$$00000025)
    __rt_lib_shutdown                        0x08000371   Thumb Code     0  libshutdown.o(.ARM.Collect$$libshutdown$$00000000)
    __rt_lib_shutdown_cpp_1                  0x08000373   Thumb Code     0  libshutdown2.o(.ARM.Collect$$libshutdown$$00000004)
    __rt_lib_shutdown_fini_1                 0x08000373   Thumb Code     0  libshutdown2.o(.ARM.Collect$$libshutdown$$00000002)
    __rt_lib_shutdown_fp_trap_1              0x08000373   Thumb Code     0  libshutdown2.o(.ARM.Collect$$libshutdown$$00000009)
    __rt_lib_shutdown_heap_1                 0x08000373   Thumb Code     0  libshutdown2.o(.ARM.Collect$$libshutdown$$00000011)
    __rt_lib_shutdown_return                 0x08000373   Thumb Code     0  libshutdown2.o(.ARM.Collect$$libshutdown$$00000012)
    __rt_lib_shutdown_signal_1               0x08000373   Thumb Code     0  libshutdown2.o(.ARM.Collect$$libshutdown$$0000000C)
    __rt_lib_shutdown_stdio_1                0x08000373   Thumb Code     0  libshutdown2.o(.ARM.Collect$$libshutdown$$00000006)
    __rt_lib_shutdown_user_alloc_1           0x08000373   Thumb Code     0  libshutdown2.o(.ARM.Collect$$libshutdown$$0000000E)
    __rt_entry                               0x08000375   Thumb Code     0  __rtentry.o(.ARM.Collect$$rtentry$$00000000)
    __rt_entry_presh_1                       0x08000375   Thumb Code     0  __rtentry2.o(.ARM.Collect$$rtentry$$00000002)
    __rt_entry_sh                            0x08000375   Thumb Code     0  __rtentry4.o(.ARM.Collect$$rtentry$$00000004)
    __rt_entry_li                            0x0800037b   Thumb Code     0  __rtentry2.o(.ARM.Collect$$rtentry$$0000000A)
    __rt_entry_postsh_1                      0x0800037b   Thumb Code     0  __rtentry2.o(.ARM.Collect$$rtentry$$00000009)
    __rt_entry_main                          0x0800037f   Thumb Code     0  __rtentry2.o(.ARM.Collect$$rtentry$$0000000D)
    __rt_entry_postli_1                      0x0800037f   Thumb Code     0  __rtentry2.o(.ARM.Collect$$rtentry$$0000000C)
    __rt_exit                                0x08000387   Thumb Code     0  rtexit.o(.ARM.Collect$$rtexit$$00000000)
    __rt_exit_ls                             0x08000389   Thumb Code     0  rtexit2.o(.ARM.Collect$$rtexit$$00000003)
    __rt_exit_prels_1                        0x08000389   Thumb Code     0  rtexit2.o(.ARM.Collect$$rtexit$$00000002)
    __rt_exit_exit                           0x0800038d   Thumb Code     0  rtexit2.o(.ARM.Collect$$rtexit$$00000004)
    Reset_Handler                            0x08000395   Thumb Code    12  startup_stm32h743xx.o(.text)
    ADC3_IRQHandler                          0x080003b3   Thumb Code     0  startup_stm32h743xx.o(.text)
    ADC_IRQHandler                           0x080003b3   Thumb Code     0  startup_stm32h743xx.o(.text)
    BDMA_Channel0_IRQHandler                 0x080003b3   Thumb Code     0  startup_stm32h743xx.o(.text)
    BDMA_Channel1_IRQHandler                 0x080003b3   Thumb Code     0  startup_stm32h743xx.o(.text)
    BDMA_Channel2_IRQHandler                 0x080003b3   Thumb Code     0  startup_stm32h743xx.o(.text)
    BDMA_Channel3_IRQHandler                 0x080003b3   Thumb Code     0  startup_stm32h743xx.o(.text)
    BDMA_Channel4_IRQHandler                 0x080003b3   Thumb Code     0  startup_stm32h743xx.o(.text)
    BDMA_Channel5_IRQHandler                 0x080003b3   Thumb Code     0  startup_stm32h743xx.o(.text)
    BDMA_Channel6_IRQHandler                 0x080003b3   Thumb Code     0  startup_stm32h743xx.o(.text)
    BDMA_Channel7_IRQHandler                 0x080003b3   Thumb Code     0  startup_stm32h743xx.o(.text)
    CEC_IRQHandler                           0x080003b3   Thumb Code     0  startup_stm32h743xx.o(.text)
    COMP1_IRQHandler                         0x080003b3   Thumb Code     0  startup_stm32h743xx.o(.text)
    CRS_IRQHandler                           0x080003b3   Thumb Code     0  startup_stm32h743xx.o(.text)
    DCMI_IRQHandler                          0x080003b3   Thumb Code     0  startup_stm32h743xx.o(.text)
    DFSDM1_FLT0_IRQHandler                   0x080003b3   Thumb Code     0  startup_stm32h743xx.o(.text)
    DFSDM1_FLT1_IRQHandler                   0x080003b3   Thumb Code     0  startup_stm32h743xx.o(.text)
    DFSDM1_FLT2_IRQHandler                   0x080003b3   Thumb Code     0  startup_stm32h743xx.o(.text)
    DFSDM1_FLT3_IRQHandler                   0x080003b3   Thumb Code     0  startup_stm32h743xx.o(.text)
    DMA1_Stream0_IRQHandler                  0x080003b3   Thumb Code     0  startup_stm32h743xx.o(.text)
    DMA1_Stream1_IRQHandler                  0x080003b3   Thumb Code     0  startup_stm32h743xx.o(.text)
    DMA1_Stream2_IRQHandler                  0x080003b3   Thumb Code     0  startup_stm32h743xx.o(.text)
    DMA1_Stream3_IRQHandler                  0x080003b3   Thumb Code     0  startup_stm32h743xx.o(.text)
    DMA1_Stream4_IRQHandler                  0x080003b3   Thumb Code     0  startup_stm32h743xx.o(.text)
    DMA1_Stream5_IRQHandler                  0x080003b3   Thumb Code     0  startup_stm32h743xx.o(.text)
    DMA1_Stream6_IRQHandler                  0x080003b3   Thumb Code     0  startup_stm32h743xx.o(.text)
    DMA1_Stream7_IRQHandler                  0x080003b3   Thumb Code     0  startup_stm32h743xx.o(.text)
    DMA2D_IRQHandler                         0x080003b3   Thumb Code     0  startup_stm32h743xx.o(.text)
    DMA2_Stream0_IRQHandler                  0x080003b3   Thumb Code     0  startup_stm32h743xx.o(.text)
    DMA2_Stream1_IRQHandler                  0x080003b3   Thumb Code     0  startup_stm32h743xx.o(.text)
    DMA2_Stream2_IRQHandler                  0x080003b3   Thumb Code     0  startup_stm32h743xx.o(.text)
    DMA2_Stream3_IRQHandler                  0x080003b3   Thumb Code     0  startup_stm32h743xx.o(.text)
    DMA2_Stream4_IRQHandler                  0x080003b3   Thumb Code     0  startup_stm32h743xx.o(.text)
    DMA2_Stream5_IRQHandler                  0x080003b3   Thumb Code     0  startup_stm32h743xx.o(.text)
    DMA2_Stream6_IRQHandler                  0x080003b3   Thumb Code     0  startup_stm32h743xx.o(.text)
    DMA2_Stream7_IRQHandler                  0x080003b3   Thumb Code     0  startup_stm32h743xx.o(.text)
    DMAMUX1_OVR_IRQHandler                   0x080003b3   Thumb Code     0  startup_stm32h743xx.o(.text)
    DMAMUX2_OVR_IRQHandler                   0x080003b3   Thumb Code     0  startup_stm32h743xx.o(.text)
    ECC_IRQHandler                           0x080003b3   Thumb Code     0  startup_stm32h743xx.o(.text)
    ETH_IRQHandler                           0x080003b3   Thumb Code     0  startup_stm32h743xx.o(.text)
    ETH_WKUP_IRQHandler                      0x080003b3   Thumb Code     0  startup_stm32h743xx.o(.text)
    EXTI0_IRQHandler                         0x080003b3   Thumb Code     0  startup_stm32h743xx.o(.text)
    EXTI15_10_IRQHandler                     0x080003b3   Thumb Code     0  startup_stm32h743xx.o(.text)
    EXTI1_IRQHandler                         0x080003b3   Thumb Code     0  startup_stm32h743xx.o(.text)
    EXTI2_IRQHandler                         0x080003b3   Thumb Code     0  startup_stm32h743xx.o(.text)
    EXTI3_IRQHandler                         0x080003b3   Thumb Code     0  startup_stm32h743xx.o(.text)
    EXTI4_IRQHandler                         0x080003b3   Thumb Code     0  startup_stm32h743xx.o(.text)
    EXTI9_5_IRQHandler                       0x080003b3   Thumb Code     0  startup_stm32h743xx.o(.text)
    FDCAN1_IT0_IRQHandler                    0x080003b3   Thumb Code     0  startup_stm32h743xx.o(.text)
    FDCAN1_IT1_IRQHandler                    0x080003b3   Thumb Code     0  startup_stm32h743xx.o(.text)
    FDCAN2_IT0_IRQHandler                    0x080003b3   Thumb Code     0  startup_stm32h743xx.o(.text)
    FDCAN2_IT1_IRQHandler                    0x080003b3   Thumb Code     0  startup_stm32h743xx.o(.text)
    FDCAN_CAL_IRQHandler                     0x080003b3   Thumb Code     0  startup_stm32h743xx.o(.text)
    FLASH_IRQHandler                         0x080003b3   Thumb Code     0  startup_stm32h743xx.o(.text)
    FMC_IRQHandler                           0x080003b3   Thumb Code     0  startup_stm32h743xx.o(.text)
    FPU_IRQHandler                           0x080003b3   Thumb Code     0  startup_stm32h743xx.o(.text)
    HRTIM1_FLT_IRQHandler                    0x080003b3   Thumb Code     0  startup_stm32h743xx.o(.text)
    HRTIM1_Master_IRQHandler                 0x080003b3   Thumb Code     0  startup_stm32h743xx.o(.text)
    HRTIM1_TIMA_IRQHandler                   0x080003b3   Thumb Code     0  startup_stm32h743xx.o(.text)
    HRTIM1_TIMB_IRQHandler                   0x080003b3   Thumb Code     0  startup_stm32h743xx.o(.text)
    HRTIM1_TIMC_IRQHandler                   0x080003b3   Thumb Code     0  startup_stm32h743xx.o(.text)
    HRTIM1_TIMD_IRQHandler                   0x080003b3   Thumb Code     0  startup_stm32h743xx.o(.text)
    HRTIM1_TIME_IRQHandler                   0x080003b3   Thumb Code     0  startup_stm32h743xx.o(.text)
    HSEM1_IRQHandler                         0x080003b3   Thumb Code     0  startup_stm32h743xx.o(.text)
    I2C1_ER_IRQHandler                       0x080003b3   Thumb Code     0  startup_stm32h743xx.o(.text)
    I2C1_EV_IRQHandler                       0x080003b3   Thumb Code     0  startup_stm32h743xx.o(.text)
    I2C2_ER_IRQHandler                       0x080003b3   Thumb Code     0  startup_stm32h743xx.o(.text)
    I2C2_EV_IRQHandler                       0x080003b3   Thumb Code     0  startup_stm32h743xx.o(.text)
    I2C3_ER_IRQHandler                       0x080003b3   Thumb Code     0  startup_stm32h743xx.o(.text)
    I2C3_EV_IRQHandler                       0x080003b3   Thumb Code     0  startup_stm32h743xx.o(.text)
    I2C4_ER_IRQHandler                       0x080003b3   Thumb Code     0  startup_stm32h743xx.o(.text)
    I2C4_EV_IRQHandler                       0x080003b3   Thumb Code     0  startup_stm32h743xx.o(.text)
    JPEG_IRQHandler                          0x080003b3   Thumb Code     0  startup_stm32h743xx.o(.text)
    LPTIM1_IRQHandler                        0x080003b3   Thumb Code     0  startup_stm32h743xx.o(.text)
    LPTIM2_IRQHandler                        0x080003b3   Thumb Code     0  startup_stm32h743xx.o(.text)
    LPTIM3_IRQHandler                        0x080003b3   Thumb Code     0  startup_stm32h743xx.o(.text)
    LPTIM4_IRQHandler                        0x080003b3   Thumb Code     0  startup_stm32h743xx.o(.text)
    LPTIM5_IRQHandler                        0x080003b3   Thumb Code     0  startup_stm32h743xx.o(.text)
    LPUART1_IRQHandler                       0x080003b3   Thumb Code     0  startup_stm32h743xx.o(.text)
    LTDC_ER_IRQHandler                       0x080003b3   Thumb Code     0  startup_stm32h743xx.o(.text)
    LTDC_IRQHandler                          0x080003b3   Thumb Code     0  startup_stm32h743xx.o(.text)
    MDIOS_IRQHandler                         0x080003b3   Thumb Code     0  startup_stm32h743xx.o(.text)
    MDIOS_WKUP_IRQHandler                    0x080003b3   Thumb Code     0  startup_stm32h743xx.o(.text)
    MDMA_IRQHandler                          0x080003b3   Thumb Code     0  startup_stm32h743xx.o(.text)
    OTG_FS_EP1_IN_IRQHandler                 0x080003b3   Thumb Code     0  startup_stm32h743xx.o(.text)
    OTG_FS_EP1_OUT_IRQHandler                0x080003b3   Thumb Code     0  startup_stm32h743xx.o(.text)
    OTG_FS_IRQHandler                        0x080003b3   Thumb Code     0  startup_stm32h743xx.o(.text)
    OTG_FS_WKUP_IRQHandler                   0x080003b3   Thumb Code     0  startup_stm32h743xx.o(.text)
    OTG_HS_EP1_IN_IRQHandler                 0x080003b3   Thumb Code     0  startup_stm32h743xx.o(.text)
    OTG_HS_EP1_OUT_IRQHandler                0x080003b3   Thumb Code     0  startup_stm32h743xx.o(.text)
    OTG_HS_IRQHandler                        0x080003b3   Thumb Code     0  startup_stm32h743xx.o(.text)
    OTG_HS_WKUP_IRQHandler                   0x080003b3   Thumb Code     0  startup_stm32h743xx.o(.text)
    PVD_AVD_IRQHandler                       0x080003b3   Thumb Code     0  startup_stm32h743xx.o(.text)
    QUADSPI_IRQHandler                       0x080003b3   Thumb Code     0  startup_stm32h743xx.o(.text)
    RCC_IRQHandler                           0x080003b3   Thumb Code     0  startup_stm32h743xx.o(.text)
    RNG_IRQHandler                           0x080003b3   Thumb Code     0  startup_stm32h743xx.o(.text)
    RTC_Alarm_IRQHandler                     0x080003b3   Thumb Code     0  startup_stm32h743xx.o(.text)
    RTC_WKUP_IRQHandler                      0x080003b3   Thumb Code     0  startup_stm32h743xx.o(.text)
    SAI1_IRQHandler                          0x080003b3   Thumb Code     0  startup_stm32h743xx.o(.text)
    SAI2_IRQHandler                          0x080003b3   Thumb Code     0  startup_stm32h743xx.o(.text)
    SAI3_IRQHandler                          0x080003b3   Thumb Code     0  startup_stm32h743xx.o(.text)
    SAI4_IRQHandler                          0x080003b3   Thumb Code     0  startup_stm32h743xx.o(.text)
    SDMMC1_IRQHandler                        0x080003b3   Thumb Code     0  startup_stm32h743xx.o(.text)
    SDMMC2_IRQHandler                        0x080003b3   Thumb Code     0  startup_stm32h743xx.o(.text)
    SPDIF_RX_IRQHandler                      0x080003b3   Thumb Code     0  startup_stm32h743xx.o(.text)
    SPI1_IRQHandler                          0x080003b3   Thumb Code     0  startup_stm32h743xx.o(.text)
    SPI2_IRQHandler                          0x080003b3   Thumb Code     0  startup_stm32h743xx.o(.text)
    SPI3_IRQHandler                          0x080003b3   Thumb Code     0  startup_stm32h743xx.o(.text)
    SPI4_IRQHandler                          0x080003b3   Thumb Code     0  startup_stm32h743xx.o(.text)
    SPI5_IRQHandler                          0x080003b3   Thumb Code     0  startup_stm32h743xx.o(.text)
    SPI6_IRQHandler                          0x080003b3   Thumb Code     0  startup_stm32h743xx.o(.text)
    SWPMI1_IRQHandler                        0x080003b3   Thumb Code     0  startup_stm32h743xx.o(.text)
    TAMP_STAMP_IRQHandler                    0x080003b3   Thumb Code     0  startup_stm32h743xx.o(.text)
    TIM15_IRQHandler                         0x080003b3   Thumb Code     0  startup_stm32h743xx.o(.text)
    TIM16_IRQHandler                         0x080003b3   Thumb Code     0  startup_stm32h743xx.o(.text)
    TIM17_IRQHandler                         0x080003b3   Thumb Code     0  startup_stm32h743xx.o(.text)
    TIM1_BRK_IRQHandler                      0x080003b3   Thumb Code     0  startup_stm32h743xx.o(.text)
    TIM1_CC_IRQHandler                       0x080003b3   Thumb Code     0  startup_stm32h743xx.o(.text)
    TIM1_TRG_COM_IRQHandler                  0x080003b3   Thumb Code     0  startup_stm32h743xx.o(.text)
    TIM1_UP_IRQHandler                       0x080003b3   Thumb Code     0  startup_stm32h743xx.o(.text)
    TIM2_IRQHandler                          0x080003b3   Thumb Code     0  startup_stm32h743xx.o(.text)
    TIM3_IRQHandler                          0x080003b3   Thumb Code     0  startup_stm32h743xx.o(.text)
    TIM4_IRQHandler                          0x080003b3   Thumb Code     0  startup_stm32h743xx.o(.text)
    TIM5_IRQHandler                          0x080003b3   Thumb Code     0  startup_stm32h743xx.o(.text)
    TIM6_DAC_IRQHandler                      0x080003b3   Thumb Code     0  startup_stm32h743xx.o(.text)
    TIM7_IRQHandler                          0x080003b3   Thumb Code     0  startup_stm32h743xx.o(.text)
    TIM8_BRK_TIM12_IRQHandler                0x080003b3   Thumb Code     0  startup_stm32h743xx.o(.text)
    TIM8_CC_IRQHandler                       0x080003b3   Thumb Code     0  startup_stm32h743xx.o(.text)
    TIM8_TRG_COM_TIM14_IRQHandler            0x080003b3   Thumb Code     0  startup_stm32h743xx.o(.text)
    TIM8_UP_TIM13_IRQHandler                 0x080003b3   Thumb Code     0  startup_stm32h743xx.o(.text)
    UART4_IRQHandler                         0x080003b3   Thumb Code     0  startup_stm32h743xx.o(.text)
    UART5_IRQHandler                         0x080003b3   Thumb Code     0  startup_stm32h743xx.o(.text)
    UART7_IRQHandler                         0x080003b3   Thumb Code     0  startup_stm32h743xx.o(.text)
    UART8_IRQHandler                         0x080003b3   Thumb Code     0  startup_stm32h743xx.o(.text)
    USART2_IRQHandler                        0x080003b3   Thumb Code     0  startup_stm32h743xx.o(.text)
    USART3_IRQHandler                        0x080003b3   Thumb Code     0  startup_stm32h743xx.o(.text)
    USART6_IRQHandler                        0x080003b3   Thumb Code     0  startup_stm32h743xx.o(.text)
    WAKEUP_PIN_IRQHandler                    0x080003b3   Thumb Code     0  startup_stm32h743xx.o(.text)
    WWDG_IRQHandler                          0x080003b3   Thumb Code     0  startup_stm32h743xx.o(.text)
    __user_initial_stackheap                 0x080003b5   Thumb Code     0  startup_stm32h743xx.o(.text)
    __aeabi_uldivmod                         0x080003dd   Thumb Code     0  lludivv7m.o(.text)
    _ll_udiv                                 0x080003dd   Thumb Code   238  lludivv7m.o(.text)
    __2snprintf                              0x080004cd   Thumb Code    50  __2snprintf.o(.text)
    _printf_pre_padding                      0x08000505   Thumb Code    44  _printf_pad.o(.text)
    _printf_post_padding                     0x08000531   Thumb Code    34  _printf_pad.o(.text)
    _printf_truncate_signed                  0x08000553   Thumb Code    18  _printf_truncate.o(.text)
    _printf_truncate_unsigned                0x08000565   Thumb Code    18  _printf_truncate.o(.text)
    _printf_str                              0x08000577   Thumb Code    82  _printf_str.o(.text)
    _printf_int_dec                          0x080005c9   Thumb Code   104  _printf_dec.o(.text)
    _printf_charcount                        0x08000641   Thumb Code    40  _printf_charcount.o(.text)
    _printf_wctomb                           0x08000669   Thumb Code   182  _printf_wctomb.o(.text)
    _printf_int_oct                          0x08000725   Thumb Code    72  _printf_oct_int.o(.text)
    _printf_longlong_oct                     0x08000725   Thumb Code     0  _printf_oct_int.o(.text)
    _printf_longlong_hex                     0x08000775   Thumb Code    78  _printf_hex_int_ptr.o(.text)
    _printf_int_hex                          0x080007c3   Thumb Code    26  _printf_hex_int_ptr.o(.text)
    _printf_hex_ptr                          0x080007dd   Thumb Code    16  _printf_hex_int_ptr.o(.text)
    __printf                                 0x080007f1   Thumb Code   388  __printf_flags_ss_wp.o(.text)
    __0sscanf                                0x08000979   Thumb Code    52  __0sscanf.o(.text)
    _scanf_int                               0x080009b5   Thumb Code   332  _scanf_int.o(.text)
    strtol                                   0x08000b01   Thumb Code   112  strtol.o(.text)
    strtoul                                  0x08000b71   Thumb Code   114  strtoul.o(.text)
    strchr                                   0x08000be3   Thumb Code    20  strchr.o(.text)
    strstr                                   0x08000bf7   Thumb Code    36  strstr.o(.text)
    strcpy                                   0x08000c1b   Thumb Code    72  strcpy.o(.text)
    strrchr                                  0x08000c63   Thumb Code    22  strrchr.o(.text)
    strlen                                   0x08000c79   Thumb Code    62  strlen.o(.text)
    strncmp                                  0x08000cb7   Thumb Code   150  strncmp.o(.text)
    __aeabi_memcpy                           0x08000d4d   Thumb Code     0  rt_memcpy_v6.o(.text)
    __rt_memcpy                              0x08000d4d   Thumb Code   138  rt_memcpy_v6.o(.text)
    _memcpy_lastbytes                        0x08000db3   Thumb Code     0  rt_memcpy_v6.o(.text)
    __aeabi_memmove                          0x08000dd7   Thumb Code     0  rt_memmove_v6.o(.text)
    __rt_memmove                             0x08000dd7   Thumb Code   132  rt_memmove_v6.o(.text)
    __memmove_lastfew                        0x08000e37   Thumb Code     0  rt_memmove_v6.o(.text)
    __aeabi_memcpy4                          0x08000e5b   Thumb Code     0  rt_memcpy_w.o(.text)
    __aeabi_memcpy8                          0x08000e5b   Thumb Code     0  rt_memcpy_w.o(.text)
    __rt_memcpy_w                            0x08000e5b   Thumb Code   100  rt_memcpy_w.o(.text)
    _memcpy_lastbytes_aligned                0x08000ea3   Thumb Code     0  rt_memcpy_w.o(.text)
    __aeabi_memclr                           0x08000ebf   Thumb Code     0  rt_memclr.o(.text)
    __rt_memclr                              0x08000ebf   Thumb Code    68  rt_memclr.o(.text)
    _memset                                  0x08000ec3   Thumb Code     0  rt_memclr.o(.text)
    __aeabi_memclr4                          0x08000f03   Thumb Code     0  rt_memclr_w.o(.text)
    __aeabi_memclr8                          0x08000f03   Thumb Code     0  rt_memclr_w.o(.text)
    __rt_memclr_w                            0x08000f03   Thumb Code    78  rt_memclr_w.o(.text)
    _memset_w                                0x08000f07   Thumb Code     0  rt_memclr_w.o(.text)
    strncpy                                  0x08000f51   Thumb Code    86  strncpy.o(.text)
    strcmp                                   0x08000fa9   Thumb Code   104  strcmpv7m_pel.o(.text)
    __use_two_region_memory                  0x08001011   Thumb Code     2  heapauxi.o(.text)
    __rt_heap_escrow$2region                 0x08001013   Thumb Code     2  heapauxi.o(.text)
    __rt_heap_expand$2region                 0x08001015   Thumb Code     2  heapauxi.o(.text)
    __rt_ctype_table                         0x08001019   Thumb Code    16  rt_ctype_table.o(.text)
    __aeabi_errno_addr                       0x08001029   Thumb Code     8  rt_errno_addr_intlibspace.o(.text)
    __errno$intlibspace                      0x08001029   Thumb Code     0  rt_errno_addr_intlibspace.o(.text)
    __rt_errno_addr$intlibspace              0x08001029   Thumb Code     0  rt_errno_addr_intlibspace.o(.text)
    _printf_int_common                       0x08001031   Thumb Code   178  _printf_intcommon.o(.text)
    _printf_char_common                      0x080010ef   Thumb Code    32  _printf_char_common.o(.text)
    _sputc                                   0x08001115   Thumb Code    10  _sputc.o(.text)
    _snputc                                  0x0800111f   Thumb Code    16  _snputc.o(.text)
    _printf_cs_common                        0x0800112f   Thumb Code    20  _printf_char.o(.text)
    _printf_char                             0x08001143   Thumb Code    16  _printf_char.o(.text)
    _printf_string                           0x08001153   Thumb Code     8  _printf_char.o(.text)
    _printf_lcs_common                       0x0800115b   Thumb Code    20  _printf_wchar.o(.text)
    _printf_wchar                            0x0800116f   Thumb Code    16  _printf_wchar.o(.text)
    _printf_wstring                          0x0800117f   Thumb Code     8  _printf_wchar.o(.text)
    _chval                                   0x08001187   Thumb Code    28  _chval.o(.text)
    __vfscanf_char                           0x080011b1   Thumb Code    24  scanf_char.o(.text)
    _sgetc                                   0x080011d1   Thumb Code    30  _sgetc.o(.text)
    _sbackspace                              0x080011ef   Thumb Code    34  _sgetc.o(.text)
    _strtoul                                 0x08001211   Thumb Code   158  _strtoul.o(.text)
    _wcrtomb                                 0x080012af   Thumb Code    64  _wcrtomb.o(.text)
    __aeabi_memmove4                         0x080012ef   Thumb Code     0  rt_memmove_w.o(.text)
    __aeabi_memmove8                         0x080012ef   Thumb Code     0  rt_memmove_w.o(.text)
    __rt_memmove_w                           0x080012ef   Thumb Code   122  rt_memmove_w.o(.text)
    __memmove_aligned                        0x08001315   Thumb Code     0  rt_memmove_w.o(.text)
    __memmove_lastfew_aligned                0x0800134d   Thumb Code     0  rt_memmove_w.o(.text)
    __user_libspace                          0x08001369   Thumb Code     8  libspace.o(.text)
    __user_perproc_libspace                  0x08001369   Thumb Code     0  libspace.o(.text)
    __user_perthread_libspace                0x08001369   Thumb Code     0  libspace.o(.text)
    __rt_locale                              0x08001371   Thumb Code     8  rt_locale_intlibspace.o(.text)
    isspace                                  0x08001379   Thumb Code    18  isspace.o(.text)
    __vfscanf                                0x0800138d   Thumb Code   880  _scanf.o(.text)
    __user_setup_stackheap                   0x08001701   Thumb Code    74  sys_stackheap_outer.o(.text)
    exit                                     0x0800174b   Thumb Code    18  exit.o(.text)
    _sys_exit                                0x0800175d   Thumb Code     8  sys_exit.o(.text)
    __I$use$semihosting                      0x08001769   Thumb Code     0  use_no_semi.o(.text)
    __use_no_semihosting_swi                 0x08001769   Thumb Code     2  use_no_semi.o(.text)
    __semihosting_library_function           0x0800176b   Thumb Code     0  indicate_semi.o(.text)
    App_MainInit                             0x0800176d   Thumb Code    40  app_main.o(i.App_MainInit)
    App_MainTask                             0x08001799   Thumb Code   116  app_main.o(i.App_MainTask)
    BusFault_Handler                         0x080019b1   Thumb Code     2  stm32h7xx_it.o(i.BusFault_Handler)
    Console_Task                             0x080019b5   Thumb Code   336  console.o(i.Console_Task)
    DebugMon_Handler                         0x08001b6d   Thumb Code     2  stm32h7xx_it.o(i.DebugMon_Handler)
    Error_Handler                            0x08001b6f   Thumb Code     4  main.o(i.Error_Handler)
    ExitRun0Mode                             0x08001b75   Thumb Code    22  system_stm32h7xx.o(i.ExitRun0Mode)
    HAL_DMA_Abort                            0x08001b91   Thumb Code   836  stm32h7xx_hal_dma.o(i.HAL_DMA_Abort)
    HAL_DMA_Abort_IT                         0x08001ef1   Thumb Code   498  stm32h7xx_hal_dma.o(i.HAL_DMA_Abort_IT)
    HAL_Delay                                0x0800210d   Thumb Code    32  stm32h7xx_hal.o(i.HAL_Delay)
    HAL_GPIO_Init                            0x08002131   Thumb Code   514  stm32h7xx_hal_gpio.o(i.HAL_GPIO_Init)
    HAL_GPIO_WritePin                        0x08002365   Thumb Code    10  stm32h7xx_hal_gpio.o(i.HAL_GPIO_WritePin)
    HAL_GetREVID                             0x08002371   Thumb Code     8  stm32h7xx_hal.o(i.HAL_GetREVID)
    HAL_GetTick                              0x0800237d   Thumb Code     6  stm32h7xx_hal.o(i.HAL_GetTick)
    HAL_IncTick                              0x08002389   Thumb Code    12  stm32h7xx_hal.o(i.HAL_IncTick)
    HAL_Init                                 0x08002399   Thumb Code    74  stm32h7xx_hal.o(i.HAL_Init)
    HAL_InitTick                             0x080023f5   Thumb Code    56  stm32h7xx_hal.o(i.HAL_InitTick)
    HAL_MPU_ConfigRegion                     0x08002435   Thumb Code    86  stm32h7xx_hal_cortex.o(i.HAL_MPU_ConfigRegion)
    HAL_MPU_Disable                          0x08002491   Thumb Code    24  stm32h7xx_hal_cortex.o(i.HAL_MPU_Disable)
    HAL_MPU_Enable                           0x080024ad   Thumb Code    30  stm32h7xx_hal_cortex.o(i.HAL_MPU_Enable)
    HAL_MspInit                              0x080024d1   Thumb Code    22  stm32h7xx_hal_msp.o(i.HAL_MspInit)
    HAL_NVIC_EnableIRQ                       0x080024ed   Thumb Code    26  stm32h7xx_hal_cortex.o(i.HAL_NVIC_EnableIRQ)
    HAL_NVIC_SetPriority                     0x08002509   Thumb Code    60  stm32h7xx_hal_cortex.o(i.HAL_NVIC_SetPriority)
    HAL_NVIC_SetPriorityGrouping             0x08002549   Thumb Code    28  stm32h7xx_hal_cortex.o(i.HAL_NVIC_SetPriorityGrouping)
    HAL_PWREx_ConfigSupply                   0x0800256d   Thumb Code    78  stm32h7xx_hal_pwr_ex.o(i.HAL_PWREx_ConfigSupply)
    HAL_RCCEx_GetD3PCLK1Freq                 0x080025c1   Thumb Code    26  stm32h7xx_hal_rcc_ex.o(i.HAL_RCCEx_GetD3PCLK1Freq)
    HAL_RCCEx_GetPLL2ClockFreq               0x080025e5   Thumb Code   296  stm32h7xx_hal_rcc_ex.o(i.HAL_RCCEx_GetPLL2ClockFreq)
    HAL_RCCEx_GetPLL3ClockFreq               0x08002729   Thumb Code   296  stm32h7xx_hal_rcc_ex.o(i.HAL_RCCEx_GetPLL3ClockFreq)
    HAL_RCCEx_PeriphCLKConfig                0x0800286d   Thumb Code  2472  stm32h7xx_hal_rcc_ex.o(i.HAL_RCCEx_PeriphCLKConfig)
    HAL_RCC_ClockConfig                      0x08003219   Thumb Code   580  stm32h7xx_hal_rcc.o(i.HAL_RCC_ClockConfig)
    HAL_RCC_GetHCLKFreq                      0x08003475   Thumb Code    52  stm32h7xx_hal_rcc.o(i.HAL_RCC_GetHCLKFreq)
    HAL_RCC_GetPCLK1Freq                     0x080034b9   Thumb Code    26  stm32h7xx_hal_rcc.o(i.HAL_RCC_GetPCLK1Freq)
    HAL_RCC_GetPCLK2Freq                     0x080034dd   Thumb Code    26  stm32h7xx_hal_rcc.o(i.HAL_RCC_GetPCLK2Freq)
    HAL_RCC_GetSysClockFreq                  0x08003501   Thumb Code   278  stm32h7xx_hal_rcc.o(i.HAL_RCC_GetSysClockFreq)
    HAL_RCC_OscConfig                        0x08003639   Thumb Code  1410  stm32h7xx_hal_rcc.o(i.HAL_RCC_OscConfig)
    HAL_SYSTICK_Config                       0x08003bbb   Thumb Code    38  stm32h7xx_hal_cortex.o(i.HAL_SYSTICK_Config)
    HAL_UARTEx_DisableFifoMode               0x08003be1   Thumb Code    64  stm32h7xx_hal_uart_ex.o(i.HAL_UARTEx_DisableFifoMode)
    HAL_UARTEx_RxEventCallback               0x08003c21   Thumb Code     2  stm32h7xx_hal_uart.o(i.HAL_UARTEx_RxEventCallback)
    HAL_UARTEx_RxFifoFullCallback            0x08003c23   Thumb Code     2  stm32h7xx_hal_uart_ex.o(i.HAL_UARTEx_RxFifoFullCallback)
    HAL_UARTEx_SetRxFifoThreshold            0x08003c25   Thumb Code    76  stm32h7xx_hal_uart_ex.o(i.HAL_UARTEx_SetRxFifoThreshold)
    HAL_UARTEx_SetTxFifoThreshold            0x08003c71   Thumb Code    76  stm32h7xx_hal_uart_ex.o(i.HAL_UARTEx_SetTxFifoThreshold)
    HAL_UARTEx_TxFifoEmptyCallback           0x08003cbd   Thumb Code     2  stm32h7xx_hal_uart_ex.o(i.HAL_UARTEx_TxFifoEmptyCallback)
    HAL_UARTEx_WakeupCallback                0x08003cbf   Thumb Code     2  stm32h7xx_hal_uart_ex.o(i.HAL_UARTEx_WakeupCallback)
    HAL_UART_ErrorCallback                   0x08003cc1   Thumb Code     2  stm32h7xx_hal_uart.o(i.HAL_UART_ErrorCallback)
    HAL_UART_IRQHandler                      0x08003cc5   Thumb Code   898  stm32h7xx_hal_uart.o(i.HAL_UART_IRQHandler)
    HAL_UART_Init                            0x08004061   Thumb Code   106  stm32h7xx_hal_uart.o(i.HAL_UART_Init)
    HAL_UART_MspInit                         0x080040cd   Thumb Code   226  usart.o(i.HAL_UART_MspInit)
    HAL_UART_Receive                         0x080041c5   Thumb Code   244  stm32h7xx_hal_uart.o(i.HAL_UART_Receive)
    HAL_UART_Transmit                        0x080042b9   Thumb Code   184  stm32h7xx_hal_uart.o(i.HAL_UART_Transmit)
    HAL_UART_TxCpltCallback                  0x08004371   Thumb Code     2  stm32h7xx_hal_uart.o(i.HAL_UART_TxCpltCallback)
    HardFault_Handler                        0x08004373   Thumb Code     2  stm32h7xx_it.o(i.HardFault_Handler)
    L610_CheckCGATT                          0x08004375   Thumb Code    64  l610.o(i.L610_CheckCGATT)
    L610_CheckCGREG                          0x080043d9   Thumb Code    68  l610.o(i.L610_CheckCGREG)
    L610_CheckCREG                           0x08004445   Thumb Code    68  l610.o(i.L610_CheckCREG)
    L610_CheckSIM                            0x080044b1   Thumb Code    24  l610.o(i.L610_CheckSIM)
    L610_ClearBuffer                         0x080044d5   Thumb Code    20  l610.o(i.L610_ClearBuffer)
    L610_ClearInfoCache                      0x080044f1   Thumb Code    20  l610.o(i.L610_ClearInfoCache)
    L610_FlushRx                             0x0800452d   Thumb Code    46  l610.o(i.L610_FlushRx)
    L610_GetBuffer                           0x08004565   Thumb Code     4  l610.o(i.L610_GetBuffer)
    L610_GetCSQ                              0x0800456d   Thumb Code    60  l610.o(i.L610_GetCSQ)
    L610_GetCachedInfo                       0x080045cd   Thumb Code    34  l610.o(i.L610_GetCachedInfo)
    L610_GetIPAddress                        0x080045f9   Thumb Code    96  l610.o(i.L610_GetIPAddress)
    L610_GetInfo                             0x0800466d   Thumb Code   156  l610.o(i.L610_GetInfo)
    L610_GetOperator                         0x08004721   Thumb Code    96  l610.o(i.L610_GetOperator)
    L610_Init                                0x08004791   Thumb Code    14  l610.o(i.L610_Init)
    L610_MQTT_BuildStatusJson                0x080047a1   Thumb Code   202  l610_mqtt.o(i.L610_MQTT_BuildStatusJson)
    L610_MQTT_Close                          0x08004881   Thumb Code    78  l610_mqtt.o(i.L610_MQTT_Close)
    L610_MQTT_Connect                        0x0800491d   Thumb Code   288  l610_mqtt.o(i.L610_MQTT_Connect)
    L610_MQTT_GetConfig                      0x08004be1   Thumb Code    16  l610_mqtt.o(i.L610_MQTT_GetConfig)
    L610_MQTT_GetState                       0x08004bf5   Thumb Code     6  l610_mqtt.o(i.L610_MQTT_GetState)
    L610_MQTT_GetStateString                 0x08004c01   Thumb Code    56  l610_mqtt.o(i.L610_MQTT_GetStateString)
    L610_MQTT_GetStatusString                0x08004cad   Thumb Code    48  l610_mqtt.o(i.L610_MQTT_GetStatusString)
    L610_MQTT_HandleCommand                  0x08004d29   Thumb Code   216  l610_mqtt.o(i.L610_MQTT_HandleCommand)
    L610_MQTT_Init                           0x08004ee9   Thumb Code   146  l610_mqtt.o(i.L610_MQTT_Init)
    L610_MQTT_LoadDefaultConfig              0x08004fb1   Thumb Code   160  l610_mqtt.o(i.L610_MQTT_LoadDefaultConfig)
    L610_MQTT_ParseIncoming                  0x080050ed   Thumb Code   246  l610_mqtt.o(i.L610_MQTT_ParseIncoming)
    L610_MQTT_PrepareNet                     0x080051e3   Thumb Code     6  l610_mqtt.o(i.L610_MQTT_PrepareNet)
    L610_MQTT_PrepareNetWithAPN              0x080051e9   Thumb Code   132  l610_mqtt.o(i.L610_MQTT_PrepareNetWithAPN)
    L610_MQTT_ProcessLine                    0x08005341   Thumb Code   612  l610_mqtt.o(i.L610_MQTT_ProcessLine)
    L610_MQTT_Publish                        0x080056ed   Thumb Code    12  l610_mqtt.o(i.L610_MQTT_Publish)
    L610_MQTT_PublishCommandResponse         0x080056fd   Thumb Code   102  l610_mqtt.o(i.L610_MQTT_PublishCommandResponse)
    L610_MQTT_PublishEx                      0x08005779   Thumb Code    40  l610_mqtt.o(i.L610_MQTT_PublishEx)
    L610_MQTT_RequestIP                      0x080057cd   Thumb Code   148  l610_mqtt.o(i.L610_MQTT_RequestIP)
    L610_MQTT_SetAPN                         0x08005935   Thumb Code    70  l610_mqtt.o(i.L610_MQTT_SetAPN)
    L610_MQTT_SetIncomingCommand             0x080059b1   Thumb Code    10  l610_mqtt.o(i.L610_MQTT_SetIncomingCommand)
    L610_MQTT_SetUser                        0x080059bd   Thumb Code   114  l610_mqtt.o(i.L610_MQTT_SetUser)
    L610_MQTT_Subscribe                      0x08005a99   Thumb Code   112  l610_mqtt.o(i.L610_MQTT_Subscribe)
    L610_MQTT_SubscribeCmd                   0x08005bb1   Thumb Code    54  l610_mqtt.o(i.L610_MQTT_SubscribeCmd)
    L610_MQTT_TLS_ConfigMode                 0x08005c4d   Thumb Code    26  l610_mqtt.o(i.L610_MQTT_TLS_ConfigMode)
    L610_MQTT_TLS_SetVersionTLS12            0x08005c75   Thumb Code    42  l610_mqtt.o(i.L610_MQTT_TLS_SetVersionTLS12)
    L610_MQTT_Task                           0x08005cdd   Thumb Code   170  l610_mqtt.o(i.L610_MQTT_Task)
    L610_PrintInfo                           0x08005dc5   Thumb Code    64  l610.o(i.L610_PrintInfo)
    L610_ReadRawResponse                     0x08005e1d   Thumb Code   148  l610.o(i.L610_ReadRawResponse)
    L610_ReadResponse                        0x08005ed1   Thumb Code   114  l610.o(i.L610_ReadResponse)
    L610_SelfTest                            0x08005f69   Thumb Code   216  l610.o(i.L610_SelfTest)
    L610_SendAndWait                         0x08006139   Thumb Code    26  l610.o(i.L610_SendAndWait)
    L610_SendCmd                             0x08006155   Thumb Code    30  l610.o(i.L610_SendCmd)
    L610_SendRawCommand                      0x080061c9   Thumb Code    30  l610.o(i.L610_SendRawCommand)
    L610_SetEchoOff                          0x08006201   Thumb Code    60  l610.o(i.L610_SetEchoOff)
    L610_Sync                                0x08006269   Thumb Code    76  l610.o(i.L610_Sync)
    L610_TestAT                              0x080062c1   Thumb Code    60  l610.o(i.L610_TestAT)
    MX_GPIO_Init                             0x08007761   Thumb Code   114  gpio.o(i.MX_GPIO_Init)
    MX_USART1_UART_Init                      0x080077e1   Thumb Code    94  usart.o(i.MX_USART1_UART_Init)
    MX_USART2_UART_Init                      0x08007849   Thumb Code    94  usart.o(i.MX_USART2_UART_Init)
    MemManage_Handler                        0x080078b1   Thumb Code     2  stm32h7xx_it.o(i.MemManage_Handler)
    NMI_Handler                              0x080078b3   Thumb Code     2  stm32h7xx_it.o(i.NMI_Handler)
    PendSV_Handler                           0x080078b5   Thumb Code     2  stm32h7xx_it.o(i.PendSV_Handler)
    Protocol_GetLastResponse                 0x080078b9   Thumb Code     4  protocol.o(i.Protocol_GetLastResponse)
    Protocol_GetLastStatusText               0x080078c1   Thumb Code     4  protocol.o(i.Protocol_GetLastStatusText)
    Protocol_GetStatusString                 0x080078c9   Thumb Code   134  protocol.o(i.Protocol_GetStatusString)
    Protocol_Parse                           0x08007af1   Thumb Code   406  protocol.o(i.Protocol_Parse)
    Relay_AllOff                             0x08008055   Thumb Code    18  relay.o(i.Relay_AllOff)
    Relay_AllOn                              0x08008067   Thumb Code    18  relay.o(i.Relay_AllOn)
    Relay_GetState                           0x0800808d   Thumb Code     6  relay.o(i.Relay_GetState)
    Relay_Init                               0x08008099   Thumb Code     4  relay.o(i.Relay_Init)
    Relay_Off                                0x0800809d   Thumb Code    32  relay.o(i.Relay_Off)
    Relay_On                                 0x080080c1   Thumb Code    32  relay.o(i.Relay_On)
    SVC_Handler                              0x080080e5   Thumb Code     2  stm32h7xx_it.o(i.SVC_Handler)
    SysTick_Handler                          0x080080e7   Thumb Code     4  stm32h7xx_it.o(i.SysTick_Handler)
    SystemClock_Config                       0x080080ed   Thumb Code   136  main.o(i.SystemClock_Config)
    SystemInit                               0x0800817d   Thumb Code   206  system_stm32h7xx.o(i.SystemInit)
    UART_AdvFeatureConfig                    0x080082b9   Thumb Code   200  stm32h7xx_hal_uart.o(i.UART_AdvFeatureConfig)
    UART_CheckIdleState                      0x08008381   Thumb Code   170  stm32h7xx_hal_uart.o(i.UART_CheckIdleState)
    UART_SetConfig                           0x08008489   Thumb Code   876  stm32h7xx_hal_uart.o(i.UART_SetConfig)
    UART_WaitOnFlagUntilTimeout              0x08008835   Thumb Code   148  stm32h7xx_hal_uart.o(i.UART_WaitOnFlagUntilTimeout)
    USART1_IRQHandler                        0x080088c9   Thumb Code     6  stm32h7xx_it.o(i.USART1_IRQHandler)
    UsageFault_Handler                       0x080088d5   Thumb Code     2  stm32h7xx_it.o(i.UsageFault_Handler)
    _is_digit                                0x080088f9   Thumb Code    14  __printf_wp.o(i._is_digit)
    main                                     0x08008907   Thumb Code   106  main.o(i.main)
    _get_lc_ctype                            0x08008971   Thumb Code    44  lc_ctype_c.o(locale$$code)
    _fp_init                                 0x0800899d   Thumb Code    10  fpinit.o(x$fpl$fpinit)
    __fplib_config_fpu_vfp                   0x080089a5   Thumb Code     0  fpinit.o(x$fpl$fpinit)
    __fplib_config_pureend_doubles           0x080089a5   Thumb Code     0  fpinit.o(x$fpl$fpinit)
    UARTPrescTable                           0x080089a6   Data          24  stm32h7xx_hal_uart.o(.constdata)
    D1CorePrescTable                         0x080089ce   Data          16  system_stm32h7xx.o(.constdata)
    Region$$Table$$Base                      0x08008e50   Number         0  anon$$obj.o(Region$$Table)
    Region$$Table$$Limit                     0x08008e70   Number         0  anon$$obj.o(Region$$Table)
    __ctype                                  0x08008e7d   Data           0  lc_ctype_c.o(locale$$data)
    uwTickFreq                               0x24000000   Data           1  stm32h7xx_hal.o(.data)
    uwTickPrio                               0x24000004   Data           4  stm32h7xx_hal.o(.data)
    uwTick                                   0x24000008   Data           4  stm32h7xx_hal.o(.data)
    SystemCoreClock                          0x2400000c   Data           4  system_stm32h7xx.o(.data)
    SystemD2Clock                            0x24000010   Data           4  system_stm32h7xx.o(.data)
    huart1                                   0x24000094   Data         148  usart.o(.bss)
    huart2                                   0x24000128   Data         148  usart.o(.bss)
    __libspace_start                         0x24003f90   Data          96  libspace.o(.bss)
    __temporary_stack_top$libspace           0x24003ff0   Data           0  libspace.o(.bss)



==============================================================================

Memory Map of the image

  Image Entry point : 0x08000299

  Load Region LR_IROM1 (Base: 0x08000000, Size: 0x00009014, Max: 0x00200000, ABSOLUTE)

    Execution Region ER_IROM1 (Exec base: 0x08000000, Load base: 0x08000000, Size: 0x00008f80, Max: 0x00200000, ABSOLUTE)

    Exec Addr    Load Addr    Size         Type   Attr      Idx    E Section Name        Object

    0x08000000   0x08000000   0x00000298   Data   RO            3    RESET               startup_stm32h743xx.o
    0x08000298   0x08000298   0x00000008   Code   RO         4623  * !!!main             c_w.l(__main.o)
    0x080002a0   0x080002a0   0x00000034   Code   RO         4839    !!!scatter          c_w.l(__scatter.o)
    0x080002d4   0x080002d4   0x0000001a   Code   RO         4841    !!handler_copy      c_w.l(__scatter_copy.o)
    0x080002ee   0x080002ee   0x00000002   PAD
    0x080002f0   0x080002f0   0x0000001c   Code   RO         4843    !!handler_zi        c_w.l(__scatter_zi.o)
    0x0800030c   0x0800030c   0x00000000   Code   RO         4585    .ARM.Collect$$_printf_percent$$00000000  c_w.l(_printf_percent.o)
    0x0800030c   0x0800030c   0x00000006   Code   RO         4578    .ARM.Collect$$_printf_percent$$00000001  c_w.l(_printf_n.o)
    0x08000312   0x08000312   0x00000006   Code   RO         4580    .ARM.Collect$$_printf_percent$$00000002  c_w.l(_printf_p.o)
    0x08000318   0x08000318   0x00000006   Code   RO         4582    .ARM.Collect$$_printf_percent$$00000008  c_w.l(_printf_i.o)
    0x0800031e   0x0800031e   0x00000006   Code   RO         4583    .ARM.Collect$$_printf_percent$$00000009  c_w.l(_printf_d.o)
    0x08000324   0x08000324   0x00000006   Code   RO         4584    .ARM.Collect$$_printf_percent$$0000000A  c_w.l(_printf_u.o)
    0x0800032a   0x0800032a   0x00000006   Code   RO         4581    .ARM.Collect$$_printf_percent$$0000000B  c_w.l(_printf_o.o)
    0x08000330   0x08000330   0x00000006   Code   RO         4579    .ARM.Collect$$_printf_percent$$0000000C  c_w.l(_printf_x.o)
    0x08000336   0x08000336   0x0000000a   Code   RO         4650    .ARM.Collect$$_printf_percent$$00000012  c_w.l(_printf_l.o)
    0x08000340   0x08000340   0x00000006   Code   RO         4576    .ARM.Collect$$_printf_percent$$00000013  c_w.l(_printf_c.o)
    0x08000346   0x08000346   0x00000006   Code   RO         4577    .ARM.Collect$$_printf_percent$$00000014  c_w.l(_printf_s.o)
    0x0800034c   0x0800034c   0x00000006   Code   RO         4586    .ARM.Collect$$_printf_percent$$00000015  c_w.l(_printf_lc.o)
    0x08000352   0x08000352   0x00000004   Code   RO         4649    .ARM.Collect$$_printf_percent$$00000017  c_w.l(_printf_percent_end.o)
    0x08000356   0x08000356   0x00000002   Code   RO         4710    .ARM.Collect$$libinit$$00000000  c_w.l(libinit.o)
    0x08000358   0x08000358   0x00000004   Code   RO         4711    .ARM.Collect$$libinit$$00000001  c_w.l(libinit2.o)
    0x0800035c   0x0800035c   0x00000000   Code   RO         4714    .ARM.Collect$$libinit$$00000004  c_w.l(libinit2.o)
    0x0800035c   0x0800035c   0x00000000   Code   RO         4717    .ARM.Collect$$libinit$$0000000A  c_w.l(libinit2.o)
    0x0800035c   0x0800035c   0x00000000   Code   RO         4719    .ARM.Collect$$libinit$$0000000C  c_w.l(libinit2.o)
    0x0800035c   0x0800035c   0x00000000   Code   RO         4721    .ARM.Collect$$libinit$$0000000E  c_w.l(libinit2.o)
    0x0800035c   0x0800035c   0x00000006   Code   RO         4722    .ARM.Collect$$libinit$$0000000F  c_w.l(libinit2.o)
    0x08000362   0x08000362   0x00000000   Code   RO         4724    .ARM.Collect$$libinit$$00000011  c_w.l(libinit2.o)
    0x08000362   0x08000362   0x0000000c   Code   RO         4725    .ARM.Collect$$libinit$$00000012  c_w.l(libinit2.o)
    0x0800036e   0x0800036e   0x00000000   Code   RO         4726    .ARM.Collect$$libinit$$00000013  c_w.l(libinit2.o)
    0x0800036e   0x0800036e   0x00000000   Code   RO         4728    .ARM.Collect$$libinit$$00000015  c_w.l(libinit2.o)
    0x0800036e   0x0800036e   0x00000000   Code   RO         4730    .ARM.Collect$$libinit$$00000017  c_w.l(libinit2.o)
    0x0800036e   0x0800036e   0x00000000   Code   RO         4732    .ARM.Collect$$libinit$$00000019  c_w.l(libinit2.o)
    0x0800036e   0x0800036e   0x00000000   Code   RO         4734    .ARM.Collect$$libinit$$0000001B  c_w.l(libinit2.o)
    0x0800036e   0x0800036e   0x00000000   Code   RO         4736    .ARM.Collect$$libinit$$0000001D  c_w.l(libinit2.o)
    0x0800036e   0x0800036e   0x00000000   Code   RO         4738    .ARM.Collect$$libinit$$0000001F  c_w.l(libinit2.o)
    0x0800036e   0x0800036e   0x00000000   Code   RO         4740    .ARM.Collect$$libinit$$00000021  c_w.l(libinit2.o)
    0x0800036e   0x0800036e   0x00000000   Code   RO         4742    .ARM.Collect$$libinit$$00000023  c_w.l(libinit2.o)
    0x0800036e   0x0800036e   0x00000000   Code   RO         4744    .ARM.Collect$$libinit$$00000025  c_w.l(libinit2.o)
    0x0800036e   0x0800036e   0x00000000   Code   RO         4748    .ARM.Collect$$libinit$$0000002C  c_w.l(libinit2.o)
    0x0800036e   0x0800036e   0x00000000   Code   RO         4750    .ARM.Collect$$libinit$$0000002E  c_w.l(libinit2.o)
    0x0800036e   0x0800036e   0x00000000   Code   RO         4752    .ARM.Collect$$libinit$$00000030  c_w.l(libinit2.o)
    0x0800036e   0x0800036e   0x00000000   Code   RO         4754    .ARM.Collect$$libinit$$00000032  c_w.l(libinit2.o)
    0x0800036e   0x0800036e   0x00000002   Code   RO         4755    .ARM.Collect$$libinit$$00000033  c_w.l(libinit2.o)
    0x08000370   0x08000370   0x00000002   Code   RO         4802    .ARM.Collect$$libshutdown$$00000000  c_w.l(libshutdown.o)
    0x08000372   0x08000372   0x00000000   Code   RO         4820    .ARM.Collect$$libshutdown$$00000002  c_w.l(libshutdown2.o)
    0x08000372   0x08000372   0x00000000   Code   RO         4822    .ARM.Collect$$libshutdown$$00000004  c_w.l(libshutdown2.o)
    0x08000372   0x08000372   0x00000000   Code   RO         4824    .ARM.Collect$$libshutdown$$00000006  c_w.l(libshutdown2.o)
    0x08000372   0x08000372   0x00000000   Code   RO         4827    .ARM.Collect$$libshutdown$$00000009  c_w.l(libshutdown2.o)
    0x08000372   0x08000372   0x00000000   Code   RO         4830    .ARM.Collect$$libshutdown$$0000000C  c_w.l(libshutdown2.o)
    0x08000372   0x08000372   0x00000000   Code   RO         4832    .ARM.Collect$$libshutdown$$0000000E  c_w.l(libshutdown2.o)
    0x08000372   0x08000372   0x00000000   Code   RO         4835    .ARM.Collect$$libshutdown$$00000011  c_w.l(libshutdown2.o)
    0x08000372   0x08000372   0x00000002   Code   RO         4836    .ARM.Collect$$libshutdown$$00000012  c_w.l(libshutdown2.o)
    0x08000374   0x08000374   0x00000000   Code   RO         4625    .ARM.Collect$$rtentry$$00000000  c_w.l(__rtentry.o)
    0x08000374   0x08000374   0x00000000   Code   RO         4667    .ARM.Collect$$rtentry$$00000002  c_w.l(__rtentry2.o)
    0x08000374   0x08000374   0x00000006   Code   RO         4679    .ARM.Collect$$rtentry$$00000004  c_w.l(__rtentry4.o)
    0x0800037a   0x0800037a   0x00000000   Code   RO         4669    .ARM.Collect$$rtentry$$00000009  c_w.l(__rtentry2.o)
    0x0800037a   0x0800037a   0x00000004   Code   RO         4670    .ARM.Collect$$rtentry$$0000000A  c_w.l(__rtentry2.o)
    0x0800037e   0x0800037e   0x00000000   Code   RO         4672    .ARM.Collect$$rtentry$$0000000C  c_w.l(__rtentry2.o)
    0x0800037e   0x0800037e   0x00000008   Code   RO         4673    .ARM.Collect$$rtentry$$0000000D  c_w.l(__rtentry2.o)
    0x08000386   0x08000386   0x00000002   Code   RO         4756    .ARM.Collect$$rtexit$$00000000  c_w.l(rtexit.o)
    0x08000388   0x08000388   0x00000000   Code   RO         4771    .ARM.Collect$$rtexit$$00000002  c_w.l(rtexit2.o)
    0x08000388   0x08000388   0x00000004   Code   RO         4772    .ARM.Collect$$rtexit$$00000003  c_w.l(rtexit2.o)
    0x0800038c   0x0800038c   0x00000006   Code   RO         4773    .ARM.Collect$$rtexit$$00000004  c_w.l(rtexit2.o)
    0x08000392   0x08000392   0x00000002   PAD
    0x08000394   0x08000394   0x00000048   Code   RO            4    .text               startup_stm32h743xx.o
    0x080003dc   0x080003dc   0x000000ee   Code   RO         4508    .text               c_w.l(lludivv7m.o)
    0x080004ca   0x080004ca   0x00000002   PAD
    0x080004cc   0x080004cc   0x00000038   Code   RO         4510    .text               c_w.l(__2snprintf.o)
    0x08000504   0x08000504   0x0000004e   Code   RO         4516    .text               c_w.l(_printf_pad.o)
    0x08000552   0x08000552   0x00000024   Code   RO         4518    .text               c_w.l(_printf_truncate.o)
    0x08000576   0x08000576   0x00000052   Code   RO         4520    .text               c_w.l(_printf_str.o)
    0x080005c8   0x080005c8   0x00000078   Code   RO         4522    .text               c_w.l(_printf_dec.o)
    0x08000640   0x08000640   0x00000028   Code   RO         4524    .text               c_w.l(_printf_charcount.o)
    0x08000668   0x08000668   0x000000bc   Code   RO         4526    .text               c_w.l(_printf_wctomb.o)
    0x08000724   0x08000724   0x00000050   Code   RO         4531    .text               c_w.l(_printf_oct_int.o)
    0x08000774   0x08000774   0x0000007c   Code   RO         4547    .text               c_w.l(_printf_hex_int_ptr.o)
    0x080007f0   0x080007f0   0x00000188   Code   RO         4573    .text               c_w.l(__printf_flags_ss_wp.o)
    0x08000978   0x08000978   0x0000003c   Code   RO         4587    .text               c_w.l(__0sscanf.o)
    0x080009b4   0x080009b4   0x0000014c   Code   RO         4589    .text               c_w.l(_scanf_int.o)
    0x08000b00   0x08000b00   0x00000070   Code   RO         4591    .text               c_w.l(strtol.o)
    0x08000b70   0x08000b70   0x00000072   Code   RO         4593    .text               c_w.l(strtoul.o)
    0x08000be2   0x08000be2   0x00000014   Code   RO         4595    .text               c_w.l(strchr.o)
    0x08000bf6   0x08000bf6   0x00000024   Code   RO         4597    .text               c_w.l(strstr.o)
    0x08000c1a   0x08000c1a   0x00000048   Code   RO         4599    .text               c_w.l(strcpy.o)
    0x08000c62   0x08000c62   0x00000016   Code   RO         4601    .text               c_w.l(strrchr.o)
    0x08000c78   0x08000c78   0x0000003e   Code   RO         4603    .text               c_w.l(strlen.o)
    0x08000cb6   0x08000cb6   0x00000096   Code   RO         4605    .text               c_w.l(strncmp.o)
    0x08000d4c   0x08000d4c   0x0000008a   Code   RO         4607    .text               c_w.l(rt_memcpy_v6.o)
    0x08000dd6   0x08000dd6   0x00000084   Code   RO         4609    .text               c_w.l(rt_memmove_v6.o)
    0x08000e5a   0x08000e5a   0x00000064   Code   RO         4611    .text               c_w.l(rt_memcpy_w.o)
    0x08000ebe   0x08000ebe   0x00000044   Code   RO         4613    .text               c_w.l(rt_memclr.o)
    0x08000f02   0x08000f02   0x0000004e   Code   RO         4615    .text               c_w.l(rt_memclr_w.o)
    0x08000f50   0x08000f50   0x00000056   Code   RO         4617    .text               c_w.l(strncpy.o)
    0x08000fa6   0x08000fa6   0x00000002   PAD
    0x08000fa8   0x08000fa8   0x00000068   Code   RO         4619    .text               c_w.l(strcmpv7m_pel.o)
    0x08001010   0x08001010   0x00000006   Code   RO         4621    .text               c_w.l(heapauxi.o)
    0x08001016   0x08001016   0x00000002   PAD
    0x08001018   0x08001018   0x00000010   Code   RO         4626    .text               c_w.l(rt_ctype_table.o)
    0x08001028   0x08001028   0x00000008   Code   RO         4635    .text               c_w.l(rt_errno_addr_intlibspace.o)
    0x08001030   0x08001030   0x000000b2   Code   RO         4637    .text               c_w.l(_printf_intcommon.o)
    0x080010e2   0x080010e2   0x00000002   PAD
    0x080010e4   0x080010e4   0x00000030   Code   RO         4639    .text               c_w.l(_printf_char_common.o)
    0x08001114   0x08001114   0x0000000a   Code   RO         4641    .text               c_w.l(_sputc.o)
    0x0800111e   0x0800111e   0x00000010   Code   RO         4643    .text               c_w.l(_snputc.o)
    0x0800112e   0x0800112e   0x0000002c   Code   RO         4645    .text               c_w.l(_printf_char.o)
    0x0800115a   0x0800115a   0x0000002c   Code   RO         4647    .text               c_w.l(_printf_wchar.o)
    0x08001186   0x08001186   0x0000001c   Code   RO         4651    .text               c_w.l(_chval.o)
    0x080011a2   0x080011a2   0x00000002   PAD
    0x080011a4   0x080011a4   0x0000002c   Code   RO         4653    .text               c_w.l(scanf_char.o)
    0x080011d0   0x080011d0   0x00000040   Code   RO         4655    .text               c_w.l(_sgetc.o)
    0x08001210   0x08001210   0x0000009e   Code   RO         4657    .text               c_w.l(_strtoul.o)
    0x080012ae   0x080012ae   0x00000040   Code   RO         4659    .text               c_w.l(_wcrtomb.o)
    0x080012ee   0x080012ee   0x0000007a   Code   RO         4661    .text               c_w.l(rt_memmove_w.o)
    0x08001368   0x08001368   0x00000008   Code   RO         4663    .text               c_w.l(libspace.o)
    0x08001370   0x08001370   0x00000008   Code   RO         4686    .text               c_w.l(rt_locale_intlibspace.o)
    0x08001378   0x08001378   0x00000012   Code   RO         4688    .text               c_w.l(isspace.o)
    0x0800138a   0x0800138a   0x00000002   PAD
    0x0800138c   0x0800138c   0x00000374   Code   RO         4692    .text               c_w.l(_scanf.o)
    0x08001700   0x08001700   0x0000004a   Code   RO         4697    .text               c_w.l(sys_stackheap_outer.o)
    0x0800174a   0x0800174a   0x00000012   Code   RO         4699    .text               c_w.l(exit.o)
    0x0800175c   0x0800175c   0x0000000c   Code   RO         4768    .text               c_w.l(sys_exit.o)
    0x08001768   0x08001768   0x00000002   Code   RO         4789    .text               c_w.l(use_no_semi.o)
    0x0800176a   0x0800176a   0x00000000   Code   RO         4791    .text               c_w.l(indicate_semi.o)
    0x0800176a   0x0800176a   0x00000002   PAD
    0x0800176c   0x0800176c   0x0000002c   Code   RO         3493    i.App_MainInit      app_main.o
    0x08001798   0x08001798   0x00000098   Code   RO         3494    i.App_MainTask      app_main.o
    0x08001830   0x08001830   0x00000128   Code   RO         3495    i.App_PrintDiagBanner  app_main.o
    0x08001958   0x08001958   0x00000034   Code   RO         3496    i.App_PrintMQTTStage  app_main.o
    0x0800198c   0x0800198c   0x00000024   Code   RO         3497    i.App_PrintText     app_main.o
    0x080019b0   0x080019b0   0x00000002   Code   RO          356    i.BusFault_Handler  stm32h7xx_it.o
    0x080019b2   0x080019b2   0x00000002   PAD
    0x080019b4   0x080019b4   0x000001b8   Code   RO         3956    i.Console_Task      console.o
    0x08001b6c   0x08001b6c   0x00000002   Code   RO          357    i.DebugMon_Handler  stm32h7xx_it.o
    0x08001b6e   0x08001b6e   0x00000004   Code   RO           13    i.Error_Handler     main.o
    0x08001b72   0x08001b72   0x00000002   PAD
    0x08001b74   0x08001b74   0x0000001c   Code   RO         3448    i.ExitRun0Mode      system_stm32h7xx.o
    0x08001b90   0x08001b90   0x00000360   Code   RO         1262    i.HAL_DMA_Abort     stm32h7xx_hal_dma.o
    0x08001ef0   0x08001ef0   0x0000021c   Code   RO         1263    i.HAL_DMA_Abort_IT  stm32h7xx_hal_dma.o
    0x0800210c   0x0800210c   0x00000024   Code   RO         1971    i.HAL_Delay         stm32h7xx_hal.o
    0x08002130   0x08002130   0x00000234   Code   RO         1110    i.HAL_GPIO_Init     stm32h7xx_hal_gpio.o
    0x08002364   0x08002364   0x0000000a   Code   RO         1114    i.HAL_GPIO_WritePin  stm32h7xx_hal_gpio.o
    0x0800236e   0x0800236e   0x00000002   PAD
    0x08002370   0x08002370   0x0000000c   Code   RO         1982    i.HAL_GetREVID      stm32h7xx_hal.o
    0x0800237c   0x0800237c   0x0000000c   Code   RO         1983    i.HAL_GetTick       stm32h7xx_hal.o
    0x08002388   0x08002388   0x00000010   Code   RO         1989    i.HAL_IncTick       stm32h7xx_hal.o
    0x08002398   0x08002398   0x0000005c   Code   RO         1990    i.HAL_Init          stm32h7xx_hal.o
    0x080023f4   0x080023f4   0x00000040   Code   RO         1991    i.HAL_InitTick      stm32h7xx_hal.o
    0x08002434   0x08002434   0x0000005c   Code   RO          463    i.HAL_MPU_ConfigRegion  stm32h7xx_hal_cortex.o
    0x08002490   0x08002490   0x0000001c   Code   RO          464    i.HAL_MPU_Disable   stm32h7xx_hal_cortex.o
    0x080024ac   0x080024ac   0x00000024   Code   RO          466    i.HAL_MPU_Enable    stm32h7xx_hal_cortex.o
    0x080024d0   0x080024d0   0x0000001c   Code   RO          438    i.HAL_MspInit       stm32h7xx_hal_msp.o
    0x080024ec   0x080024ec   0x0000001a   Code   RO          470    i.HAL_NVIC_EnableIRQ  stm32h7xx_hal_cortex.o
    0x08002506   0x08002506   0x00000002   PAD
    0x08002508   0x08002508   0x00000040   Code   RO          476    i.HAL_NVIC_SetPriority  stm32h7xx_hal_cortex.o
    0x08002548   0x08002548   0x00000024   Code   RO          477    i.HAL_NVIC_SetPriorityGrouping  stm32h7xx_hal_cortex.o
    0x0800256c   0x0800256c   0x00000054   Code   RO         1711    i.HAL_PWREx_ConfigSupply  stm32h7xx_hal_pwr_ex.o
    0x080025c0   0x080025c0   0x00000024   Code   RO          731    i.HAL_RCCEx_GetD3PCLK1Freq  stm32h7xx_hal_rcc_ex.o
    0x080025e4   0x080025e4   0x00000144   Code   RO          733    i.HAL_RCCEx_GetPLL2ClockFreq  stm32h7xx_hal_rcc_ex.o
    0x08002728   0x08002728   0x00000144   Code   RO          734    i.HAL_RCCEx_GetPLL3ClockFreq  stm32h7xx_hal_rcc_ex.o
    0x0800286c   0x0800286c   0x000009ac   Code   RO          740    i.HAL_RCCEx_PeriphCLKConfig  stm32h7xx_hal_rcc_ex.o
    0x08003218   0x08003218   0x0000025c   Code   RO          616    i.HAL_RCC_ClockConfig  stm32h7xx_hal_rcc.o
    0x08003474   0x08003474   0x00000044   Code   RO          621    i.HAL_RCC_GetHCLKFreq  stm32h7xx_hal_rcc.o
    0x080034b8   0x080034b8   0x00000024   Code   RO          623    i.HAL_RCC_GetPCLK1Freq  stm32h7xx_hal_rcc.o
    0x080034dc   0x080034dc   0x00000024   Code   RO          624    i.HAL_RCC_GetPCLK2Freq  stm32h7xx_hal_rcc.o
    0x08003500   0x08003500   0x00000138   Code   RO          625    i.HAL_RCC_GetSysClockFreq  stm32h7xx_hal_rcc.o
    0x08003638   0x08003638   0x00000582   Code   RO          628    i.HAL_RCC_OscConfig  stm32h7xx_hal_rcc.o
    0x08003bba   0x08003bba   0x00000026   Code   RO          481    i.HAL_SYSTICK_Config  stm32h7xx_hal_cortex.o
    0x08003be0   0x08003be0   0x00000040   Code   RO         3330    i.HAL_UARTEx_DisableFifoMode  stm32h7xx_hal_uart_ex.o
    0x08003c20   0x08003c20   0x00000002   Code   RO         2919    i.HAL_UARTEx_RxEventCallback  stm32h7xx_hal_uart.o
    0x08003c22   0x08003c22   0x00000002   Code   RO         3338    i.HAL_UARTEx_RxFifoFullCallback  stm32h7xx_hal_uart_ex.o
    0x08003c24   0x08003c24   0x0000004c   Code   RO         3339    i.HAL_UARTEx_SetRxFifoThreshold  stm32h7xx_hal_uart_ex.o
    0x08003c70   0x08003c70   0x0000004c   Code   RO         3340    i.HAL_UARTEx_SetTxFifoThreshold  stm32h7xx_hal_uart_ex.o
    0x08003cbc   0x08003cbc   0x00000002   Code   RO         3342    i.HAL_UARTEx_TxFifoEmptyCallback  stm32h7xx_hal_uart_ex.o
    0x08003cbe   0x08003cbe   0x00000002   Code   RO         3343    i.HAL_UARTEx_WakeupCallback  stm32h7xx_hal_uart_ex.o
    0x08003cc0   0x08003cc0   0x00000002   Code   RO         2935    i.HAL_UART_ErrorCallback  stm32h7xx_hal_uart.o
    0x08003cc2   0x08003cc2   0x00000002   PAD
    0x08003cc4   0x08003cc4   0x0000039c   Code   RO         2938    i.HAL_UART_IRQHandler  stm32h7xx_hal_uart.o
    0x08004060   0x08004060   0x0000006a   Code   RO         2939    i.HAL_UART_Init     stm32h7xx_hal_uart.o
    0x080040ca   0x080040ca   0x00000002   PAD
    0x080040cc   0x080040cc   0x000000f8   Code   RO          309    i.HAL_UART_MspInit  usart.o
    0x080041c4   0x080041c4   0x000000f4   Code   RO         2942    i.HAL_UART_Receive  stm32h7xx_hal_uart.o
    0x080042b8   0x080042b8   0x000000b8   Code   RO         2948    i.HAL_UART_Transmit  stm32h7xx_hal_uart.o
    0x08004370   0x08004370   0x00000002   Code   RO         2951    i.HAL_UART_TxCpltCallback  stm32h7xx_hal_uart.o
    0x08004372   0x08004372   0x00000002   Code   RO          358    i.HardFault_Handler  stm32h7xx_it.o
    0x08004374   0x08004374   0x00000064   Code   RO         3676    i.L610_CheckCGATT   l610.o
    0x080043d8   0x080043d8   0x0000006c   Code   RO         3677    i.L610_CheckCGREG   l610.o
    0x08004444   0x08004444   0x0000006c   Code   RO         3678    i.L610_CheckCREG    l610.o
    0x080044b0   0x080044b0   0x00000024   Code   RO         3679    i.L610_CheckSIM     l610.o
    0x080044d4   0x080044d4   0x0000001c   Code   RO         3680    i.L610_ClearBuffer  l610.o
    0x080044f0   0x080044f0   0x0000001c   Code   RO         3681    i.L610_ClearInfoCache  l610.o
    0x0800450c   0x0800450c   0x00000020   Code   RO         3682    i.L610_DebugPrint   l610.o
    0x0800452c   0x0800452c   0x00000038   Code   RO         3683    i.L610_FlushRx      l610.o
    0x08004564   0x08004564   0x00000008   Code   RO         3684    i.L610_GetBuffer    l610.o
    0x0800456c   0x0800456c   0x00000060   Code   RO         3685    i.L610_GetCSQ       l610.o
    0x080045cc   0x080045cc   0x0000002c   Code   RO         3686    i.L610_GetCachedInfo  l610.o
    0x080045f8   0x080045f8   0x00000074   Code   RO         3688    i.L610_GetIPAddress  l610.o
    0x0800466c   0x0800466c   0x000000b4   Code   RO         3689    i.L610_GetInfo      l610.o
    0x08004720   0x08004720   0x00000070   Code   RO         3690    i.L610_GetOperator  l610.o
    0x08004790   0x08004790   0x0000000e   Code   RO         3691    i.L610_Init         l610.o
    0x0800479e   0x0800479e   0x00000002   PAD
    0x080047a0   0x080047a0   0x000000e0   Code   RO         3993    i.L610_MQTT_BuildStatusJson  l610_mqtt.o
    0x08004880   0x08004880   0x0000009c   Code   RO         3995    i.L610_MQTT_Close   l610_mqtt.o
    0x0800491c   0x0800491c   0x000002c4   Code   RO         3996    i.L610_MQTT_Connect  l610_mqtt.o
    0x08004be0   0x08004be0   0x00000014   Code   RO         3997    i.L610_MQTT_GetConfig  l610_mqtt.o
    0x08004bf4   0x08004bf4   0x0000000c   Code   RO         4001    i.L610_MQTT_GetState  l610_mqtt.o
    0x08004c00   0x08004c00   0x000000ac   Code   RO         4002    i.L610_MQTT_GetStateString  l610_mqtt.o
    0x08004cac   0x08004cac   0x0000007c   Code   RO         4003    i.L610_MQTT_GetStatusString  l610_mqtt.o
    0x08004d28   0x08004d28   0x000001c0   Code   RO         4004    i.L610_MQTT_HandleCommand  l610_mqtt.o
    0x08004ee8   0x08004ee8   0x000000c8   Code   RO         4006    i.L610_MQTT_Init    l610_mqtt.o
    0x08004fb0   0x08004fb0   0x0000013c   Code   RO         4009    i.L610_MQTT_LoadDefaultConfig  l610_mqtt.o
    0x080050ec   0x080050ec   0x000000f6   Code   RO         4010    i.L610_MQTT_ParseIncoming  l610_mqtt.o
    0x080051e2   0x080051e2   0x00000006   Code   RO         4011    i.L610_MQTT_PrepareNet  l610_mqtt.o
    0x080051e8   0x080051e8   0x00000158   Code   RO         4012    i.L610_MQTT_PrepareNetWithAPN  l610_mqtt.o
    0x08005340   0x08005340   0x000003ac   Code   RO         4013    i.L610_MQTT_ProcessLine  l610_mqtt.o
    0x080056ec   0x080056ec   0x00000010   Code   RO         4014    i.L610_MQTT_Publish  l610_mqtt.o
    0x080056fc   0x080056fc   0x0000007c   Code   RO         4015    i.L610_MQTT_PublishCommandResponse  l610_mqtt.o
    0x08005778   0x08005778   0x00000054   Code   RO         4017    i.L610_MQTT_PublishEx  l610_mqtt.o
    0x080057cc   0x080057cc   0x00000168   Code   RO         4021    i.L610_MQTT_RequestIP  l610_mqtt.o
    0x08005934   0x08005934   0x0000007c   Code   RO         4023    i.L610_MQTT_SetAPN  l610_mqtt.o
    0x080059b0   0x080059b0   0x0000000a   Code   RO         4026    i.L610_MQTT_SetIncomingCommand  l610_mqtt.o
    0x080059ba   0x080059ba   0x00000002   PAD
    0x080059bc   0x080059bc   0x000000dc   Code   RO         4029    i.L610_MQTT_SetUser  l610_mqtt.o
    0x08005a98   0x08005a98   0x00000118   Code   RO         4030    i.L610_MQTT_Subscribe  l610_mqtt.o
    0x08005bb0   0x08005bb0   0x0000009c   Code   RO         4031    i.L610_MQTT_SubscribeCmd  l610_mqtt.o
    0x08005c4c   0x08005c4c   0x00000028   Code   RO         4032    i.L610_MQTT_TLS_ConfigMode  l610_mqtt.o
    0x08005c74   0x08005c74   0x00000068   Code   RO         4034    i.L610_MQTT_TLS_SetVersionTLS12  l610_mqtt.o
    0x08005cdc   0x08005cdc   0x000000bc   Code   RO         4035    i.L610_MQTT_Task    l610_mqtt.o
    0x08005d98   0x08005d98   0x0000002c   Code   RO         3692    i.L610_PrintBuffer  l610.o
    0x08005dc4   0x08005dc4   0x00000058   Code   RO         3693    i.L610_PrintInfo    l610.o
    0x08005e1c   0x08005e1c   0x000000b4   Code   RO         3694    i.L610_ReadRawResponse  l610.o
    0x08005ed0   0x08005ed0   0x00000098   Code   RO         3695    i.L610_ReadResponse  l610.o
    0x08005f68   0x08005f68   0x000001d0   Code   RO         3696    i.L610_SelfTest     l610.o
    0x08006138   0x08006138   0x0000001a   Code   RO         3697    i.L610_SendAndWait  l610.o
    0x08006152   0x08006152   0x00000002   PAD
    0x08006154   0x08006154   0x00000024   Code   RO         3698    i.L610_SendCmd      l610.o
    0x08006178   0x08006178   0x00000050   Code   RO         3699    i.L610_SendCmdLine  l610.o
    0x080061c8   0x080061c8   0x0000001e   Code   RO         3700    i.L610_SendRawCommand  l610.o
    0x080061e6   0x080061e6   0x0000001a   Code   RO         3701    i.L610_SendSimpleCommand  l610.o
    0x08006200   0x08006200   0x00000068   Code   RO         3702    i.L610_SetEchoOff   l610.o
    0x08006268   0x08006268   0x00000058   Code   RO         3703    i.L610_Sync         l610.o
    0x080062c0   0x080062c0   0x00000064   Code   RO         3704    i.L610_TestAT       l610.o
    0x08006324   0x08006324   0x000000b4   Code   RO         4036    i.MQTT_BestEffortCloseSession  l610_mqtt.o
    0x080063d8   0x080063d8   0x00000090   Code   RO         4037    i.MQTT_CheckIPAlreadyReady  l610_mqtt.o
    0x08006468   0x08006468   0x00000120   Code   RO         4038    i.MQTT_CheckKeywordResult  l610_mqtt.o
    0x08006588   0x08006588   0x00000020   Code   RO         4039    i.MQTT_ClearAsyncBuffer  l610_mqtt.o
    0x080065a8   0x080065a8   0x0000001c   Code   RO         4040    i.MQTT_ClearLastMessageInternal  l610_mqtt.o
    0x080065c4   0x080065c4   0x00000028   Code   RO         4041    i.MQTT_ClearTxQueue  l610_mqtt.o
    0x080065ec   0x080065ec   0x00000084   Code   RO         4042    i.MQTT_CopySegmentTrim  l610_mqtt.o
    0x08006670   0x08006670   0x00000024   Code   RO         4043    i.MQTT_DebugPrint   l610_mqtt.o
    0x08006694   0x08006694   0x00000028   Code   RO         4044    i.MQTT_DebugPrintLine  l610_mqtt.o
    0x080066bc   0x080066bc   0x00000060   Code   RO         4045    i.MQTT_DequeueCommand  l610_mqtt.o
    0x0800671c   0x0800671c   0x00000010   Code   RO         4046    i.MQTT_EmitEvent    l610_mqtt.o
    0x0800672c   0x0800672c   0x00000084   Code   RO         4047    i.MQTT_EnqueueCommand  l610_mqtt.o
    0x080067b0   0x080067b0   0x0000006a   Code   RO         4048    i.MQTT_EscapeForAT  l610_mqtt.o
    0x0800681a   0x0800681a   0x0000007c   Code   RO         4049    i.MQTT_EscapeJson   l610_mqtt.o
    0x08006896   0x08006896   0x00000002   PAD
    0x08006898   0x08006898   0x0000002c   Code   RO         4050    i.MQTT_FindIncomingPrefix  l610_mqtt.o
    0x080068c4   0x080068c4   0x00000048   Code   RO         4051    i.MQTT_FindKnownCommandToken  l610_mqtt.o
    0x0800690c   0x0800690c   0x00000068   Code   RO         4052    i.MQTT_FindQueuedTopicIndex  l610_mqtt.o
    0x08006974   0x08006974   0x000000b4   Code   RO         4053    i.MQTT_FinishQueuedPublish  l610_mqtt.o
    0x08006a28   0x08006a28   0x000000a4   Code   RO         4054    i.MQTT_HandlePublishTimeout  l610_mqtt.o
    0x08006acc   0x08006acc   0x0000002c   Code   RO         4055    i.MQTT_HasNonZeroIP  l610_mqtt.o
    0x08006af8   0x08006af8   0x0000001c   Code   RO         4056    i.MQTT_IsStatusTopic  l610_mqtt.o
    0x08006b14   0x08006b14   0x000000f8   Code   RO         4057    i.MQTT_LineLooksProcessable  l610_mqtt.o
    0x08006c0c   0x08006c0c   0x000000a0   Code   RO         4058    i.MQTT_LogFailureContext  l610_mqtt.o
    0x08006cac   0x08006cac   0x00000054   Code   RO         4059    i.MQTT_LogRelaySnapshot  l610_mqtt.o
    0x08006d00   0x08006d00   0x0000004c   Code   RO         4060    i.MQTT_LogTx        l610_mqtt.o
    0x08006d4c   0x08006d4c   0x00000098   Code   RO         4061    i.MQTT_MIPCALLHasValidIP  l610_mqtt.o
    0x08006de4   0x08006de4   0x000000c4   Code   RO         4062    i.MQTT_ParseJsonStringField  l610_mqtt.o
    0x08006ea8   0x08006ea8   0x0000003c   Code   RO         4063    i.MQTT_ParseTrailingResultCode  l610_mqtt.o
    0x08006ee4   0x08006ee4   0x00000064   Code   RO         4064    i.MQTT_ProcessAsyncLineBuffer  l610_mqtt.o
    0x08006f48   0x08006f48   0x000000f0   Code   RO         4065    i.MQTT_QueuePublish  l610_mqtt.o
    0x08007038   0x08007038   0x00000088   Code   RO         4066    i.MQTT_ReadLineResponse  l610_mqtt.o
    0x080070c0   0x080070c0   0x0000001c   Code   RO         4068    i.MQTT_ResetStatusTracking  l610_mqtt.o
    0x080070dc   0x080070dc   0x00000080   Code   RO         4069    i.MQTT_ResolveIncomingCommand  l610_mqtt.o
    0x0800715c   0x0800715c   0x000000d4   Code   RO         4070    i.MQTT_RunLinkMaintenance  l610_mqtt.o
    0x08007230   0x08007230   0x00000070   Code   RO         4071    i.MQTT_RunRealtimeStatusPublisher  l610_mqtt.o
    0x080072a0   0x080072a0   0x00000028   Code   RO         4072    i.MQTT_SafeCopy     l610_mqtt.o
    0x080072c8   0x080072c8   0x000000c0   Code   RO         4073    i.MQTT_StartNextQueuedPublish  l610_mqtt.o
    0x08007388   0x08007388   0x00000068   Code   RO         4074    i.MQTT_StoreMessage  l610_mqtt.o
    0x080073f0   0x080073f0   0x0000003c   Code   RO         4075    i.MQTT_TakeAsyncFragment  l610_mqtt.o
    0x0800742c   0x0800742c   0x00000066   Code   RO         4076    i.MQTT_Trim         l610_mqtt.o
    0x08007492   0x08007492   0x00000034   Code   RO         4077    i.MQTT_TrimRight    l610_mqtt.o
    0x080074c6   0x080074c6   0x00000002   PAD
    0x080074c8   0x080074c8   0x00000120   Code   RO         4078    i.MQTT_TrySessionConnect  l610_mqtt.o
    0x080075e8   0x080075e8   0x000000b0   Code   RO         4079    i.MQTT_WaitForKeyword  l610_mqtt.o
    0x08007698   0x08007698   0x000000c8   Code   RO         4080    i.MQTT_WaitForKeywordOrOk  l610_mqtt.o
    0x08007760   0x08007760   0x00000080   Code   RO          180    i.MX_GPIO_Init      gpio.o
    0x080077e0   0x080077e0   0x00000068   Code   RO          310    i.MX_USART1_UART_Init  usart.o
    0x08007848   0x08007848   0x00000068   Code   RO          311    i.MX_USART2_UART_Init  usart.o
    0x080078b0   0x080078b0   0x00000002   Code   RO          359    i.MemManage_Handler  stm32h7xx_it.o
    0x080078b2   0x080078b2   0x00000002   Code   RO          360    i.NMI_Handler       stm32h7xx_it.o
    0x080078b4   0x080078b4   0x00000002   Code   RO          361    i.PendSV_Handler    stm32h7xx_it.o
    0x080078b6   0x080078b6   0x00000002   PAD
    0x080078b8   0x080078b8   0x00000008   Code   RO         3879    i.Protocol_GetLastResponse  protocol.o
    0x080078c0   0x080078c0   0x00000008   Code   RO         3880    i.Protocol_GetLastStatusText  protocol.o
    0x080078c8   0x080078c8   0x000000b0   Code   RO         3881    i.Protocol_GetStatusString  protocol.o
    0x08007978   0x08007978   0x00000178   Code   RO         3882    i.Protocol_HandleATRaw  protocol.o
    0x08007af0   0x08007af0   0x00000294   Code   RO         3883    i.Protocol_Parse    protocol.o
    0x08007d84   0x08007d84   0x0000003c   Code   RO         3884    i.Protocol_SetMQTTResponse  protocol.o
    0x08007dc0   0x08007dc0   0x00000024   Code   RO         3885    i.Protocol_SetResponse  protocol.o
    0x08007de4   0x08007de4   0x00000020   Code   RO         3886    i.Protocol_SetStatusText  protocol.o
    0x08007e04   0x08007e04   0x00000010   Code   RO         3887    i.Protocol_StrEqual  protocol.o
    0x08007e14   0x08007e14   0x00000120   Code   RO          743    i.RCCEx_PLL2_Config  stm32h7xx_hal_rcc_ex.o
    0x08007f34   0x08007f34   0x00000120   Code   RO          744    i.RCCEx_PLL3_Config  stm32h7xx_hal_rcc_ex.o
    0x08008054   0x08008054   0x00000012   Code   RO         3570    i.Relay_AllOff      relay.o
    0x08008066   0x08008066   0x00000012   Code   RO         3571    i.Relay_AllOn       relay.o
    0x08008078   0x08008078   0x0000000a   Code   RO         3573    i.Relay_GetPin      relay.o
    0x08008082   0x08008082   0x00000002   PAD
    0x08008084   0x08008084   0x00000008   Code   RO         3574    i.Relay_GetPort     relay.o
    0x0800808c   0x0800808c   0x0000000c   Code   RO         3575    i.Relay_GetState    relay.o
    0x08008098   0x08008098   0x00000004   Code   RO         3576    i.Relay_Init        relay.o
    0x0800809c   0x0800809c   0x00000024   Code   RO         3577    i.Relay_Off         relay.o
    0x080080c0   0x080080c0   0x00000024   Code   RO         3578    i.Relay_On          relay.o
    0x080080e4   0x080080e4   0x00000002   Code   RO          362    i.SVC_Handler       stm32h7xx_it.o
    0x080080e6   0x080080e6   0x00000004   Code   RO          363    i.SysTick_Handler   stm32h7xx_it.o
    0x080080ea   0x080080ea   0x00000002   PAD
    0x080080ec   0x080080ec   0x00000090   Code   RO           14    i.SystemClock_Config  main.o
    0x0800817c   0x0800817c   0x000000f8   Code   RO         3450    i.SystemInit        system_stm32h7xx.o
    0x08008274   0x08008274   0x00000044   Code   RO         3344    i.UARTEx_SetNbDataToProcess  stm32h7xx_hal_uart_ex.o
    0x080082b8   0x080082b8   0x000000c8   Code   RO         2953    i.UART_AdvFeatureConfig  stm32h7xx_hal_uart.o
    0x08008380   0x08008380   0x000000aa   Code   RO         2954    i.UART_CheckIdleState  stm32h7xx_hal_uart.o
    0x0800842a   0x0800842a   0x0000000a   Code   RO         2955    i.UART_DMAAbortOnError  stm32h7xx_hal_uart.o
    0x08008434   0x08008434   0x00000054   Code   RO         2965    i.UART_EndRxTransfer  stm32h7xx_hal_uart.o
    0x08008488   0x08008488   0x000003ac   Code   RO         2971    i.UART_SetConfig    stm32h7xx_hal_uart.o
    0x08008834   0x08008834   0x00000094   Code   RO         2978    i.UART_WaitOnFlagUntilTimeout  stm32h7xx_hal_uart.o
    0x080088c8   0x080088c8   0x0000000c   Code   RO          364    i.USART1_IRQHandler  stm32h7xx_it.o
    0x080088d4   0x080088d4   0x00000002   Code   RO          365    i.UsageFault_Handler  stm32h7xx_it.o
    0x080088d6   0x080088d6   0x00000022   Code   RO          483    i.__NVIC_SetPriority  stm32h7xx_hal_cortex.o
    0x080088f8   0x080088f8   0x0000000e   Code   RO         4566    i._is_digit         c_w.l(__printf_wp.o)
    0x08008906   0x08008906   0x0000006a   Code   RO           15    i.main              main.o
    0x08008970   0x08008970   0x0000002c   Code   RO         4695    locale$$code        c_w.l(lc_ctype_c.o)
    0x0800899c   0x0800899c   0x0000000a   Code   RO         4766    x$fpl$fpinit        fz_wv.l(fpinit.o)
    0x080089a6   0x080089a6   0x00000018   Data   RO         2979    .constdata          stm32h7xx_hal_uart.o
    0x080089be   0x080089be   0x00000010   Data   RO         3345    .constdata          stm32h7xx_hal_uart_ex.o
    0x080089ce   0x080089ce   0x00000010   Data   RO         3451    .constdata          system_stm32h7xx.o
    0x080089de   0x080089de   0x00000002   PAD
    0x080089e0   0x080089e0   0x00000008   Data   RO         4527    .constdata          c_w.l(_printf_wctomb.o)
    0x080089e8   0x080089e8   0x00000028   Data   RO         4548    .constdata          c_w.l(_printf_hex_int_ptr.o)
    0x08008a10   0x08008a10   0x00000011   Data   RO         4574    .constdata          c_w.l(__printf_flags_ss_wp.o)
    0x08008a21   0x08008a21   0x00000003   PAD
    0x08008a24   0x08008a24   0x00000086   Data   RO         3499    .conststring        app_main.o
    0x08008aaa   0x08008aaa   0x00000002   PAD
    0x08008aac   0x08008aac   0x0000004c   Data   RO         3706    .conststring        l610.o
    0x08008af8   0x08008af8   0x00000047   Data   RO         3889    .conststring        protocol.o
    0x08008b3f   0x08008b3f   0x00000001   PAD
    0x08008b40   0x08008b40   0x0000030e   Data   RO         4082    .conststring        l610_mqtt.o
    0x08008e4e   0x08008e4e   0x00000002   PAD
    0x08008e50   0x08008e50   0x00000020   Data   RO         4837    Region$$Table       anon$$obj.o
    0x08008e70   0x08008e70   0x00000110   Data   RO         4694    locale$$data        c_w.l(lc_ctype_c.o)


    Execution Region RW_IRAM1 (Exec base: 0x20000000, Load base: 0x08008f80, Size: 0x00000000, Max: 0x00020000, ABSOLUTE)

    **** No section assigned to this execution region ****


    Execution Region RW_IRAM2 (Exec base: 0x24000000, Load base: 0x08008f80, Size: 0x000045f0, Max: 0x00080000, ABSOLUTE)

    Exec Addr    Load Addr    Size         Type   Attr      Idx    E Section Name        Object

    0x24000000   0x08008f80   0x0000000c   Data   RW         2012    .data               stm32h7xx_hal.o
    0x2400000c   0x08008f8c   0x00000008   Data   RW         3452    .data               system_stm32h7xx.o
    0x24000014   0x08008f94   0x00000004   Data   RW         3500    .data               app_main.o
    0x24000018   0x08008f98   0x00000002   Data   RW         3580    .data               relay.o
    0x2400001a   0x08008f9a   0x00000002   PAD
    0x2400001c   0x08008f9c   0x00000008   Data   RW         3707    .data               l610.o
    0x24000024   0x08008fa4   0x00000002   Data   RW         3958    .data               console.o
    0x24000026   0x08008fa6   0x00000002   PAD
    0x24000028   0x08008fa8   0x0000006c   Data   RW         4083    .data               l610_mqtt.o
    0x24000094        -       0x00000128   Zero   RW          312    .bss                usart.o
    0x240001bc        -       0x00000450   Zero   RW         3705    .bss                l610.o
    0x2400060c        -       0x00000420   Zero   RW         3888    .bss                protocol.o
    0x24000a2c        -       0x00000100   Zero   RW         3957    .bss                console.o
    0x24000b2c        -       0x00003464   Zero   RW         4081    .bss                l610_mqtt.o
    0x24003f90        -       0x00000060   Zero   RW         4664    .bss                c_w.l(libspace.o)
    0x24003ff0        -       0x00000200   Zero   RW            2    HEAP                startup_stm32h743xx.o
    0x240041f0        -       0x00000400   Zero   RW            1    STACK               startup_stm32h743xx.o


==============================================================================

Image component sizes


      Code (inc. data)   RO Data    RW Data    ZI Data      Debug   Object Name

       580        220        134          4          0       4608   app_main.o
       440        104          0          2        256       2311   console.o
       128         14          0          0          0    1232740   gpio.o
      2484        738         76          8       1104      20297   l610.o
     10798       3794        782        108      13412      58504   l610_mqtt.o
       254          8          0          0          0     143771   main.o
      1372        460         71          0       1056       8532   protocol.o
       142         18          0          2          0       5166   relay.o
        72         30        664          0       1536        848   startup_stm32h743xx.o
       232         44          0         12          0      23496   stm32h7xx_hal.o
       354         28          0          0          0      40993   stm32h7xx_hal_cortex.o
      1404         70          0          0          0       3891   stm32h7xx_hal_dma.o
       574         50          0          0          0       2340   stm32h7xx_hal_gpio.o
        28          6          0          0          0        938   stm32h7xx_hal_msp.o
        84          6          0          0          0        789   stm32h7xx_hal_pwr_ex.o
      2466        102          0          0          0       7196   stm32h7xx_hal_rcc.o
      3736        118          0          0          0       7909   stm32h7xx_hal_rcc_ex.o
      3016        138         24          0          0      32411   stm32h7xx_hal_uart.o
       290          6         16          0          0       5526   stm32h7xx_hal_uart_ex.o
        32          6          0          0          0       4634   stm32h7xx_it.o
       276         48         16          8          0       2025   system_stm32h7xx.o
       456         42          0          0        296       2731   usart.o

    ----------------------------------------------------------------------
     29246       6050       1822        148      17660    1611656   Object Totals
         0          0         32          0          0          0   (incl. Generated)
        28          0          7          4          0          0   (incl. Padding)

    ----------------------------------------------------------------------

      Code (inc. data)   RO Data    RW Data    ZI Data      Debug   Library Member Name

        60          8          0          0          0         84   __0sscanf.o
        56          6          0          0          0         88   __2snprintf.o
         8          0          0          0          0         68   __main.o
       392          4         17          0          0         92   __printf_flags_ss_wp.o
        14          0          0          0          0         68   __printf_wp.o
         0          0          0          0          0          0   __rtentry.o
        12          0          0          0          0          0   __rtentry2.o
         6          0          0          0          0          0   __rtentry4.o
        52          8          0          0          0          0   __scatter.o
        26          0          0          0          0          0   __scatter_copy.o
        28          0          0          0          0          0   __scatter_zi.o
        28          0          0          0          0         68   _chval.o
         6          0          0          0          0          0   _printf_c.o
        44          0          0          0          0        108   _printf_char.o
        48          6          0          0          0         96   _printf_char_common.o
        40          0          0          0          0         68   _printf_charcount.o
         6          0          0          0          0          0   _printf_d.o
       120         16          0          0          0         92   _printf_dec.o
       124          4         40          0          0        144   _printf_hex_int_ptr.o
         6          0          0          0          0          0   _printf_i.o
       178          0          0          0          0         88   _printf_intcommon.o
        10          0          0          0          0          0   _printf_l.o
         6          0          0          0          0          0   _printf_lc.o
         6          0          0          0          0          0   _printf_n.o
         6          0          0          0          0          0   _printf_o.o
        80          8          0          0          0         88   _printf_oct_int.o
         6          0          0          0          0          0   _printf_p.o
        78          0          0          0          0        108   _printf_pad.o
         0          0          0          0          0          0   _printf_percent.o
         4          0          0          0          0          0   _printf_percent_end.o
         6          0          0          0          0          0   _printf_s.o
        82          0          0          0          0         80   _printf_str.o
        36          0          0          0          0         84   _printf_truncate.o
         6          0          0          0          0          0   _printf_u.o
        44          0          0          0          0        108   _printf_wchar.o
       188          6          8          0          0         92   _printf_wctomb.o
         6          0          0          0          0          0   _printf_x.o
       884          4          0          0          0        100   _scanf.o
       332          0          0          0          0         96   _scanf_int.o
        64          0          0          0          0         84   _sgetc.o
        16          0          0          0          0         68   _snputc.o
        10          0          0          0          0         68   _sputc.o
       158          0          0          0          0         92   _strtoul.o
        64          0          0          0          0         92   _wcrtomb.o
        18          0          0          0          0         80   exit.o
         6          0          0          0          0        152   heapauxi.o
         0          0          0          0          0          0   indicate_semi.o
        18          0          0          0          0         76   isspace.o
        44         10        272          0          0         76   lc_ctype_c.o
         2          0          0          0          0          0   libinit.o
        24          0          0          0          0          0   libinit2.o
         2          0          0          0          0          0   libshutdown.o
         2          0          0          0          0          0   libshutdown2.o
         8          4          0          0         96         68   libspace.o
       238          0          0          0          0        100   lludivv7m.o
        16          4          0          0          0         76   rt_ctype_table.o
         8          4          0          0          0         68   rt_errno_addr_intlibspace.o
         8          4          0          0          0         68   rt_locale_intlibspace.o
        68          0          0          0          0         68   rt_memclr.o
        78          0          0          0          0         80   rt_memclr_w.o
       138          0          0          0          0         68   rt_memcpy_v6.o
       100          0          0          0          0         80   rt_memcpy_w.o
       132          0          0          0          0         68   rt_memmove_v6.o
       122          0          0          0          0         80   rt_memmove_w.o
         2          0          0          0          0          0   rtexit.o
        10          0          0          0          0          0   rtexit2.o
        44          8          0          0          0         84   scanf_char.o
        20          0          0          0          0         68   strchr.o
       104          0          0          0          0         68   strcmpv7m_pel.o
        72          0          0          0          0         80   strcpy.o
        62          0          0          0          0         76   strlen.o
       150          0          0          0          0         80   strncmp.o
        86          0          0          0          0         76   strncpy.o
        22          0          0          0          0         68   strrchr.o
        36          0          0          0          0         80   strstr.o
       112          0          0          0          0         88   strtol.o
       114          0          0          0          0         92   strtoul.o
        12          4          0          0          0         68   sys_exit.o
        74          0          0          0          0         80   sys_stackheap_outer.o
         2          0          0          0          0         68   use_no_semi.o
        10          0          0          0          0        116   fpinit.o

    ----------------------------------------------------------------------
      5328        108        340          0         96       4624   Library Totals
        18          0          3          0          0          0   (incl. Padding)

    ----------------------------------------------------------------------

      Code (inc. data)   RO Data    RW Data    ZI Data      Debug   Library Name

      5300        108        337          0         96       4508   c_w.l
        10          0          0          0          0        116   fz_wv.l

    ----------------------------------------------------------------------
      5328        108        340          0         96       4624   Library Totals

    ----------------------------------------------------------------------

==============================================================================


      Code (inc. data)   RO Data    RW Data    ZI Data      Debug   

     34574       6158       2162        148      17756    1595480   Grand Totals
     34574       6158       2162        148      17756    1595480   ELF Image Totals
     34574       6158       2162        148          0          0   ROM Totals

==============================================================================

    Total RO  Size (Code + RO Data)                36736 (  35.88kB)
    Total RW  Size (RW Data + ZI Data)             17904 (  17.48kB)
    Total ROM Size (Code + RO Data + RW Data)      36884 (  36.02kB)

==============================================================================

