Component: ARM Compiler 5.06 update 7 (build 960) Tool: armlink [4d3601]

==============================================================================

Section Cross References

    startup_stm32h743xx.o(STACK) refers (Special) to heapauxi.o(.text) for __use_two_region_memory
    startup_stm32h743xx.o(HEAP) refers (Special) to heapauxi.o(.text) for __use_two_region_memory
    startup_stm32h743xx.o(RESET) refers (Special) to heapauxi.o(.text) for __use_two_region_memory
    startup_stm32h743xx.o(RESET) refers to startup_stm32h743xx.o(STACK) for __initial_sp
    startup_stm32h743xx.o(RESET) refers to startup_stm32h743xx.o(.text) for Reset_Handler
    startup_stm32h743xx.o(RESET) refers to stm32h7xx_it.o(i.NMI_Handler) for NMI_Handler
    startup_stm32h743xx.o(RESET) refers to stm32h7xx_it.o(i.HardFault_Handler) for HardFault_Handler
    startup_stm32h743xx.o(RESET) refers to stm32h7xx_it.o(i.MemManage_Handler) for MemManage_Handler
    startup_stm32h743xx.o(RESET) refers to stm32h7xx_it.o(i.BusFault_Handler) for BusFault_Handler
    startup_stm32h743xx.o(RESET) refers to stm32h7xx_it.o(i.UsageFault_Handler) for UsageFault_Handler
    startup_stm32h743xx.o(RESET) refers to stm32h7xx_it.o(i.SVC_Handler) for SVC_Handler
    startup_stm32h743xx.o(RESET) refers to stm32h7xx_it.o(i.DebugMon_Handler) for DebugMon_Handler
    startup_stm32h743xx.o(RESET) refers to stm32h7xx_it.o(i.PendSV_Handler) for PendSV_Handler
    startup_stm32h743xx.o(RESET) refers to stm32h7xx_it.o(i.SysTick_Handler) for SysTick_Handler
    startup_stm32h743xx.o(RESET) refers to stm32h7xx_it.o(i.DMA1_Stream0_IRQHandler) for DMA1_Stream0_IRQHandler
    startup_stm32h743xx.o(RESET) refers to stm32h7xx_it.o(i.USART1_IRQHandler) for USART1_IRQHandler
    startup_stm32h743xx.o(RESET) refers to stm32h7xx_it.o(i.USART2_IRQHandler) for USART2_IRQHandler
    startup_stm32h743xx.o(RESET) refers to stm32h7xx_it.o(i.USART3_IRQHandler) for USART3_IRQHandler
    startup_stm32h743xx.o(RESET) refers to stm32h7xx_it.o(i.USART6_IRQHandler) for USART6_IRQHandler
    startup_stm32h743xx.o(.text) refers (Special) to heapauxi.o(.text) for __use_two_region_memory
    startup_stm32h743xx.o(.text) refers to system_stm32h7xx.o(i.ExitRun0Mode) for ExitRun0Mode
    startup_stm32h743xx.o(.text) refers to system_stm32h7xx.o(i.SystemInit) for SystemInit
    startup_stm32h743xx.o(.text) refers to __main.o(!!!main) for __main
    startup_stm32h743xx.o(.text) refers to startup_stm32h743xx.o(HEAP) for Heap_Mem
    startup_stm32h743xx.o(.text) refers to startup_stm32h743xx.o(STACK) for Stack_Mem
    main.o(i.SystemClock_Config) refers to rt_memclr_w.o(.text) for __aeabi_memclr4
    main.o(i.SystemClock_Config) refers to stm32h7xx_hal_pwr_ex.o(i.HAL_PWREx_ConfigSupply) for HAL_PWREx_ConfigSupply
    main.o(i.SystemClock_Config) refers to stm32h7xx_hal_rcc.o(i.HAL_RCC_OscConfig) for HAL_RCC_OscConfig
    main.o(i.SystemClock_Config) refers to stm32h7xx_hal_rcc.o(i.HAL_RCC_ClockConfig) for HAL_RCC_ClockConfig
    main.o(i.main) refers to stm32h7xx_hal_cortex.o(i.HAL_MPU_Disable) for HAL_MPU_Disable
    main.o(i.main) refers to stm32h7xx_hal_cortex.o(i.HAL_MPU_ConfigRegion) for HAL_MPU_ConfigRegion
    main.o(i.main) refers to stm32h7xx_hal_cortex.o(i.HAL_MPU_Enable) for HAL_MPU_Enable
    main.o(i.main) refers to stm32h7xx_hal.o(i.HAL_Init) for HAL_Init
    main.o(i.main) refers to main.o(i.SystemClock_Config) for SystemClock_Config
    main.o(i.main) refers to gpio.o(i.MX_GPIO_Init) for MX_GPIO_Init
    main.o(i.main) refers to usart.o(i.MX_USART1_UART_Init) for MX_USART1_UART_Init
    main.o(i.main) refers to usart.o(i.MX_USART2_UART_Init) for MX_USART2_UART_Init
    main.o(i.main) refers to usart.o(i.MX_USART3_UART_Init) for MX_USART3_UART_Init
    main.o(i.main) refers to usart.o(i.MX_USART6_UART_Init) for MX_USART6_UART_Init
    main.o(i.main) refers to adc.o(i.MX_ADC1_Init) for MX_ADC1_Init
    main.o(i.main) refers to app_main.o(i.App_MainInit) for App_MainInit
    main.o(i.main) refers to app_main.o(i.App_MainTask) for App_MainTask
    gpio.o(i.MX_GPIO_Init) refers to rt_memclr_w.o(.text) for __aeabi_memclr4
    gpio.o(i.MX_GPIO_Init) refers to stm32h7xx_hal_gpio.o(i.HAL_GPIO_WritePin) for HAL_GPIO_WritePin
    gpio.o(i.MX_GPIO_Init) refers to stm32h7xx_hal_gpio.o(i.HAL_GPIO_Init) for HAL_GPIO_Init
    adc.o(i.HAL_ADC_MspDeInit) refers to stm32h7xx_hal_gpio.o(i.HAL_GPIO_DeInit) for HAL_GPIO_DeInit
    adc.o(i.HAL_ADC_MspInit) refers to rt_memclr_w.o(.text) for __aeabi_memclr4
    adc.o(i.HAL_ADC_MspInit) refers to stm32h7xx_hal_rcc_ex.o(i.HAL_RCCEx_PeriphCLKConfig) for HAL_RCCEx_PeriphCLKConfig
    adc.o(i.HAL_ADC_MspInit) refers to main.o(i.Error_Handler) for Error_Handler
    adc.o(i.HAL_ADC_MspInit) refers to stm32h7xx_hal_gpio.o(i.HAL_GPIO_Init) for HAL_GPIO_Init
    adc.o(i.MX_ADC1_Init) refers to rt_memclr_w.o(.text) for __aeabi_memclr4
[...]
    L610_MQTT_ParseIncoming                  0x08008959   Thumb Code   246  l610_mqtt.o(i.L610_MQTT_ParseIncoming)
    L610_MQTT_PrepareNet                     0x08008a4f   Thumb Code     6  l610_mqtt.o(i.L610_MQTT_PrepareNet)
    L610_MQTT_PrepareNetWithAPN              0x08008a55   Thumb Code   132  l610_mqtt.o(i.L610_MQTT_PrepareNetWithAPN)
    L610_MQTT_ProcessLine                    0x08008bad   Thumb Code   768  l610_mqtt.o(i.L610_MQTT_ProcessLine)
    L610_MQTT_PublishCommandResponse         0x08009075   Thumb Code   204  l610_mqtt.o(i.L610_MQTT_PublishCommandResponse)
    L610_MQTT_PublishEx                      0x08009159   Thumb Code    40  l610_mqtt.o(i.L610_MQTT_PublishEx)
    L610_MQTT_PublishOnlineState             0x080091ad   Thumb Code    66  l610_mqtt.o(i.L610_MQTT_PublishOnlineState)
    L610_MQTT_RequestIP                      0x08009229   Thumb Code   192  l610_mqtt.o(i.L610_MQTT_RequestIP)
    L610_MQTT_SetAPN                         0x080093f1   Thumb Code    70  l610_mqtt.o(i.L610_MQTT_SetAPN)
    L610_MQTT_SetIncomingCommand             0x0800946d   Thumb Code    10  l610_mqtt.o(i.L610_MQTT_SetIncomingCommand)
    L610_MQTT_SetUser                        0x08009479   Thumb Code   114  l610_mqtt.o(i.L610_MQTT_SetUser)
    L610_MQTT_Subscribe                      0x08009555   Thumb Code   112  l610_mqtt.o(i.L610_MQTT_Subscribe)
    L610_MQTT_SubscribeCmd                   0x0800966d   Thumb Code    14  l610_mqtt.o(i.L610_MQTT_SubscribeCmd)
    L610_MQTT_TLS_ConfigMode                 0x08009681   Thumb Code    26  l610_mqtt.o(i.L610_MQTT_TLS_ConfigMode)
    L610_MQTT_TLS_SetVersionTLS12            0x080096a9   Thumb Code    42  l610_mqtt.o(i.L610_MQTT_TLS_SetVersionTLS12)
    L610_MQTT_Task                           0x08009711   Thumb Code   176  l610_mqtt.o(i.L610_MQTT_Task)
    L610_PrintInfo                           0x08009801   Thumb Code    64  l610.o(i.L610_PrintInfo)
    L610_ReadRawResponse                     0x08009859   Thumb Code   148  l610.o(i.L610_ReadRawResponse)
    L610_ReadResponse                        0x0800990d   Thumb Code   114  l610.o(i.L610_ReadResponse)
    L610_SelfTest                            0x080099a5   Thumb Code   216  l610.o(i.L610_SelfTest)
    L610_SendAndWait                         0x08009b75   Thumb Code    26  l610.o(i.L610_SendAndWait)
    L610_SendCmd                             0x08009b91   Thumb Code    30  l610.o(i.L610_SendCmd)
    L610_SendRawCommand                      0x08009c05   Thumb Code    30  l610.o(i.L610_SendRawCommand)
    L610_SetEchoOff                          0x08009c3d   Thumb Code    54  l610.o(i.L610_SetEchoOff)
    L610_Sync                                0x08009c9d   Thumb Code   178  l610.o(i.L610_Sync)
    L610_TestAT                              0x08009da1   Thumb Code    54  l610.o(i.L610_TestAT)
    LCD_DebugUI_GetRefreshCount              0x08009dfd   Thumb Code     6  lcd_debug_ui.o(i.LCD_DebugUI_GetRefreshCount)
    LCD_DebugUI_GetRefreshTick               0x08009e09   Thumb Code     6  lcd_debug_ui.o(i.LCD_DebugUI_GetRefreshTick)
    LCD_DebugUI_Init                         0x08009e15   Thumb Code    36  lcd_debug_ui.o(i.LCD_DebugUI_Init)
    LCD_DebugUI_Task                         0x08009e3d   Thumb Code   142  lcd_debug_ui.o(i.LCD_DebugUI_Task)
    LCD_Port_BeginFrame                      0x08009ed9   Thumb Code     2  lcd_port.o(i.LCD_Port_BeginFrame)
    LCD_Port_Clear                           0x08009edd   Thumb Code    34  lcd_port.o(i.LCD_Port_Clear)
    LCD_Port_DrawRect                        0x08009f05   Thumb Code   120  lcd_port.o(i.LCD_Port_DrawRect)
    LCD_Port_DrawText                        0x08009f81   Thumb Code    60  lcd_port.o(i.LCD_Port_DrawText)
    LCD_Port_EndFrame                        0x08009fc1   Thumb Code     2  lcd_port.o(i.LCD_Port_EndFrame)
    LCD_Port_FillRect                        0x08009fc3   Thumb Code    32  lcd_port.o(i.LCD_Port_FillRect)
    LCD_Port_GetDisplayDir                   0x08009fe5   Thumb Code     6  lcd_port.o(i.LCD_Port_GetDisplayDir)
    LCD_Port_GetHeight                       0x08009ff1   Thumb Code     6  lcd_port.o(i.LCD_Port_GetHeight)
    LCD_Port_GetWidth                        0x08009ffd   Thumb Code     6  lcd_port.o(i.LCD_Port_GetWidth)
    LCD_Port_Init                            0x0800a009   Thumb Code   118  lcd_port.o(i.LCD_Port_Init)
    LCD_Port_IsReady                         0x0800a089   Thumb Code     6  lcd_port.o(i.LCD_Port_IsReady)
    LCD_Port_SetBacklight                    0x0800a095   Thumb Code    40  lcd_port.o(i.LCD_Port_SetBacklight)
    LCD_Touch_Init                           0x0800a0c1   Thumb Code    88  lcd_touch.o(i.LCD_Touch_Init)
    LCD_Touch_Read                           0x0800a121   Thumb Code   194  lcd_touch.o(i.LCD_Touch_Read)
    LCD_UI_ModelUpdate                       0x0800a1e9   Thumb Code    18  lcd_ui_model.o(i.LCD_UI_ModelUpdate)
    LCD_UI_RenderPage                        0x0800a1fd   Thumb Code    78  lcd_ui_pages.o(i.LCD_UI_RenderPage)
    MX_ADC1_Init                             0x0800bd05   Thumb Code   138  adc.o(i.MX_ADC1_Init)
    MX_GPIO_Init                             0x0800bda1   Thumb Code   368  gpio.o(i.MX_GPIO_Init)
    MX_USART1_UART_Init                      0x0800bf35   Thumb Code    94  usart.o(i.MX_USART1_UART_Init)
    MX_USART2_UART_Init                      0x0800bf9d   Thumb Code    94  usart.o(i.MX_USART2_UART_Init)
    MX_USART3_UART_Init                      0x0800c005   Thumb Code    94  usart.o(i.MX_USART3_UART_Init)
    MX_USART6_UART_Init                      0x0800c06d   Thumb Code    94  usart.o(i.MX_USART6_UART_Init)
    MemManage_Handler                        0x0800c0d5   Thumb Code     2  stm32h7xx_it.o(i.MemManage_Handler)
    Modbus_BuildReadRegs                     0x0800c0d7   Thumb Code    38  modbus_rtu.o(i.Modbus_BuildReadRegs)
    Modbus_CRC16                             0x0800c0fd   Thumb Code    48  modbus_rtu.o(i.Modbus_CRC16)
    Modbus_ParseReadRegsResp                 0x0800c12d   Thumb Code    90  modbus_rtu.o(i.Modbus_ParseReadRegsResp)
    NMI_Handler                              0x0800c187   Thumb Code     2  stm32h7xx_it.o(i.NMI_Handler)
    PendSV_Handler                           0x0800c189   Thumb Code     2  stm32h7xx_it.o(i.PendSV_Handler)
    Protocol_GetLastResponse                 0x0800c18d   Thumb Code     4  protocol.o(i.Protocol_GetLastResponse)
    Protocol_GetLastStatusText               0x0800c195   Thumb Code     4  protocol.o(i.Protocol_GetLastStatusText)
    Protocol_GetStatusString                 0x0800c19d   Thumb Code   134  protocol.o(i.Protocol_GetStatusString)
    Protocol_Parse                           0x0800c44d   Thumb Code   434  protocol.o(i.Protocol_Parse)
    RainSensor_Init                          0x0800cae1   Thumb Code   100  sensor_rain.o(i.RainSensor_Init)
    RainSensor_MarkOffline                   0x0800cb59   Thumb Code   100  sensor_rain.o(i.RainSensor_MarkOffline)
    RainSensor_Parse                         0x0800cbd1   Thumb Code     2  sensor_rain.o(i.RainSensor_Parse)
    RainSensor_Poll                          0x0800cbd5   Thumb Code   240  sensor_rain.o(i.RainSensor_Poll)
    Relay_AllOff                             0x0800cd51   Thumb Code    18  relay.o(i.Relay_AllOff)
    Relay_AllOn                              0x0800cd63   Thumb Code    18  relay.o(i.Relay_AllOn)
    Relay_GetState                           0x0800cd89   Thumb Code     6  relay.o(i.Relay_GetState)
    Relay_Init                               0x0800cd95   Thumb Code     4  relay.o(i.Relay_Init)
    Relay_Off                                0x0800cd99   Thumb Code    32  relay.o(i.Relay_Off)
    Relay_On                                 0x0800cdbd   Thumb Code    32  relay.o(i.Relay_On)
    SVC_Handler                              0x0800cde1   Thumb Code     2  stm32h7xx_it.o(i.SVC_Handler)
    SysTick_Handler                          0x0800cde3   Thumb Code     4  stm32h7xx_it.o(i.SysTick_Handler)
    SystemClock_Config                       0x0800cde9   Thumb Code   146  main.o(i.SystemClock_Config)
    SystemInit                               0x0800ce89   Thumb Code   206  system_stm32h7xx.o(i.SystemInit)
    UART_AdvFeatureConfig                    0x0800cfc5   Thumb Code   200  stm32h7xx_hal_uart.o(i.UART_AdvFeatureConfig)
    UART_CheckIdleState                      0x0800d08d   Thumb Code   170  stm32h7xx_hal_uart.o(i.UART_CheckIdleState)
    UART_SetConfig                           0x0800d665   Thumb Code   876  stm32h7xx_hal_uart.o(i.UART_SetConfig)
    UART_Start_Receive_IT                    0x0800da11   Thumb Code   256  stm32h7xx_hal_uart.o(i.UART_Start_Receive_IT)
    UART_WaitOnFlagUntilTimeout              0x0800db21   Thumb Code   148  stm32h7xx_hal_uart.o(i.UART_WaitOnFlagUntilTimeout)
    USART1_IRQHandler                        0x0800dbb5   Thumb Code     6  stm32h7xx_it.o(i.USART1_IRQHandler)
    USART2_IRQHandler                        0x0800dbc1   Thumb Code     6  stm32h7xx_it.o(i.USART2_IRQHandler)
    USART3_IRQHandler                        0x0800dbcd   Thumb Code     6  stm32h7xx_it.o(i.USART3_IRQHandler)
    USART6_IRQHandler                        0x0800dbd9   Thumb Code     6  stm32h7xx_it.o(i.USART6_IRQHandler)
    UartRingBuf_Available                    0x0800dbe5   Thumb Code    42  uart_ringbuf.o(i.UartRingBuf_Available)
    UartRingBuf_Clear                        0x0800dc0f   Thumb Code    12  uart_ringbuf.o(i.UartRingBuf_Clear)
    UartRingBuf_Init                         0x0800dc1b   Thumb Code    18  uart_ringbuf.o(i.UartRingBuf_Init)
    UartRingBuf_Pop                          0x0800dc2d   Thumb Code    40  uart_ringbuf.o(i.UartRingBuf_Pop)
    UartRingBuf_Push                         0x0800dc55   Thumb Code    34  uart_ringbuf.o(i.UartRingBuf_Push)
    UartRingBuf_Read                         0x0800dc77   Thumb Code    34  uart_ringbuf.o(i.UartRingBuf_Read)
    UsageFault_Handler                       0x0800dc99   Thumb Code     2  stm32h7xx_it.o(i.UsageFault_Handler)
    WeatherADC_ReadRaw                       0x0800dd79   Thumb Code    16  adc.o(i.WeatherADC_ReadRaw)
    WeatherADC_RefreshFallback               0x0800dd8d   Thumb Code    58  adc.o(i.WeatherADC_RefreshFallback)
    WindSensor_Init                          0x0800e035   Thumb Code    84  sensor_wind_zts.o(i.WindSensor_Init)
    WindSensor_Parse                         0x0800e0a9   Thumb Code     2  sensor_wind_zts.o(i.WindSensor_Parse)
    WindSensor_Poll                          0x0800e0ad   Thumb Code   118  sensor_wind_zts.o(i.WindSensor_Poll)
    __ARM_fpclassify                         0x0800e37d   Thumb Code    48  fpclassify.o(i.__ARM_fpclassify)
    _is_digit                                0x0800e3cf   Thumb Code    14  __printf_wp.o(i._is_digit)
    main                                     0x0800f2d7   Thumb Code   118  main.o(i.main)
    _get_lc_ctype                            0x0800fcc1   Thumb Code    44  lc_ctype_c.o(locale$$code)
    _get_lc_numeric                          0x0800fced   Thumb Code    44  lc_numeric_c.o(locale$$code)
    _fp_init                                 0x0800fd19   Thumb Code    10  fpinit.o(x$fpl$fpinit)
    __fplib_config_fpu_vfp                   0x0800fd21   Thumb Code     0  fpinit.o(x$fpl$fpinit)
    __fplib_config_pureend_doubles           0x0800fd21   Thumb Code     0  fpinit.o(x$fpl$fpinit)
    _printf_fp_dec                           0x0800fd23   Thumb Code     4  printf1.o(x$fpl$printf1)
    UARTPrescTable                           0x0800fd26   Data          24  stm32h7xx_hal_uart.o(.constdata)
    __I$use$fp                               0x0800fd26   Number         0  usenofp.o(x$fpl$usenofp)
    D1CorePrescTable                         0x0800fd4e   Data          16  system_stm32h7xx.o(.constdata)
    atk_md0700_font_1206                     0x0800fdac   Data        1140  lcd_port.o(.constdata)
    atk_md0700_font_1608                     0x08010220   Data        1520  lcd_port.o(.constdata)
    atk_md0700_font_2412                     0x08010810   Data        3420  lcd_port.o(.constdata)
    atk_md0700_font_3216                     0x0801156c   Data        6080  lcd_port.o(.constdata)
    Region$$Table$$Base                      0x080133ac   Number         0  anon$$obj.o(Region$$Table)
    Region$$Table$$Limit                     0x080133cc   Number         0  anon$$obj.o(Region$$Table)
    __ctype                                  0x080133d9   Data           0  lc_ctype_c.o(locale$$data)
    g_weather_adc_raw                        0x24000002   Data           6  adc.o(.data)
    uwTickFreq                               0x24000008   Data           1  stm32h7xx_hal.o(.data)
    uwTickPrio                               0x2400000c   Data           4  stm32h7xx_hal.o(.data)
    uwTick                                   0x24000010   Data           4  stm32h7xx_hal.o(.data)
    SystemCoreClock                          0x24000014   Data           4  system_stm32h7xx.o(.data)
    SystemD2Clock                            0x24000018   Data           4  system_stm32h7xx.o(.data)
    hadc1                                    0x24000110   Data         100  adc.o(.bss)
    huart1                                   0x24000174   Data         148  usart.o(.bss)
    huart2                                   0x24000208   Data         148  usart.o(.bss)
    huart3                                   0x2400029c   Data         148  usart.o(.bss)
    huart6                                   0x24000330   Data         148  usart.o(.bss)
    g_uart_air                               0x240097f8   Data         268  bsp_uart.o(.bss)
    g_uart_wind                              0x24009904   Data         268  bsp_uart.o(.bss)
    g_wind_sensor                            0x24009a10   Data         184  sensor_wind_zts.o(.bss)
    g_air_sensor                             0x24009b08   Data          36  sensor_air_cj702.o(.bss)
    g_rain_sensor                            0x24009bec   Data          36  sensor_rain.o(.bss)
    g_weather_data                           0x24009c10   Data         112  weather_data.o(.bss)
    __libspace_start                         0x2400ac5c   Data          96  libspace.o(.bss)
    __temporary_stack_top$libspace           0x2400acbc   Data           0  libspace.o(.bss)



==============================================================================

Memory Map of the image

  Image Entry point : 0x08000299

  Load Region LR_IROM1 (Base: 0x08000000, Size: 0x00013608, Max: 0x00200000, ABSOLUTE)

    Execution Region ER_IROM1 (Exec base: 0x08000000, Load base: 0x08000000, Size: 0x000134f8, Max: 0x00200000, ABSOLUTE)

    Exec Addr    Load Addr    Size         Type   Attr      Idx    E Section Name        Object

    0x08000000   0x08000000   0x00000298   Data   RO            3    RESET               startup_stm32h743xx.o
    0x08000298   0x08000298   0x00000008   Code   RO         6783  * !!!main             c_w.l(__main.o)
    0x080002a0   0x080002a0   0x00000034   Code   RO         7040    !!!scatter          c_w.l(__scatter.o)
    0x080002d4   0x080002d4   0x0000001a   Code   RO         7042    !!handler_copy      c_w.l(__scatter_copy.o)
    0x080002ee   0x080002ee   0x00000002   PAD
    0x080002f0   0x080002f0   0x0000001c   Code   RO         7044    !!handler_zi        c_w.l(__scatter_zi.o)
    0x0800030c   0x0800030c   0x00000000   Code   RO         6745    .ARM.Collect$$_printf_percent$$00000000  c_w.l(_printf_percent.o)
    0x0800030c   0x0800030c   0x00000006   Code   RO         6737    .ARM.Collect$$_printf_percent$$00000001  c_w.l(_printf_n.o)
    0x08000312   0x08000312   0x00000006   Code   RO         6739    .ARM.Collect$$_printf_percent$$00000002  c_w.l(_printf_p.o)
    0x08000318   0x08000318   0x00000006   Code   RO         6744    .ARM.Collect$$_printf_percent$$00000003  c_w.l(_printf_f.o)
    0x0800031e   0x0800031e   0x00000006   Code   RO         6741    .ARM.Collect$$_printf_percent$$00000008  c_w.l(_printf_i.o)
    0x08000324   0x08000324   0x00000006   Code   RO         6742    .ARM.Collect$$_printf_percent$$00000009  c_w.l(_printf_d.o)
    0x0800032a   0x0800032a   0x00000006   Code   RO         6743    .ARM.Collect$$_printf_percent$$0000000A  c_w.l(_printf_u.o)
    0x08000330   0x08000330   0x00000006   Code   RO         6740    .ARM.Collect$$_printf_percent$$0000000B  c_w.l(_printf_o.o)
    0x08000336   0x08000336   0x00000006   Code   RO         6738    .ARM.Collect$$_printf_percent$$0000000C  c_w.l(_printf_x.o)
    0x0800033c   0x0800033c   0x0000000a   Code   RO         6814    .ARM.Collect$$_printf_percent$$00000012  c_w.l(_printf_l.o)
    0x08000346   0x08000346   0x00000006   Code   RO         6735    .ARM.Collect$$_printf_percent$$00000013  c_w.l(_printf_c.o)
    0x0800034c   0x0800034c   0x00000006   Code   RO         6736    .ARM.Collect$$_printf_percent$$00000014  c_w.l(_printf_s.o)
    0x08000352   0x08000352   0x00000006   Code   RO         6746    .ARM.Collect$$_printf_percent$$00000015  c_w.l(_printf_lc.o)
    0x08000358   0x08000358   0x00000004   Code   RO         6813    .ARM.Collect$$_printf_percent$$00000017  c_w.l(_printf_percent_end.o)
    0x0800035c   0x0800035c   0x00000002   Code   RO         6911    .ARM.Collect$$libinit$$00000000  c_w.l(libinit.o)
    0x0800035e   0x0800035e   0x00000004   Code   RO         6912    .ARM.Collect$$libinit$$00000001  c_w.l(libinit2.o)
    0x08000362   0x08000362   0x00000000   Code   RO         6915    .ARM.Collect$$libinit$$00000004  c_w.l(libinit2.o)
    0x08000362   0x08000362   0x00000000   Code   RO         6918    .ARM.Collect$$libinit$$0000000A  c_w.l(libinit2.o)
    0x08000362   0x08000362   0x00000000   Code   RO         6920    .ARM.Collect$$libinit$$0000000C  c_w.l(libinit2.o)
    0x08000362   0x08000362   0x00000000   Code   RO         6922    .ARM.Collect$$libinit$$0000000E  c_w.l(libinit2.o)
    0x08000362   0x08000362   0x00000006   Code   RO         6923    .ARM.Collect$$libinit$$0000000F  c_w.l(libinit2.o)
    0x08000368   0x08000368   0x00000000   Code   RO         6925    .ARM.Collect$$libinit$$00000011  c_w.l(libinit2.o)
    0x08000368   0x08000368   0x0000000c   Code   RO         6926    .ARM.Collect$$libinit$$00000012  c_w.l(libinit2.o)
    0x08000374   0x08000374   0x00000000   Code   RO         6927    .ARM.Collect$$libinit$$00000013  c_w.l(libinit2.o)
    0x08000374   0x08000374   0x00000000   Code   RO         6929    .ARM.Collect$$libinit$$00000015  c_w.l(libinit2.o)
    0x08000374   0x08000374   0x0000000a   Code   RO         6930    .ARM.Collect$$libinit$$00000016  c_w.l(libinit2.o)
    0x0800037e   0x0800037e   0x00000000   Code   RO         6931    .ARM.Collect$$libinit$$00000017  c_w.l(libinit2.o)
    0x0800037e   0x0800037e   0x00000000   Code   RO         6933    .ARM.Collect$$libinit$$00000019  c_w.l(libinit2.o)
    0x0800037e   0x0800037e   0x00000000   Code   RO         6935    .ARM.Collect$$libinit$$0000001B  c_w.l(libinit2.o)
    0x0800037e   0x0800037e   0x00000000   Code   RO         6937    .ARM.Collect$$libinit$$0000001D  c_w.l(libinit2.o)
    0x0800037e   0x0800037e   0x00000000   Code   RO         6939    .ARM.Collect$$libinit$$0000001F  c_w.l(libinit2.o)
    0x0800037e   0x0800037e   0x00000000   Code   RO         6941    .ARM.Collect$$libinit$$00000021  c_w.l(libinit2.o)
    0x0800037e   0x0800037e   0x00000000   Code   RO         6943    .ARM.Collect$$libinit$$00000023  c_w.l(libinit2.o)
    0x0800037e   0x0800037e   0x00000000   Code   RO         6945    .ARM.Collect$$libinit$$00000025  c_w.l(libinit2.o)
    0x0800037e   0x0800037e   0x00000000   Code   RO         6949    .ARM.Collect$$libinit$$0000002C  c_w.l(libinit2.o)
    0x0800037e   0x0800037e   0x00000000   Code   RO         6951    .ARM.Collect$$libinit$$0000002E  c_w.l(libinit2.o)
    0x0800037e   0x0800037e   0x00000000   Code   RO         6953    .ARM.Collect$$libinit$$00000030  c_w.l(libinit2.o)
    0x0800037e   0x0800037e   0x00000000   Code   RO         6955    .ARM.Collect$$libinit$$00000032  c_w.l(libinit2.o)
    0x0800037e   0x0800037e   0x00000002   Code   RO         6956    .ARM.Collect$$libinit$$00000033  c_w.l(libinit2.o)
    0x08000380   0x08000380   0x00000002   Code   RO         7003    .ARM.Collect$$libshutdown$$00000000  c_w.l(libshutdown.o)
    0x08000382   0x08000382   0x00000000   Code   RO         7021    .ARM.Collect$$libshutdown$$00000002  c_w.l(libshutdown2.o)
    0x08000382   0x08000382   0x00000000   Code   RO         7023    .ARM.Collect$$libshutdown$$00000004  c_w.l(libshutdown2.o)
    0x08000382   0x08000382   0x00000000   Code   RO         7025    .ARM.Collect$$libshutdown$$00000006  c_w.l(libshutdown2.o)
    0x08000382   0x08000382   0x00000000   Code   RO         7028    .ARM.Collect$$libshutdown$$00000009  c_w.l(libshutdown2.o)
    0x08000382   0x08000382   0x00000000   Code   RO         7031    .ARM.Collect$$libshutdown$$0000000C  c_w.l(libshutdown2.o)
    0x08000382   0x08000382   0x00000000   Code   RO         7033    .ARM.Collect$$libshutdown$$0000000E  c_w.l(libshutdown2.o)
    0x08000382   0x08000382   0x00000000   Code   RO         7036    .ARM.Collect$$libshutdown$$00000011  c_w.l(libshutdown2.o)
    0x08000382   0x08000382   0x00000002   Code   RO         7037    .ARM.Collect$$libshutdown$$00000012  c_w.l(libshutdown2.o)
    0x08000384   0x08000384   0x00000000   Code   RO         6787    .ARM.Collect$$rtentry$$00000000  c_w.l(__rtentry.o)
    0x08000384   0x08000384   0x00000000   Code   RO         6831    .ARM.Collect$$rtentry$$00000002  c_w.l(__rtentry2.o)
    0x08000384   0x08000384   0x00000006   Code   RO         6843    .ARM.Collect$$rtentry$$00000004  c_w.l(__rtentry4.o)
    0x0800038a   0x0800038a   0x00000000   Code   RO         6833    .ARM.Collect$$rtentry$$00000009  c_w.l(__rtentry2.o)
    0x0800038a   0x0800038a   0x00000004   Code   RO         6834    .ARM.Collect$$rtentry$$0000000A  c_w.l(__rtentry2.o)
    0x0800038e   0x0800038e   0x00000000   Code   RO         6836    .ARM.Collect$$rtentry$$0000000C  c_w.l(__rtentry2.o)
    0x0800038e   0x0800038e   0x00000008   Code   RO         6837    .ARM.Collect$$rtentry$$0000000D  c_w.l(__rtentry2.o)
    0x08000396   0x08000396   0x00000002   Code   RO         6957    .ARM.Collect$$rtexit$$00000000  c_w.l(rtexit.o)
    0x08000398   0x08000398   0x00000000   Code   RO         6972    .ARM.Collect$$rtexit$$00000002  c_w.l(rtexit2.o)
    0x08000398   0x08000398   0x00000004   Code   RO         6973    .ARM.Collect$$rtexit$$00000003  c_w.l(rtexit2.o)
    0x0800039c   0x0800039c   0x00000006   Code   RO         6974    .ARM.Collect$$rtexit$$00000004  c_w.l(rtexit2.o)
    0x080003a2   0x080003a2   0x00000002   PAD
    0x080003a4   0x080003a4   0x00000048   Code   RO            4    .text               startup_stm32h743xx.o
    0x080003ec   0x080003ec   0x000000ee   Code   RO         6667    .text               c_w.l(lludivv7m.o)
    0x080004da   0x080004da   0x00000002   PAD
    0x080004dc   0x080004dc   0x00000038   Code   RO         6669    .text               c_w.l(__2snprintf.o)
    0x08000514   0x08000514   0x0000004e   Code   RO         6675    .text               c_w.l(_printf_pad.o)
    0x08000562   0x08000562   0x00000024   Code   RO         6677    .text               c_w.l(_printf_truncate.o)
    0x08000586   0x08000586   0x00000052   Code   RO         6679    .text               c_w.l(_printf_str.o)
    0x080005d8   0x080005d8   0x00000078   Code   RO         6681    .text               c_w.l(_printf_dec.o)
    0x08000650   0x08000650   0x00000028   Code   RO         6683    .text               c_w.l(_printf_charcount.o)
    0x08000678   0x08000678   0x000000bc   Code   RO         6685    .text               c_w.l(_printf_wctomb.o)
    0x08000734   0x08000734   0x00000050   Code   RO         6690    .text               c_w.l(_printf_oct_int.o)
    0x08000784   0x08000784   0x0000007c   Code   RO         6706    .text               c_w.l(_printf_hex_int_ptr.o)
    0x08000800   0x08000800   0x00000188   Code   RO         6732    .text               c_w.l(__printf_flags_ss_wp.o)
    0x08000988   0x08000988   0x0000003c   Code   RO         6747    .text               c_w.l(__0sscanf.o)
    0x080009c4   0x080009c4   0x0000014c   Code   RO         6749    .text               c_w.l(_scanf_int.o)
    0x08000b10   0x08000b10   0x00000070   Code   RO         6751    .text               c_w.l(strtol.o)
    0x08000b80   0x08000b80   0x00000072   Code   RO         6753    .text               c_w.l(strtoul.o)
    0x08000bf2   0x08000bf2   0x00000014   Code   RO         6755    .text               c_w.l(strchr.o)
    0x08000c06   0x08000c06   0x00000024   Code   RO         6757    .text               c_w.l(strstr.o)
    0x08000c2a   0x08000c2a   0x00000048   Code   RO         6759    .text               c_w.l(strcpy.o)
    0x08000c72   0x08000c72   0x00000016   Code   RO         6761    .text               c_w.l(strrchr.o)
    0x08000c88   0x08000c88   0x0000003e   Code   RO         6763    .text               c_w.l(strlen.o)
    0x08000cc6   0x08000cc6   0x00000096   Code   RO         6765    .text               c_w.l(strncmp.o)
    0x08000d5c   0x08000d5c   0x0000008a   Code   RO         6767    .text               c_w.l(rt_memcpy_v6.o)
    0x08000de6   0x08000de6   0x00000084   Code   RO         6769    .text               c_w.l(rt_memmove_v6.o)
    0x08000e6a   0x08000e6a   0x00000064   Code   RO         6771    .text               c_w.l(rt_memcpy_w.o)
    0x08000ece   0x08000ece   0x00000044   Code   RO         6773    .text               c_w.l(rt_memclr.o)
    0x08000f12   0x08000f12   0x0000004e   Code   RO         6775    .text               c_w.l(rt_memclr_w.o)
    0x08000f60   0x08000f60   0x00000056   Code   RO         6777    .text               c_w.l(strncpy.o)
    0x08000fb6   0x08000fb6   0x00000002   PAD
    0x08000fb8   0x08000fb8   0x00000068   Code   RO         6779    .text               c_w.l(strcmpv7m_pel.o)
    0x08001020   0x08001020   0x00000006   Code   RO         6781    .text               c_w.l(heapauxi.o)
    0x08001026   0x08001026   0x00000002   PAD
    0x08001028   0x08001028   0x00000010   Code   RO         6788    .text               c_w.l(rt_ctype_table.o)
    0x08001038   0x08001038   0x00000008   Code   RO         6797    .text               c_w.l(rt_errno_addr_intlibspace.o)
    0x08001040   0x08001040   0x000000b2   Code   RO         6799    .text               c_w.l(_printf_intcommon.o)
    0x080010f2   0x080010f2   0x0000041e   Code   RO         6801    .text               c_w.l(_printf_fp_dec.o)
    0x08001510   0x08001510   0x00000030   Code   RO         6803    .text               c_w.l(_printf_char_common.o)
    0x08001540   0x08001540   0x0000000a   Code   RO         6805    .text               c_w.l(_sputc.o)
    0x0800154a   0x0800154a   0x00000010   Code   RO         6807    .text               c_w.l(_snputc.o)
    0x0800155a   0x0800155a   0x0000002c   Code   RO         6809    .text               c_w.l(_printf_char.o)
    0x08001586   0x08001586   0x0000002c   Code   RO         6811    .text               c_w.l(_printf_wchar.o)
    0x080015b2   0x080015b2   0x0000001c   Code   RO         6815    .text               c_w.l(_chval.o)
    0x080015ce   0x080015ce   0x00000002   PAD
    0x080015d0   0x080015d0   0x0000002c   Code   RO         6817    .text               c_w.l(scanf_char.o)
    0x080015fc   0x080015fc   0x00000040   Code   RO         6819    .text               c_w.l(_sgetc.o)
    0x0800163c   0x0800163c   0x0000009e   Code   RO         6821    .text               c_w.l(_strtoul.o)
    0x080016da   0x080016da   0x00000040   Code   RO         6823    .text               c_w.l(_wcrtomb.o)
    0x0800171a   0x0800171a   0x0000007a   Code   RO         6825    .text               c_w.l(rt_memmove_w.o)
    0x08001794   0x08001794   0x00000008   Code   RO         6827    .text               c_w.l(libspace.o)
    0x0800179c   0x0800179c   0x00000008   Code   RO         6850    .text               c_w.l(rt_locale_intlibspace.o)
    0x080017a4   0x080017a4   0x0000008a   Code   RO         6852    .text               c_w.l(lludiv10.o)
    0x0800182e   0x0800182e   0x00000012   Code   RO         6854    .text               c_w.l(isspace.o)
    0x08001840   0x08001840   0x00000080   Code   RO         6856    .text               c_w.l(_printf_fp_infnan.o)
    0x080018c0   0x080018c0   0x00000374   Code   RO         6860    .text               c_w.l(_scanf.o)
    0x08001c34   0x08001c34   0x000000e4   Code   RO         6862    .text               c_w.l(bigflt0.o)
    0x08001d18   0x08001d18   0x0000004a   Code   RO         6898    .text               c_w.l(sys_stackheap_outer.o)
    0x08001d62   0x08001d62   0x00000012   Code   RO         6900    .text               c_w.l(exit.o)
    0x08001d74   0x08001d74   0x0000000c   Code   RO         6969    .text               c_w.l(sys_exit.o)
    0x08001d80   0x08001d80   0x00000002   Code   RO         6990    .text               c_w.l(use_no_semi.o)
    0x08001d82   0x08001d82   0x00000000   Code   RO         6992    .text               c_w.l(indicate_semi.o)
    0x08001d82   0x08001d82   0x0000003e   Code   RO         6865    CL$$btod_d2e        c_w.l(btod.o)
    0x08001dc0   0x08001dc0   0x00000046   Code   RO         6867    CL$$btod_d2e_denorm_low  c_w.l(btod.o)
    0x08001e06   0x08001e06   0x00000060   Code   RO         6866    CL$$btod_d2e_norm_op1  c_w.l(btod.o)
    0x08001e66   0x08001e66   0x00000338   Code   RO         6875    CL$$btod_div_common  c_w.l(btod.o)
    0x0800219e   0x0800219e   0x000000dc   Code   RO         6872    CL$$btod_e2e        c_w.l(btod.o)
    0x0800227a   0x0800227a   0x0000002a   Code   RO         6869    CL$$btod_ediv       c_w.l(btod.o)
    0x080022a4   0x080022a4   0x0000002a   Code   RO         6868    CL$$btod_emul       c_w.l(btod.o)
    0x080022ce   0x080022ce   0x00000244   Code   RO         6874    CL$$btod_mult_common  c_w.l(btod.o)
    0x08002512   0x08002512   0x00000002   PAD
    0x08002514   0x08002514   0x00000108   Code   RO          924    i.ADC_ConfigureBoostMode  stm32h7xx_hal_adc.o
    0x0800261c   0x0800261c   0x000000e4   Code   RO          925    i.ADC_ConversionStop  stm32h7xx_hal_adc.o
    0x08002700   0x08002700   0x00000070   Code   RO          929    i.ADC_Disable       stm32h7xx_hal_adc.o
    0x08002770   0x08002770   0x000000a8   Code   RO          930    i.ADC_Enable        stm32h7xx_hal_adc.o
    0x08002818   0x08002818   0x000000e8   Code   RO         6094    i.AirSensor_DecodeFrame  sensor_air_cj702.o
    0x08002900   0x08002900   0x0000001c   Code   RO         6095    i.AirSensor_Init    sensor_air_cj702.o
    0x0800291c   0x0800291c   0x00000008   Code   RO         6096    i.AirSensor_LastFrameHex  sensor_air_cj702.o
    0x08002924   0x08002924   0x0000010c   Code   RO         6097    i.AirSensor_Parse   sensor_air_cj702.o
    0x08002a30   0x08002a30   0x00000002   Code   RO         6098    i.AirSensor_Poll    sensor_air_cj702.o
    0x08002a32   0x08002a32   0x00000002   PAD
    0x08002a34   0x08002a34   0x00000060   Code   RO         6099    i.AirSensor_SaveFrameHex  sensor_air_cj702.o
    0x08002a94   0x08002a94   0x000000c4   Code   RO         5660    i.AppWeather_Init   app_weather.o
    0x08002b58   0x08002b58   0x0000002c   Code   RO         5661    i.AppWeather_SetModeText  app_weather.o
    0x08002b84   0x08002b84   0x00000074   Code   RO         5662    i.AppWeather_Task   app_weather.o
    0x08002bf8   0x08002bf8   0x00000430   Code   RO         4394    i.App_FillDeviceStatus  app_main.o
    0x08003028   0x08003028   0x0000008c   Code   RO         4395    i.App_GetDiagStageName  app_main.o
    0x080030b4   0x080030b4   0x00000028   Code   RO         4396    i.App_GetL610StatusText  app_main.o
    0x080030dc   0x080030dc   0x00000214   Code   RO         4398    i.App_L610DiagTask  app_main.o
    0x080032f0   0x080032f0   0x0000007c   Code   RO         4399    i.App_L610Diag_Advance  app_main.o
    0x0800336c   0x0800336c   0x00000050   Code   RO         4400    i.App_L610Diag_SetLast  app_main.o
    0x080033bc   0x080033bc   0x000000e8   Code   RO         4402    i.App_MainInit      app_main.o
    0x080034a4   0x080034a4   0x000000b8   Code   RO         4403    i.App_MainTask      app_main.o
    0x0800355c   0x0800355c   0x00000040   Code   RO         4404    i.App_PrintBootStage  app_main.o
    0x0800359c   0x0800359c   0x00000090   Code   RO         4405    i.App_PrintDiagBanner  app_main.o
    0x0800362c   0x0800362c   0x00000040   Code   RO         4406    i.App_PrintDiagStep  app_main.o
    0x0800366c   0x0800366c   0x00000054   Code   RO         4407    i.App_PrintMQTTStage  app_main.o
    0x080036c0   0x080036c0   0x00000024   Code   RO         4408    i.App_PrintText     app_main.o
    0x080036e4   0x080036e4   0x00000028   Code   RO         5727    i.BSP_Uart_GetRxCount  bsp_uart.o
    0x0800370c   0x0800370c   0x00000028   Code   RO         5728    i.BSP_Uart_GetRxErrorCount  bsp_uart.o
    0x08003734   0x08003734   0x00000050   Code   RO         5729    i.BSP_Uart_Init     bsp_uart.o
    0x08003784   0x08003784   0x0000000e   Code   RO         5731    i.BSP_Uart_StartRecvIT  bsp_uart.o
    0x08003792   0x08003792   0x00000002   PAD
    0x08003794   0x08003794   0x00000058   Code   RO         5803    i.BoardRS485_DelayUs  board_rs485.o
    0x080037ec   0x080037ec   0x00000042   Code   RO         5804    i.BoardRS485_I2C_SendByte  board_rs485.o
    0x0800382e   0x0800382e   0x0000002e   Code   RO         5805    i.BoardRS485_I2C_Start  board_rs485.o
    0x0800385c   0x0800385c   0x0000002e   Code   RO         5806    i.BoardRS485_I2C_Stop  board_rs485.o
    0x0800388a   0x0800388a   0x00000002   PAD
    0x0800388c   0x0800388c   0x00000050   Code   RO         5807    i.BoardRS485_I2C_WaitAck  board_rs485.o
    0x080038dc   0x080038dc   0x000000b8   Code   RO         5808    i.BoardRS485_Init   board_rs485.o
    0x08003994   0x08003994   0x00000034   Code   RO         5810    i.BoardRS485_PCF8574_WriteState  board_rs485.o
    0x080039c8   0x080039c8   0x00000014   Code   RO         5811    i.BoardRS485_SCL    board_rs485.o
    0x080039dc   0x080039dc   0x00000014   Code   RO         5812    i.BoardRS485_SDA    board_rs485.o
    0x080039f0   0x080039f0   0x00000018   Code   RO         5813    i.BoardRS485_SDA_Output  board_rs485.o
    0x08003a08   0x08003a08   0x00000024   Code   RO         5814    i.BoardRS485_SetTxMode  board_rs485.o
    0x08003a2c   0x08003a2c   0x0000007c   Code   RO         5815    i.BoardRS485_Transmit  board_rs485.o
    0x08003aa8   0x08003aa8   0x00000002   Code   RO          510    i.BusFault_Handler  stm32h7xx_it.o
    0x08003aaa   0x08003aaa   0x00000002   PAD
    0x08003aac   0x08003aac   0x00000020   Code   RO         4978    i.Console_ClearCommandBuffer  console.o
    0x08003acc   0x08003acc   0x00000010   Code   RO         4979    i.Console_ClearRxRing  console.o
    0x08003adc   0x08003adc   0x00000060   Code   RO         4980    i.Console_HandleRxByte  console.o
    0x08003b3c   0x08003b3c   0x0000003c   Code   RO         4981    i.Console_Init      console.o
    0x08003b78   0x08003b78   0x0000001c   Code   RO         4982    i.Console_IsBackgroundPauseActive  console.o
    0x08003b94   0x08003b94   0x0000002c   Code   RO         4983    i.Console_OnUartError  console.o
    0x08003bc0   0x08003bc0   0x0000003c   Code   RO         4984    i.Console_OnUartRxCplt  console.o
    0x08003bfc   0x08003bfc   0x0000011c   Code   RO         4985    i.Console_ProcessPendingCommand  console.o
    0x08003d18   0x08003d18   0x00000018   Code   RO         4986    i.Console_RequestBackgroundPause  console.o
    0x08003d30   0x08003d30   0x00000018   Code   RO         4987    i.Console_StartRecvIT  console.o
    0x08003d48   0x08003d48   0x0000005c   Code   RO         4988    i.Console_Task      console.o
    0x08003da4   0x08003da4   0x00000034   Code   RO         4989    i.Console_Write     console.o
    0x08003dd8   0x08003dd8   0x00000002   Code   RO          511    i.DMA1_Stream0_IRQHandler  stm32h7xx_it.o
    0x08003dda   0x08003dda   0x00000002   Code   RO          512    i.DebugMon_Handler  stm32h7xx_it.o
    0x08003ddc   0x08003ddc   0x00000004   Code   RO           13    i.Error_Handler     main.o
    0x08003de0   0x08003de0   0x0000001c   Code   RO         4351    i.ExitRun0Mode      system_stm32h7xx.o
    0x08003dfc   0x08003dfc   0x00000040   Code   RO          782    i.FMC_NORSRAM_Extended_Timing_Init  stm32h7xx_ll_fmc.o
    0x08003e3c   0x08003e3c   0x00000094   Code   RO          783    i.FMC_NORSRAM_Init  stm32h7xx_ll_fmc.o
    0x08003ed0   0x08003ed0   0x00000060   Code   RO          784    i.FMC_NORSRAM_Timing_Init  stm32h7xx_ll_fmc.o
    0x08003f30   0x08003f30   0x0000009c   Code   RO         1141    i.HAL_ADCEx_Calibration_Start  stm32h7xx_hal_adc_ex.o
    0x08003fcc   0x08003fcc   0x00000128   Code   RO         1161    i.HAL_ADCEx_MultiModeConfigChannel  stm32h7xx_hal_adc_ex.o
    0x080040f4   0x080040f4   0x00000420   Code   RO          932    i.HAL_ADC_ConfigChannel  stm32h7xx_hal_adc.o
    0x08004514   0x08004514   0x00000006   Code   RO          939    i.HAL_ADC_GetValue  stm32h7xx_hal_adc.o
    0x0800451a   0x0800451a   0x00000002   PAD
    0x0800451c   0x0800451c   0x00000228   Code   RO          941    i.HAL_ADC_Init      stm32h7xx_hal_adc.o
    0x08004744   0x08004744   0x00000098   Code   RO          346    i.HAL_ADC_MspInit   adc.o
    0x080047dc   0x080047dc   0x00000124   Code   RO          945    i.HAL_ADC_PollForConversion  stm32h7xx_hal_adc.o
    0x08004900   0x08004900   0x00000108   Code   RO          947    i.HAL_ADC_Start     stm32h7xx_hal_adc.o
    0x08004a08   0x08004a08   0x0000003e   Code   RO          950    i.HAL_ADC_Stop      stm32h7xx_hal_adc.o
    0x08004a46   0x08004a46   0x00000002   PAD
    0x08004a48   0x08004a48   0x00000360   Code   RO         2012    i.HAL_DMA_Abort     stm32h7xx_hal_dma.o
    0x08004da8   0x08004da8   0x0000021c   Code   RO         2013    i.HAL_DMA_Abort_IT  stm32h7xx_hal_dma.o
    0x08004fc4   0x08004fc4   0x00000004   Code   RO         2015    i.HAL_DMA_GetError  stm32h7xx_hal_dma.o
    0x08004fc8   0x08004fc8   0x00000024   Code   RO         2874    i.HAL_Delay         stm32h7xx_hal.o
    0x08004fec   0x08004fec   0x00000234   Code   RO         1860    i.HAL_GPIO_Init     stm32h7xx_hal_gpio.o
    0x08005220   0x08005220   0x0000000a   Code   RO         1862    i.HAL_GPIO_ReadPin  stm32h7xx_hal_gpio.o
    0x0800522a   0x0800522a   0x0000000a   Code   RO         1864    i.HAL_GPIO_WritePin  stm32h7xx_hal_gpio.o
    0x08005234   0x08005234   0x0000000c   Code   RO         2885    i.HAL_GetREVID      stm32h7xx_hal.o
    0x08005240   0x08005240   0x0000000c   Code   RO         2886    i.HAL_GetTick       stm32h7xx_hal.o
    0x0800524c   0x0800524c   0x00000010   Code   RO         2892    i.HAL_IncTick       stm32h7xx_hal.o
    0x0800525c   0x0800525c   0x0000005c   Code   RO         2893    i.HAL_Init          stm32h7xx_hal.o
    0x080052b8   0x080052b8   0x00000040   Code   RO         2894    i.HAL_InitTick      stm32h7xx_hal.o
    0x080052f8   0x080052f8   0x0000005c   Code   RO         2715    i.HAL_MPU_ConfigRegion  stm32h7xx_hal_cortex.o
    0x08005354   0x08005354   0x0000001c   Code   RO         2716    i.HAL_MPU_Disable   stm32h7xx_hal_cortex.o
    0x08005370   0x08005370   0x00000024   Code   RO         2718    i.HAL_MPU_Enable    stm32h7xx_hal_cortex.o
    0x08005394   0x08005394   0x0000001c   Code   RO          615    i.HAL_MspInit       stm32h7xx_hal_msp.o
    0x080053b0   0x080053b0   0x0000001a   Code   RO         2722    i.HAL_NVIC_EnableIRQ  stm32h7xx_hal_cortex.o
    0x080053ca   0x080053ca   0x00000002   PAD
    0x080053cc   0x080053cc   0x00000040   Code   RO         2728    i.HAL_NVIC_SetPriority  stm32h7xx_hal_cortex.o
    0x0800540c   0x0800540c   0x00000024   Code   RO         2729    i.HAL_NVIC_SetPriorityGrouping  stm32h7xx_hal_cortex.o
    0x08005430   0x08005430   0x00000054   Code   RO         2461    i.HAL_PWREx_ConfigSupply  stm32h7xx_hal_pwr_ex.o
    0x08005484   0x08005484   0x00000024   Code   RO         1481    i.HAL_RCCEx_GetD3PCLK1Freq  stm32h7xx_hal_rcc_ex.o
    0x080054a8   0x080054a8   0x00000148   Code   RO         1482    i.HAL_RCCEx_GetPLL1ClockFreq  stm32h7xx_hal_rcc_ex.o
    0x080055f0   0x080055f0   0x00000144   Code   RO         1483    i.HAL_RCCEx_GetPLL2ClockFreq  stm32h7xx_hal_rcc_ex.o
    0x08005734   0x08005734   0x00000144   Code   RO         1484    i.HAL_RCCEx_GetPLL3ClockFreq  stm32h7xx_hal_rcc_ex.o
    0x08005878   0x08005878   0x000002c8   Code   RO         1486    i.HAL_RCCEx_GetPeriphCLKFreq  stm32h7xx_hal_rcc_ex.o
    0x08005b40   0x08005b40   0x000009ac   Code   RO         1490    i.HAL_RCCEx_PeriphCLKConfig  stm32h7xx_hal_rcc_ex.o
    0x080064ec   0x080064ec   0x0000025c   Code   RO         1366    i.HAL_RCC_ClockConfig  stm32h7xx_hal_rcc.o
    0x08006748   0x08006748   0x00000044   Code   RO         1371    i.HAL_RCC_GetHCLKFreq  stm32h7xx_hal_rcc.o
    0x0800678c   0x0800678c   0x00000024   Code   RO         1373    i.HAL_RCC_GetPCLK1Freq  stm32h7xx_hal_rcc.o
    0x080067b0   0x080067b0   0x00000024   Code   RO         1374    i.HAL_RCC_GetPCLK2Freq  stm32h7xx_hal_rcc.o
    0x080067d4   0x080067d4   0x00000138   Code   RO         1375    i.HAL_RCC_GetSysClockFreq  stm32h7xx_hal_rcc.o
    0x0800690c   0x0800690c   0x00000582   Code   RO         1378    i.HAL_RCC_OscConfig  stm32h7xx_hal_rcc.o
    0x08006e8e   0x08006e8e   0x00000002   PAD
    0x08006e90   0x08006e90   0x0000006c   Code   RO          643    i.HAL_SRAM_Init     stm32h7xx_hal_sram.o
    0x08006efc   0x08006efc   0x00000002   Code   RO          645    i.HAL_SRAM_MspInit  stm32h7xx_hal_sram.o
    0x08006efe   0x08006efe   0x00000026   Code   RO         2733    i.HAL_SYSTICK_Config  stm32h7xx_hal_cortex.o
    0x08006f24   0x08006f24   0x00000040   Code   RO         4233    i.HAL_UARTEx_DisableFifoMode  stm32h7xx_hal_uart_ex.o
    0x08006f64   0x08006f64   0x00000002   Code   RO         3822    i.HAL_UARTEx_RxEventCallback  stm32h7xx_hal_uart.o
    0x08006f66   0x08006f66   0x00000002   Code   RO         4241    i.HAL_UARTEx_RxFifoFullCallback  stm32h7xx_hal_uart_ex.o
    0x08006f68   0x08006f68   0x0000004c   Code   RO         4242    i.HAL_UARTEx_SetRxFifoThreshold  stm32h7xx_hal_uart_ex.o
    0x08006fb4   0x08006fb4   0x0000004c   Code   RO         4243    i.HAL_UARTEx_SetTxFifoThreshold  stm32h7xx_hal_uart_ex.o
    0x08007000   0x08007000   0x00000002   Code   RO         4245    i.HAL_UARTEx_TxFifoEmptyCallback  stm32h7xx_hal_uart_ex.o
    0x08007002   0x08007002   0x00000002   Code   RO         4246    i.HAL_UARTEx_WakeupCallback  stm32h7xx_hal_uart_ex.o
    0x08007004   0x08007004   0x000000a8   Code   RO         3825    i.HAL_UART_AbortReceive  stm32h7xx_hal_uart.o
    0x080070ac   0x080070ac   0x00000070   Code   RO         5732    i.HAL_UART_ErrorCallback  bsp_uart.o
    0x0800711c   0x0800711c   0x0000039c   Code   RO         3841    i.HAL_UART_IRQHandler  stm32h7xx_hal_uart.o
    0x080074b8   0x080074b8   0x0000006a   Code   RO         3842    i.HAL_UART_Init     stm32h7xx_hal_uart.o
    0x08007522   0x08007522   0x00000002   PAD
    0x08007524   0x08007524   0x000001f0   Code   RO          451    i.HAL_UART_MspInit  usart.o
    0x08007714   0x08007714   0x000000f4   Code   RO         3845    i.HAL_UART_Receive  stm32h7xx_hal_uart.o
    0x08007808   0x08007808   0x00000048   Code   RO         3847    i.HAL_UART_Receive_IT  stm32h7xx_hal_uart.o
    0x08007850   0x08007850   0x00000070   Code   RO         5733    i.HAL_UART_RxCpltCallback  bsp_uart.o
    0x080078c0   0x080078c0   0x000000b8   Code   RO         3851    i.HAL_UART_Transmit  stm32h7xx_hal_uart.o
    0x08007978   0x08007978   0x00000002   Code   RO         3854    i.HAL_UART_TxCpltCallback  stm32h7xx_hal_uart.o
    0x0800797a   0x0800797a   0x00000002   Code   RO          513    i.HardFault_Handler  stm32h7xx_it.o
    0x0800797c   0x0800797c   0x0000003c   Code   RO         4625    i.Key_Scan          key.o
    0x080079b8   0x080079b8   0x00000030   Code   RO         4652    i.L610_BeginSession  l610.o
    0x080079e8   0x080079e8   0x00000064   Code   RO         4653    i.L610_CheckCGATT   l610.o
    0x08007a4c   0x08007a4c   0x0000006c   Code   RO         4654    i.L610_CheckCGREG   l610.o
    0x08007ab8   0x08007ab8   0x0000006c   Code   RO         4655    i.L610_CheckCREG    l610.o
    0x08007b24   0x08007b24   0x00000024   Code   RO         4656    i.L610_CheckSIM     l610.o
    0x08007b48   0x08007b48   0x0000001c   Code   RO         4657    i.L610_ClearBuffer  l610.o
    0x08007b64   0x08007b64   0x0000001c   Code   RO         4658    i.L610_ClearInfoCache  l610.o
    0x08007b80   0x08007b80   0x00000020   Code   RO         4659    i.L610_DebugPrint   l610.o
    0x08007ba0   0x08007ba0   0x0000001c   Code   RO         4660    i.L610_DebugPrintBuffer  l610.o
    0x08007bbc   0x08007bbc   0x00000024   Code   RO         4661    i.L610_EndSession   l610.o
    0x08007be0   0x08007be0   0x00000038   Code   RO         4662    i.L610_FlushRx      l610.o
    0x08007c18   0x08007c18   0x00000008   Code   RO         4663    i.L610_GetBuffer    l610.o
    0x08007c20   0x08007c20   0x00000060   Code   RO         4664    i.L610_GetCSQ       l610.o
    0x08007c80   0x08007c80   0x0000002c   Code   RO         4665    i.L610_GetCachedInfo  l610.o
    0x08007cac   0x08007cac   0x00000074   Code   RO         4667    i.L610_GetIPAddress  l610.o
    0x08007d20   0x08007d20   0x000000b4   Code   RO         4668    i.L610_GetInfo      l610.o
    0x08007dd4   0x08007dd4   0x00000070   Code   RO         4669    i.L610_GetOperator  l610.o
    0x08007e44   0x08007e44   0x00000048   Code   RO         4671    i.L610_GetOwnerString  l610.o
    0x08007e8c   0x08007e8c   0x0000002c   Code   RO         4672    i.L610_Init         l610.o
    0x08007eb8   0x08007eb8   0x00000138   Code   RO         5075    i.L610_MQTT_BuildStatusJson  l610_mqtt.o
    0x08007ff0   0x08007ff0   0x000000c4   Code   RO         5077    i.L610_MQTT_Close   l610_mqtt.o
    0x080080b4   0x080080b4   0x000002c4   Code   RO         5078    i.L610_MQTT_Connect  l610_mqtt.o
    0x08008378   0x08008378   0x00000014   Code   RO         5079    i.L610_MQTT_GetConfig  l610_mqtt.o
    0x0800838c   0x0800838c   0x00000008   Code   RO         5080    i.L610_MQTT_GetLastLine  l610_mqtt.o
    0x08008394   0x08008394   0x0000000c   Code   RO         5082    i.L610_MQTT_GetLastResultCode  l610_mqtt.o
    0x080083a0   0x080083a0   0x00000008   Code   RO         5083    i.L610_MQTT_GetLastRx  l610_mqtt.o
    0x080083a8   0x080083a8   0x00000008   Code   RO         5084    i.L610_MQTT_GetLastStageDetail  l610_mqtt.o
    0x080083b0   0x080083b0   0x0000000c   Code   RO         5085    i.L610_MQTT_GetLastStatusPublishOk  l610_mqtt.o
    0x080083bc   0x080083bc   0x0000000c   Code   RO         5086    i.L610_MQTT_GetLastStatusPublishTick  l610_mqtt.o
    0x080083c8   0x080083c8   0x00000008   Code   RO         5087    i.L610_MQTT_GetLastTx  l610_mqtt.o
    0x080083d0   0x080083d0   0x0000000c   Code   RO         5088    i.L610_MQTT_GetState  l610_mqtt.o
    0x080083dc   0x080083dc   0x000000ac   Code   RO         5089    i.L610_MQTT_GetStateString  l610_mqtt.o
    0x08008488   0x08008488   0x0000007c   Code   RO         5090    i.L610_MQTT_GetStatusString  l610_mqtt.o
    0x08008504   0x08008504   0x000001c8   Code   RO         5091    i.L610_MQTT_HandleCommand  l610_mqtt.o
    0x080086cc   0x080086cc   0x000000e0   Code   RO         5093    i.L610_MQTT_Init    l610_mqtt.o
    0x080087ac   0x080087ac   0x00000014   Code   RO         5094    i.L610_MQTT_IsConnected  l610_mqtt.o
    0x080087c0   0x080087c0   0x00000198   Code   RO         5096    i.L610_MQTT_LoadDefaultConfig  l610_mqtt.o
    0x08008958   0x08008958   0x000000f6   Code   RO         5097    i.L610_MQTT_ParseIncoming  l610_mqtt.o
    0x08008a4e   0x08008a4e   0x00000006   Code   RO         5098    i.L610_MQTT_PrepareNet  l610_mqtt.o
    0x08008a54   0x08008a54   0x00000158   Code   RO         5099    i.L610_MQTT_PrepareNetWithAPN  l610_mqtt.o
    0x08008bac   0x08008bac   0x000004c8   Code   RO         5100    i.L610_MQTT_ProcessLine  l610_mqtt.o
    0x08009074   0x08009074   0x000000e4   Code   RO         5102    i.L610_MQTT_PublishCommandResponse  l610_mqtt.o
    0x08009158   0x08009158   0x00000054   Code   RO         5104    i.L610_MQTT_PublishEx  l610_mqtt.o
    0x080091ac   0x080091ac   0x0000007c   Code   RO         5105    i.L610_MQTT_PublishOnlineState  l610_mqtt.o
    0x08009228   0x08009228   0x000001c8   Code   RO         5109    i.L610_MQTT_RequestIP  l610_mqtt.o
    0x080093f0   0x080093f0   0x0000007c   Code   RO         5111    i.L610_MQTT_SetAPN  l610_mqtt.o
    0x0800946c   0x0800946c   0x0000000a   Code   RO         5114    i.L610_MQTT_SetIncomingCommand  l610_mqtt.o
    0x08009476   0x08009476   0x00000002   PAD
    0x08009478   0x08009478   0x000000dc   Code   RO         5117    i.L610_MQTT_SetUser  l610_mqtt.o
    0x08009554   0x08009554   0x00000118   Code   RO         5118    i.L610_MQTT_Subscribe  l610_mqtt.o
    0x0800966c   0x0800966c   0x00000014   Code   RO         5119    i.L610_MQTT_SubscribeCmd  l610_mqtt.o
    0x08009680   0x08009680   0x00000028   Code   RO         5120    i.L610_MQTT_TLS_ConfigMode  l610_mqtt.o
    0x080096a8   0x080096a8   0x00000068   Code   RO         5122    i.L610_MQTT_TLS_SetVersionTLS12  l610_mqtt.o
    0x08009710   0x08009710   0x000000bc   Code   RO         5123    i.L610_MQTT_Task    l610_mqtt.o
    0x080097cc   0x080097cc   0x00000010   Code   RO         4673    i.L610_PowerKeySet  l610.o
    0x080097dc   0x080097dc   0x00000024   Code   RO         4674    i.L610_PrintBuffer  l610.o
    0x08009800   0x08009800   0x00000058   Code   RO         4675    i.L610_PrintInfo    l610.o
    0x08009858   0x08009858   0x000000b4   Code   RO         4676    i.L610_ReadRawResponse  l610.o
    0x0800990c   0x0800990c   0x00000098   Code   RO         4677    i.L610_ReadResponse  l610.o
    0x080099a4   0x080099a4   0x000001d0   Code   RO         4678    i.L610_SelfTest     l610.o
    0x08009b74   0x08009b74   0x0000001a   Code   RO         4679    i.L610_SendAndWait  l610.o
    0x08009b8e   0x08009b8e   0x00000002   PAD
    0x08009b90   0x08009b90   0x00000024   Code   RO         4680    i.L610_SendCmd      l610.o
    0x08009bb4   0x08009bb4   0x00000050   Code   RO         4681    i.L610_SendCmdLine  l610.o
    0x08009c04   0x08009c04   0x0000001e   Code   RO         4682    i.L610_SendRawCommand  l610.o
    0x08009c22   0x08009c22   0x0000001a   Code   RO         4683    i.L610_SendSimpleCommand  l610.o
    0x08009c3c   0x08009c3c   0x00000060   Code   RO         4684    i.L610_SetEchoOff   l610.o
    0x08009c9c   0x08009c9c   0x00000104   Code   RO         4686    i.L610_Sync         l610.o
    0x08009da0   0x08009da0   0x0000005c   Code   RO         4687    i.L610_TestAT       l610.o
    0x08009dfc   0x08009dfc   0x0000000c   Code   RO         6579    i.LCD_DebugUI_GetRefreshCount  lcd_debug_ui.o
    0x08009e08   0x08009e08   0x0000000c   Code   RO         6580    i.LCD_DebugUI_GetRefreshTick  lcd_debug_ui.o
    0x08009e14   0x08009e14   0x00000028   Code   RO         6581    i.LCD_DebugUI_Init  lcd_debug_ui.o
    0x08009e3c   0x08009e3c   0x0000009c   Code   RO         6582    i.LCD_DebugUI_Task  lcd_debug_ui.o
    0x08009ed8   0x08009ed8   0x00000002   Code   RO         6237    i.LCD_Port_BeginFrame  lcd_port.o
    0x08009eda   0x08009eda   0x00000002   PAD
    0x08009edc   0x08009edc   0x00000028   Code   RO         6238    i.LCD_Port_Clear    lcd_port.o
    0x08009f04   0x08009f04   0x0000007c   Code   RO         6239    i.LCD_Port_DrawRect  lcd_port.o
    0x08009f80   0x08009f80   0x00000040   Code   RO         6240    i.LCD_Port_DrawText  lcd_port.o
    0x08009fc0   0x08009fc0   0x00000002   Code   RO         6241    i.LCD_Port_EndFrame  lcd_port.o
    0x08009fc2   0x08009fc2   0x00000020   Code   RO         6242    i.LCD_Port_FillRect  lcd_port.o
    0x08009fe2   0x08009fe2   0x00000002   PAD
    0x08009fe4   0x08009fe4   0x0000000c   Code   RO         6243    i.LCD_Port_GetDisplayDir  lcd_port.o
    0x08009ff0   0x08009ff0   0x0000000c   Code   RO         6244    i.LCD_Port_GetHeight  lcd_port.o
    0x08009ffc   0x08009ffc   0x0000000c   Code   RO         6245    i.LCD_Port_GetWidth  lcd_port.o
    0x0800a008   0x0800a008   0x00000080   Code   RO         6246    i.LCD_Port_Init     lcd_port.o
    0x0800a088   0x0800a088   0x0000000c   Code   RO         6247    i.LCD_Port_IsReady  lcd_port.o
    0x0800a094   0x0800a094   0x0000002c   Code   RO         6248    i.LCD_Port_SetBacklight  lcd_port.o
    0x0800a0c0   0x0800a0c0   0x00000060   Code   RO         6403    i.LCD_Touch_Init    lcd_touch.o
    0x0800a120   0x0800a120   0x000000c8   Code   RO         6404    i.LCD_Touch_Read    lcd_touch.o
    0x0800a1e8   0x0800a1e8   0x00000012   Code   RO         6504    i.LCD_UI_ModelUpdate  lcd_ui_model.o
    0x0800a1fa   0x0800a1fa   0x00000002   PAD
    0x0800a1fc   0x0800a1fc   0x00000054   Code   RO         6519    i.LCD_UI_RenderPage  lcd_ui_pages.o
    0x0800a250   0x0800a250   0x00000008   Code   RO          953    i.LL_ADC_INJ_IsConversionOngoing  stm32h7xx_hal_adc.o
    0x0800a258   0x0800a258   0x00000008   Code   RO          954    i.LL_ADC_REG_IsConversionOngoing  stm32h7xx_hal_adc.o
    0x0800a260   0x0800a260   0x00000008   Code   RO         1171    i.LL_ADC_REG_IsConversionOngoing  stm32h7xx_hal_adc_ex.o
    0x0800a268   0x0800a268   0x00000010   Code   RO          955    i.LL_ADC_REG_IsTriggerSourceSWStart  stm32h7xx_hal_adc.o
    0x0800a278   0x0800a278   0x000000b4   Code   RO         5124    i.MQTT_BestEffortCloseSession  l610_mqtt.o
    0x0800a32c   0x0800a32c   0x00000088   Code   RO         5125    i.MQTT_CheckIPAlreadyReady  l610_mqtt.o
    0x0800a3b4   0x0800a3b4   0x00000120   Code   RO         5126    i.MQTT_CheckKeywordResult  l610_mqtt.o
    0x0800a4d4   0x0800a4d4   0x00000020   Code   RO         5127    i.MQTT_ClearAsyncBuffer  l610_mqtt.o
    0x0800a4f4   0x0800a4f4   0x0000000e   Code   RO         5128    i.MQTT_ClearCommandRequest  l610_mqtt.o
    0x0800a502   0x0800a502   0x00000002   PAD
    0x0800a504   0x0800a504   0x0000001c   Code   RO         5129    i.MQTT_ClearLastMessageInternal  l610_mqtt.o
    0x0800a520   0x0800a520   0x00000028   Code   RO         5130    i.MQTT_ClearTxQueue  l610_mqtt.o
    0x0800a548   0x0800a548   0x00000084   Code   RO         5131    i.MQTT_CopySegmentTrim  l610_mqtt.o
    0x0800a5cc   0x0800a5cc   0x00000024   Code   RO         5132    i.MQTT_DebugPrint   l610_mqtt.o
    0x0800a5f0   0x0800a5f0   0x00000028   Code   RO         5133    i.MQTT_DebugPrintLine  l610_mqtt.o
    0x0800a618   0x0800a618   0x00000070   Code   RO         5134    i.MQTT_DequeueCommand  l610_mqtt.o
    0x0800a688   0x0800a688   0x00000010   Code   RO         5135    i.MQTT_EmitEvent    l610_mqtt.o
    0x0800a698   0x0800a698   0x00000078   Code   RO         5136    i.MQTT_EnqueueCommandRequest  l610_mqtt.o
    0x0800a710   0x0800a710   0x00000074   Code   RO         5137    i.MQTT_EnqueueLegacyCommand  l610_mqtt.o
    0x0800a784   0x0800a784   0x0000006a   Code   RO         5138    i.MQTT_EscapeForAT  l610_mqtt.o
    0x0800a7ee   0x0800a7ee   0x0000007c   Code   RO         5139    i.MQTT_EscapeJson   l610_mqtt.o
    0x0800a86a   0x0800a86a   0x00000002   PAD
    0x0800a86c   0x0800a86c   0x0000002c   Code   RO         5140    i.MQTT_FindIncomingPrefix  l610_mqtt.o
    0x0800a898   0x0800a898   0x00000048   Code   RO         5141    i.MQTT_FindKnownCommandToken  l610_mqtt.o
    0x0800a8e0   0x0800a8e0   0x00000068   Code   RO         5142    i.MQTT_FindQueuedTopicIndex  l610_mqtt.o
    0x0800a948   0x0800a948   0x000000b4   Code   RO         5143    i.MQTT_FinishQueuedPublish  l610_mqtt.o
    0x0800a9fc   0x0800a9fc   0x00000028   Code   RO         5144    i.MQTT_FormatTimestamp  l610_mqtt.o
    0x0800aa24   0x0800aa24   0x000000a4   Code   RO         5145    i.MQTT_HandlePublishTimeout  l610_mqtt.o
    0x0800aac8   0x0800aac8   0x0000002c   Code   RO         5146    i.MQTT_HasNonZeroIP  l610_mqtt.o
    0x0800aaf4   0x0800aaf4   0x0000001c   Code   RO         5147    i.MQTT_IsOnlineTopic  l610_mqtt.o
    0x0800ab10   0x0800ab10   0x0000001c   Code   RO         5148    i.MQTT_IsStatusTopic  l610_mqtt.o
    0x0800ab2c   0x0800ab2c   0x000000f8   Code   RO         5149    i.MQTT_LineLooksProcessable  l610_mqtt.o
    0x0800ac24   0x0800ac24   0x000000a0   Code   RO         5150    i.MQTT_LogFailureContext  l610_mqtt.o
    0x0800acc4   0x0800acc4   0x00000054   Code   RO         5151    i.MQTT_LogRelaySnapshot  l610_mqtt.o
    0x0800ad18   0x0800ad18   0x0000004c   Code   RO         5152    i.MQTT_LogTx        l610_mqtt.o
    0x0800ad64   0x0800ad64   0x00000094   Code   RO         5153    i.MQTT_MIPCALLHasValidIP  l610_mqtt.o
    0x0800adf8   0x0800adf8   0x000000f8   Code   RO         5154    i.MQTT_MapLegacyCommand  l610_mqtt.o
    0x0800aef0   0x0800aef0   0x00000370   Code   RO         5155    i.MQTT_ParseIncomingCommandPayload  l610_mqtt.o
    0x0800b260   0x0800b260   0x00000078   Code   RO         5156    i.MQTT_ParseJsonIntField  l610_mqtt.o
    0x0800b2d8   0x0800b2d8   0x000000c4   Code   RO         5157    i.MQTT_ParseJsonStringField  l610_mqtt.o
    0x0800b39c   0x0800b39c   0x0000003c   Code   RO         5158    i.MQTT_ParseTrailingResultCode  l610_mqtt.o
    0x0800b3d8   0x0800b3d8   0x00000064   Code   RO         5159    i.MQTT_ProcessAsyncLineBuffer  l610_mqtt.o
    0x0800b43c   0x0800b43c   0x0000007c   Code   RO         5160    i.MQTT_ProcessPendingCommand  l610_mqtt.o
    0x0800b4b8   0x0800b4b8   0x00000100   Code   RO         5161    i.MQTT_QueuePublish  l610_mqtt.o
    0x0800b5b8   0x0800b5b8   0x00000088   Code   RO         5162    i.MQTT_ReadLineResponse  l610_mqtt.o
    0x0800b640   0x0800b640   0x000000a0   Code   RO         5164    i.MQTT_ResetIPSession  l610_mqtt.o
    0x0800b6e0   0x0800b6e0   0x00000020   Code   RO         5165    i.MQTT_ResetStatusTracking  l610_mqtt.o
    0x0800b700   0x0800b700   0x000000d4   Code   RO         5166    i.MQTT_RunLinkMaintenance  l610_mqtt.o
    0x0800b7d4   0x0800b7d4   0x00000070   Code   RO         5167    i.MQTT_RunRealtimeStatusPublisher  l610_mqtt.o
    0x0800b844   0x0800b844   0x00000028   Code   RO         5168    i.MQTT_SafeCopy     l610_mqtt.o
    0x0800b86c   0x0800b86c   0x000000c0   Code   RO         5169    i.MQTT_StartNextQueuedPublish  l610_mqtt.o
    0x0800b92c   0x0800b92c   0x00000068   Code   RO         5170    i.MQTT_StoreMessage  l610_mqtt.o
    0x0800b994   0x0800b994   0x0000003c   Code   RO         5171    i.MQTT_TakeAsyncFragment  l610_mqtt.o
    0x0800b9d0   0x0800b9d0   0x00000066   Code   RO         5172    i.MQTT_Trim         l610_mqtt.o
    0x0800ba36   0x0800ba36   0x00000034   Code   RO         5173    i.MQTT_TrimRight    l610_mqtt.o
    0x0800ba6a   0x0800ba6a   0x00000002   PAD
    0x0800ba6c   0x0800ba6c   0x00000120   Code   RO         5174    i.MQTT_TrySessionConnect  l610_mqtt.o
    0x0800bb8c   0x0800bb8c   0x000000b0   Code   RO         5175    i.MQTT_WaitForKeyword  l610_mqtt.o
    0x0800bc3c   0x0800bc3c   0x000000c8   Code   RO         5176    i.MQTT_WaitForKeywordOrOk  l610_mqtt.o
    0x0800bd04   0x0800bd04   0x0000009c   Code   RO          347    i.MX_ADC1_Init      adc.o
    0x0800bda0   0x0800bda0   0x00000194   Code   RO          202    i.MX_GPIO_Init      gpio.o
    0x0800bf34   0x0800bf34   0x00000068   Code   RO          452    i.MX_USART1_UART_Init  usart.o
    0x0800bf9c   0x0800bf9c   0x00000068   Code   RO          453    i.MX_USART2_UART_Init  usart.o
    0x0800c004   0x0800c004   0x00000068   Code   RO          454    i.MX_USART3_UART_Init  usart.o
    0x0800c06c   0x0800c06c   0x00000068   Code   RO          455    i.MX_USART6_UART_Init  usart.o
    0x0800c0d4   0x0800c0d4   0x00000002   Code   RO          514    i.MemManage_Handler  stm32h7xx_it.o
    0x0800c0d6   0x0800c0d6   0x00000026   Code   RO         5940    i.Modbus_BuildReadRegs  modbus_rtu.o
    0x0800c0fc   0x0800c0fc   0x00000030   Code   RO         5941    i.Modbus_CRC16      modbus_rtu.o
    0x0800c12c   0x0800c12c   0x0000005a   Code   RO         5943    i.Modbus_ParseReadRegsResp  modbus_rtu.o
    0x0800c186   0x0800c186   0x00000002   Code   RO          515    i.NMI_Handler       stm32h7xx_it.o
    0x0800c188   0x0800c188   0x00000002   Code   RO          516    i.PendSV_Handler    stm32h7xx_it.o
    0x0800c18a   0x0800c18a   0x00000002   PAD
    0x0800c18c   0x0800c18c   0x00000008   Code   RO         4891    i.Protocol_GetLastResponse  protocol.o
    0x0800c194   0x0800c194   0x00000008   Code   RO         4892    i.Protocol_GetLastStatusText  protocol.o
    0x0800c19c   0x0800c19c   0x000000b0   Code   RO         4893    i.Protocol_GetStatusString  protocol.o
    0x0800c24c   0x0800c24c   0x00000194   Code   RO         4894    i.Protocol_HandleATRaw  protocol.o
    0x0800c3e0   0x0800c3e0   0x0000006c   Code   RO         4895    i.Protocol_HandleSelfTest  protocol.o
    0x0800c44c   0x0800c44c   0x000002c0   Code   RO         4896    i.Protocol_Parse    protocol.o
    0x0800c70c   0x0800c70c   0x0000003c   Code   RO         4897    i.Protocol_SetBusyResponse  protocol.o
    0x0800c748   0x0800c748   0x00000050   Code   RO         4898    i.Protocol_SetMQTTResponse  protocol.o
    0x0800c798   0x0800c798   0x0000002c   Code   RO         4899    i.Protocol_SetResponse  protocol.o
    0x0800c7c4   0x0800c7c4   0x00000020   Code   RO         4900    i.Protocol_SetStatusText  protocol.o
    0x0800c7e4   0x0800c7e4   0x00000010   Code   RO         4901    i.Protocol_StrEqual  protocol.o
    0x0800c7f4   0x0800c7f4   0x00000120   Code   RO         1493    i.RCCEx_PLL2_Config  stm32h7xx_hal_rcc_ex.o
    0x0800c914   0x0800c914   0x00000120   Code   RO         1494    i.RCCEx_PLL3_Config  stm32h7xx_hal_rcc_ex.o
    0x0800ca34   0x0800ca34   0x00000080   Code   RO         6157    i.RainSensor_FilterRaw  sensor_rain.o
    0x0800cab4   0x0800cab4   0x0000002c   Code   RO         6158    i.RainSensor_FormatText  sensor_rain.o
    0x0800cae0   0x0800cae0   0x00000078   Code   RO         6159    i.RainSensor_Init   sensor_rain.o
    0x0800cb58   0x0800cb58   0x00000078   Code   RO         6160    i.RainSensor_MarkOffline  sensor_rain.o
    0x0800cbd0   0x0800cbd0   0x00000002   Code   RO         6161    i.RainSensor_Parse  sensor_rain.o
    0x0800cbd2   0x0800cbd2   0x00000002   PAD
    0x0800cbd4   0x0800cbd4   0x00000110   Code   RO         6162    i.RainSensor_Poll   sensor_rain.o
    0x0800cce4   0x0800cce4   0x0000006c   Code   RO         6163    i.RainSensor_UpdateDryReference  sensor_rain.o
    0x0800cd50   0x0800cd50   0x00000012   Code   RO         4546    i.Relay_AllOff      relay.o
    0x0800cd62   0x0800cd62   0x00000012   Code   RO         4547    i.Relay_AllOn       relay.o
    0x0800cd74   0x0800cd74   0x0000000a   Code   RO         4549    i.Relay_GetPin      relay.o
    0x0800cd7e   0x0800cd7e   0x00000002   PAD
    0x0800cd80   0x0800cd80   0x00000008   Code   RO         4550    i.Relay_GetPort     relay.o
    0x0800cd88   0x0800cd88   0x0000000c   Code   RO         4551    i.Relay_GetState    relay.o
    0x0800cd94   0x0800cd94   0x00000004   Code   RO         4552    i.Relay_Init        relay.o
    0x0800cd98   0x0800cd98   0x00000024   Code   RO         4553    i.Relay_Off         relay.o
    0x0800cdbc   0x0800cdbc   0x00000024   Code   RO         4554    i.Relay_On          relay.o
    0x0800cde0   0x0800cde0   0x00000002   Code   RO          517    i.SVC_Handler       stm32h7xx_it.o
    0x0800cde2   0x0800cde2   0x00000004   Code   RO          518    i.SysTick_Handler   stm32h7xx_it.o
    0x0800cde6   0x0800cde6   0x00000002   PAD
    0x0800cde8   0x0800cde8   0x000000a0   Code   RO           14    i.SystemClock_Config  main.o
    0x0800ce88   0x0800ce88   0x000000f8   Code   RO         4353    i.SystemInit        system_stm32h7xx.o
    0x0800cf80   0x0800cf80   0x00000044   Code   RO         4247    i.UARTEx_SetNbDataToProcess  stm32h7xx_hal_uart_ex.o
    0x0800cfc4   0x0800cfc4   0x000000c8   Code   RO         3856    i.UART_AdvFeatureConfig  stm32h7xx_hal_uart.o
    0x0800d08c   0x0800d08c   0x000000aa   Code   RO         3857    i.UART_CheckIdleState  stm32h7xx_hal_uart.o
    0x0800d136   0x0800d136   0x0000000a   Code   RO         3858    i.UART_DMAAbortOnError  stm32h7xx_hal_uart.o
    0x0800d140   0x0800d140   0x00000054   Code   RO         3868    i.UART_EndRxTransfer  stm32h7xx_hal_uart.o
    0x0800d194   0x0800d194   0x000000c8   Code   RO         3870    i.UART_RxISR_16BIT  stm32h7xx_hal_uart.o
    0x0800d25c   0x0800d25c   0x000001a0   Code   RO         3871    i.UART_RxISR_16BIT_FIFOEN  stm32h7xx_hal_uart.o
    0x0800d3fc   0x0800d3fc   0x000000c8   Code   RO         3872    i.UART_RxISR_8BIT   stm32h7xx_hal_uart.o
    0x0800d4c4   0x0800d4c4   0x000001a0   Code   RO         3873    i.UART_RxISR_8BIT_FIFOEN  stm32h7xx_hal_uart.o
    0x0800d664   0x0800d664   0x000003ac   Code   RO         3874    i.UART_SetConfig    stm32h7xx_hal_uart.o
    0x0800da10   0x0800da10   0x00000110   Code   RO         3876    i.UART_Start_Receive_IT  stm32h7xx_hal_uart.o
    0x0800db20   0x0800db20   0x00000094   Code   RO         3881    i.UART_WaitOnFlagUntilTimeout  stm32h7xx_hal_uart.o
    0x0800dbb4   0x0800dbb4   0x0000000c   Code   RO          519    i.USART1_IRQHandler  stm32h7xx_it.o
    0x0800dbc0   0x0800dbc0   0x0000000c   Code   RO          520    i.USART2_IRQHandler  stm32h7xx_it.o
    0x0800dbcc   0x0800dbcc   0x0000000c   Code   RO          521    i.USART3_IRQHandler  stm32h7xx_it.o
    0x0800dbd8   0x0800dbd8   0x0000000c   Code   RO          522    i.USART6_IRQHandler  stm32h7xx_it.o
    0x0800dbe4   0x0800dbe4   0x0000002a   Code   RO         5888    i.UartRingBuf_Available  uart_ringbuf.o
    0x0800dc0e   0x0800dc0e   0x0000000c   Code   RO         5889    i.UartRingBuf_Clear  uart_ringbuf.o
    0x0800dc1a   0x0800dc1a   0x00000012   Code   RO         5890    i.UartRingBuf_Init  uart_ringbuf.o
    0x0800dc2c   0x0800dc2c   0x00000028   Code   RO         5891    i.UartRingBuf_Pop   uart_ringbuf.o
    0x0800dc54   0x0800dc54   0x00000022   Code   RO         5892    i.UartRingBuf_Push  uart_ringbuf.o
    0x0800dc76   0x0800dc76   0x00000022   Code   RO         5893    i.UartRingBuf_Read  uart_ringbuf.o
    0x0800dc98   0x0800dc98   0x00000002   Code   RO          523    i.UsageFault_Handler  stm32h7xx_it.o
    0x0800dc9a   0x0800dc9a   0x00000002   PAD
    0x0800dc9c   0x0800dc9c   0x000000dc   Code   RO          348    i.WeatherADC_ReadRainAverage  adc.o
    0x0800dd78   0x0800dd78   0x00000014   Code   RO          349    i.WeatherADC_ReadRaw  adc.o
    0x0800dd8c   0x0800dd8c   0x00000058   Code   RO          350    i.WeatherADC_RefreshFallback  adc.o
    0x0800dde4   0x0800dde4   0x00000028   Code   RO          351    i.WeatherADC_SetModeText  adc.o
    0x0800de0c   0x0800de0c   0x00000168   Code   RO         5990    i.WindSensor_CompleteQuery  sensor_wind_zts.o
    0x0800df74   0x0800df74   0x000000c0   Code   RO         5991    i.WindSensor_FormatFrameText  sensor_wind_zts.o
    0x0800e034   0x0800e034   0x00000060   Code   RO         5992    i.WindSensor_Init   sensor_wind_zts.o
    0x0800e094   0x0800e094   0x00000014   Code   RO         5993    i.WindSensor_IsDataFresh  sensor_wind_zts.o
    0x0800e0a8   0x0800e0a8   0x00000002   Code   RO         5994    i.WindSensor_Parse  sensor_wind_zts.o
    0x0800e0aa   0x0800e0aa   0x00000002   PAD
    0x0800e0ac   0x0800e0ac   0x0000007c   Code   RO         5995    i.WindSensor_Poll   sensor_wind_zts.o
    0x0800e128   0x0800e128   0x00000054   Code   RO         5996    i.WindSensor_PublishSnapshot  sensor_wind_zts.o
    0x0800e17c   0x0800e17c   0x0000007c   Code   RO         5997    i.WindSensor_ReadIncoming  sensor_wind_zts.o
    0x0800e1f8   0x0800e1f8   0x00000024   Code   RO         5998    i.WindSensor_ResetDirectionValue  sensor_wind_zts.o
    0x0800e21c   0x0800e21c   0x0000001c   Code   RO         5999    i.WindSensor_ResetSpeedValue  sensor_wind_zts.o
    0x0800e238   0x0800e238   0x00000024   Code   RO         6000    i.WindSensor_SetDirectionText  sensor_wind_zts.o
    0x0800e25c   0x0800e25c   0x00000028   Code   RO         6001    i.WindSensor_SetFrameText  sensor_wind_zts.o
    0x0800e284   0x0800e284   0x000000a0   Code   RO         6002    i.WindSensor_StartQuery  sensor_wind_zts.o
    0x0800e324   0x0800e324   0x00000058   Code   RO         6003    i.WindSensor_TryParseFrame  sensor_wind_zts.o
    0x0800e37c   0x0800e37c   0x00000030   Code   RO         6896    i.__ARM_fpclassify  m_wv.l(fpclassify.o)
    0x0800e3ac   0x0800e3ac   0x00000022   Code   RO         2735    i.__NVIC_SetPriority  stm32h7xx_hal_cortex.o
    0x0800e3ce   0x0800e3ce   0x0000000e   Code   RO         6725    i._is_digit         c_w.l(__printf_wp.o)
    0x0800e3dc   0x0800e3dc   0x0000005e   Code   RO         6520    i.draw_card         lcd_ui_pages.o
    0x0800e43a   0x0800e43a   0x00000002   PAD
    0x0800e43c   0x0800e43c   0x00000068   Code   RO         6521    i.draw_header       lcd_ui_pages.o
    0x0800e4a4   0x0800e4a4   0x0000007c   Code   RO         6522    i.draw_tabs         lcd_ui_pages.o
    0x0800e520   0x0800e520   0x00000020   Code   RO         6583    i.lcd_abs_diff_f    lcd_debug_ui.o
    0x0800e540   0x0800e540   0x0000000e   Code   RO         6584    i.lcd_abs_diff_u16  lcd_debug_ui.o
    0x0800e54e   0x0800e54e   0x0000000e   Code   RO         6585    i.lcd_abs_diff_u16_simple  lcd_debug_ui.o
    0x0800e55c   0x0800e55c   0x00000020   Code   RO         6586    i.lcd_change_page_relative  lcd_debug_ui.o
    0x0800e57c   0x0800e57c   0x00000034   Code   RO         6249    i.lcd_delay_init    lcd_port.o
    0x0800e5b0   0x0800e5b0   0x00000076   Code   RO         6250    i.lcd_draw_line     lcd_port.o
    0x0800e626   0x0800e626   0x00000002   PAD
    0x0800e628   0x0800e628   0x00000040   Code   RO         6251    i.lcd_draw_point    lcd_port.o
    0x0800e668   0x0800e668   0x0000007c   Code   RO         6252    i.lcd_fill_region   lcd_port.o
    0x0800e6e4   0x0800e6e4   0x00000078   Code   RO         6253    i.lcd_fmc_gpio_init  lcd_port.o
    0x0800e75c   0x0800e75c   0x000000c0   Code   RO         6254    i.lcd_fmc_init      lcd_port.o
    0x0800e81c   0x0800e81c   0x00000088   Code   RO         6255    i.lcd_get_font_desc  lcd_port.o
    0x0800e8a4   0x0800e8a4   0x000000a8   Code   RO         6587    i.lcd_handle_touch_navigation  lcd_debug_ui.o
    0x0800e94c   0x0800e94c   0x00000118   Code   RO         6256    i.lcd_reg_init      lcd_port.o
    0x0800ea64   0x0800ea64   0x00000034   Code   RO         6257    i.lcd_set_column_address  lcd_port.o
    0x0800ea98   0x0800ea98   0x00000034   Code   RO         6258    i.lcd_set_page_address  lcd_port.o
    0x0800eacc   0x0800eacc   0x000000c8   Code   RO         6259    i.lcd_set_scan_dir  lcd_port.o
    0x0800eb94   0x0800eb94   0x000000a4   Code   RO         6260    i.lcd_show_char     lcd_port.o
    0x0800ec38   0x0800ec38   0x000000bc   Code   RO         6261    i.lcd_show_string   lcd_port.o
    0x0800ecf4   0x0800ecf4   0x000002b0   Code   RO         6588    i.lcd_status_changed  lcd_debug_ui.o
    0x0800efa4   0x0800efa4   0x0000001a   Code   RO         6589    i.lcd_text_changed  lcd_debug_ui.o
    0x0800efbe   0x0800efbe   0x00000012   Code   RO         6405    i.lcd_touch_delay_short  lcd_touch.o
    0x0800efd0   0x0800efd0   0x00000074   Code   RO         6406    i.lcd_touch_hw_init  lcd_touch.o
    0x0800f044   0x0800f044   0x00000074   Code   RO         6407    i.lcd_touch_iic_init  lcd_touch.o
    0x0800f0b8   0x0800f0b8   0x0000007c   Code   RO         6408    i.lcd_touch_iic_recv_byte  lcd_touch.o
    0x0800f134   0x0800f134   0x00000036   Code   RO         6409    i.lcd_touch_iic_send_byte  lcd_touch.o
    0x0800f16a   0x0800f16a   0x0000002a   Code   RO         6410    i.lcd_touch_iic_start  lcd_touch.o
    0x0800f194   0x0800f194   0x00000024   Code   RO         6411    i.lcd_touch_iic_stop  lcd_touch.o
    0x0800f1b8   0x0800f1b8   0x0000003e   Code   RO         6412    i.lcd_touch_iic_wait_ack  lcd_touch.o
    0x0800f1f6   0x0800f1f6   0x00000066   Code   RO         6413    i.lcd_touch_read_reg  lcd_touch.o
    0x0800f25c   0x0800f25c   0x00000018   Code   RO         6414    i.lcd_touch_read_sda  lcd_touch.o
    0x0800f274   0x0800f274   0x00000014   Code   RO         6415    i.lcd_touch_scl     lcd_touch.o
    0x0800f288   0x0800f288   0x00000014   Code   RO         6416    i.lcd_touch_sda     lcd_touch.o
    0x0800f29c   0x0800f29c   0x0000003a   Code   RO         6417    i.lcd_touch_write_reg  lcd_touch.o
    0x0800f2d6   0x0800f2d6   0x00000076   Code   RO           15    i.main              main.o
    0x0800f34c   0x0800f34c   0x00000258   Code   RO         6523    i.render_debug      lcd_ui_pages.o
    0x0800f5a4   0x0800f5a4   0x0000027c   Code   RO         6524    i.render_overview   lcd_ui_pages.o
    0x0800f820   0x0800f820   0x00000188   Code   RO         6525    i.render_pad        lcd_ui_pages.o
    0x0800f9a8   0x0800f9a8   0x00000318   Code   RO         6526    i.render_weather    lcd_ui_pages.o
    0x0800fcc0   0x0800fcc0   0x0000002c   Code   RO         6888    locale$$code        c_w.l(lc_ctype_c.o)
    0x0800fcec   0x0800fcec   0x0000002c   Code   RO         6891    locale$$code        c_w.l(lc_numeric_c.o)
    0x0800fd18   0x0800fd18   0x0000000a   Code   RO         6967    x$fpl$fpinit        fz_wv.l(fpinit.o)
    0x0800fd22   0x0800fd22   0x00000004   Code   RO         6785    x$fpl$printf1       fz_wv.l(printf1.o)
    0x0800fd26   0x0800fd26   0x00000000   Code   RO         6895    x$fpl$usenofp       fz_wv.l(usenofp.o)
    0x0800fd26   0x0800fd26   0x00000018   Data   RO         3882    .constdata          stm32h7xx_hal_uart.o
    0x0800fd3e   0x0800fd3e   0x00000010   Data   RO         4248    .constdata          stm32h7xx_hal_uart_ex.o
    0x0800fd4e   0x0800fd4e   0x00000010   Data   RO         4354    .constdata          system_stm32h7xx.o
    0x0800fd5e   0x0800fd5e   0x00000002   PAD
    0x0800fd60   0x0800fd60   0x0000004c   Data   RO         6005    .constdata          sensor_wind_zts.o
    0x0800fdac   0x0800fdac   0x00002f80   Data   RO         6263    .constdata          lcd_port.o
    0x08012d2c   0x08012d2c   0x00000008   Data   RO         6686    .constdata          c_w.l(_printf_wctomb.o)
    0x08012d34   0x08012d34   0x00000028   Data   RO         6707    .constdata          c_w.l(_printf_hex_int_ptr.o)
    0x08012d5c   0x08012d5c   0x00000011   Data   RO         6733    .constdata          c_w.l(__printf_flags_ss_wp.o)
    0x08012d6d   0x08012d6d   0x00000003   PAD
    0x08012d70   0x08012d70   0x00000094   Data   RO         6863    .constdata          c_w.l(bigflt0.o)
    0x08012e04   0x08012e04   0x00000042   Data   RO         4411    .conststring        app_main.o
    0x08012e46   0x08012e46   0x00000002   PAD
    0x08012e48   0x08012e48   0x0000004c   Data   RO         4689    .conststring        l610.o
    0x08012e94   0x08012e94   0x00000047   Data   RO         4903    .conststring        protocol.o
    0x08012edb   0x08012edb   0x00000001   PAD
    0x08012edc   0x08012edc   0x0000008c   Data   RO         4991    .conststring        console.o
    0x08012f68   0x08012f68   0x00000403   Data   RO         5178    .conststring        l610_mqtt.o
    0x0801336b   0x0801336b   0x00000001   PAD
    0x0801336c   0x0801336c   0x0000001e   Data   RO         6006    .conststring        sensor_wind_zts.o
    0x0801338a   0x0801338a   0x00000002   PAD
    0x0801338c   0x0801338c   0x0000001d   Data   RO         6527    .conststring        lcd_ui_pages.o
    0x080133a9   0x080133a9   0x00000003   PAD
    0x080133ac   0x080133ac   0x00000020   Data   RO         7038    Region$$Table       anon$$obj.o
    0x080133cc   0x080133cc   0x00000110   Data   RO         6887    locale$$data        c_w.l(lc_ctype_c.o)
    0x080134dc   0x080134dc   0x0000001c   Data   RO         6890    locale$$data        c_w.l(lc_numeric_c.o)


    Execution Region RW_IRAM1 (Exec base: 0x20000000, Load base: 0x080134f8, Size: 0x00000000, Max: 0x00020000, ABSOLUTE)

    **** No section assigned to this execution region ****


    Execution Region RW_IRAM2 (Exec base: 0x24000000, Load base: 0x080134f8, Size: 0x0000bec0, Max: 0x00080000, ABSOLUTE)

    Exec Addr    Load Addr    Size         Type   Attr      Idx    E Section Name        Object

    0x24000000   0x080134f8   0x00000008   Data   RW          354    .data               adc.o
    0x24000008   0x08013500   0x0000000c   Data   RW         2915    .data               stm32h7xx_hal.o
    0x24000014   0x0801350c   0x00000008   Data   RW         4355    .data               system_stm32h7xx.o
    0x2400001c   0x08013514   0x00000004   Data   RW         4412    .data               app_main.o
    0x24000020   0x08013518   0x00000002   Data   RW         4556    .data               relay.o
    0x24000022   0x0801351a   0x00000002   PAD
    0x24000024   0x0801351c   0x0000000c   Data   RW         4690    .data               l610.o
    0x24000030   0x08013528   0x00000014   Data   RW         4992    .data               console.o
    0x24000044   0x0801353c   0x00000068   Data   RW         5179    .data               l610_mqtt.o
    0x240000ac   0x080135a4   0x0000000c   Data   RW         5663    .data               app_weather.o
    0x240000b8   0x080135b0   0x00000018   Data   RW         5735    .data               bsp_uart.o
    0x240000d0   0x080135c8   0x00000003   Data   RW         5816    .data               board_rs485.o
    0x240000d3   0x080135cb   0x00000001   Data   RW         6007    .data               sensor_wind_zts.o
    0x240000d4   0x080135cc   0x00000002   Data   RW         6101    .data               sensor_air_cj702.o
    0x240000d6   0x080135ce   0x00000002   PAD
    0x240000d8   0x080135d0   0x0000000c   Data   RW         6165    .data               sensor_rain.o
    0x240000e4   0x080135dc   0x00000001   Data   RW         6264    .data               lcd_port.o
    0x240000e5   0x080135dd   0x00000001   Data   RW         6419    .data               lcd_touch.o
    0x240000e6   0x080135de   0x00000002   PAD
    0x240000e8   0x080135e0   0x00000014   Data   RW         6528    .data               lcd_ui_pages.o
    0x240000fc   0x080135f4   0x00000014   Data   RW         6591    .data               lcd_debug_ui.o
    0x24000110        -       0x00000064   Zero   RW          353    .bss                adc.o
    0x24000174        -       0x00000250   Zero   RW          456    .bss                usart.o
    0x240003c4        -       0x000000f8   Zero   RW         4410    .bss                app_main.o
    0x240004bc        -       0x00002050   Zero   RW         4688    .bss                l610.o
    0x2400250c        -       0x00002020   Zero   RW         4902    .bss                protocol.o
    0x2400452c        -       0x00000200   Zero   RW         4990    .bss                console.o
    0x2400472c        -       0x000050cc   Zero   RW         5177    .bss                l610_mqtt.o
    0x240097f8        -       0x00000218   Zero   RW         5734    .bss                bsp_uart.o
    0x24009a10        -       0x000000f8   Zero   RW         6004    .bss                sensor_wind_zts.o
    0x24009b08        -       0x000000e4   Zero   RW         6100    .bss                sensor_air_cj702.o
    0x24009bec        -       0x00000024   Zero   RW         6164    .bss                sensor_rain.o
    0x24009c10        -       0x00000070   Zero   RW         6222    .bss                weather_data.o
    0x24009c80        -       0x00000058   Zero   RW         6262    .bss                lcd_port.o
    0x24009cd8        -       0x00000f84   Zero   RW         6590    .bss                lcd_debug_ui.o
    0x2400ac5c        -       0x00000060   Zero   RW         6828    .bss                c_w.l(libspace.o)
    0x2400acbc   0x08013608   0x00000004   PAD
    0x2400acc0        -       0x00000200   Zero   RW            2    HEAP                startup_stm32h743xx.o
    0x2400aec0        -       0x00001000   Zero   RW            1    STACK               startup_stm32h743xx.o


==============================================================================

Image component sizes


      Code (inc. data)   RO Data    RW Data    ZI Data      Debug   Object Name

       676         90          0          8        100       5197   adc.o
      2796        736         66          4        248      14039   app_main.o
       356         80          0         12          0       3920   app_weather.o
       786         68          0          3          0       8560   board_rs485.o
       398         72          0         24        536       5108   bsp_uart.o
       812        196        140         20        512       8865   console.o
       404         36          0          0          0    1300968   gpio.o
        60          6          0          0          0        563   key.o
      2862        874         76         12       8272      23921   l610.o
     13208       4546       1027        104      20684      69254   l610_mqtt.o
      1194         66          0         20       3972       8629   lcd_debug_ui.o
      2226        196      12160          1         88      23386   lcd_port.o
      1088         52          0          1          0      11086   lcd_touch.o
        18          0          0          0          0       1517   lcd_ui_model.o
      2826        802         29         20          0       6340   lcd_ui_pages.o
       282         14          0          0          0    1308764   main.o
       176          0          0          0          0       3033   modbus_rtu.o
      1640        566         71          0       8224       9728   protocol.o
       142         18          0          2          0       5166   relay.o
       634         52          0          2        228       6000   sensor_air_cj702.o
       794        120          0         12         36       6820   sensor_rain.o
      1390        156        106          1        248      12387   sensor_wind_zts.o
        72         30        664          0       4608        848   startup_stm32h743xx.o
       232         44          0         12          0      23496   stm32h7xx_hal.o
      3036        278          0          0          0      76222   stm32h7xx_hal_adc.o
       460         32          0          0          0      64409   stm32h7xx_hal_adc_ex.o
       354         28          0          0          0      40993   stm32h7xx_hal_cortex.o
      1408         70          0          0          0       4478   stm32h7xx_hal_dma.o
       584         50          0          0          0       2999   stm32h7xx_hal_gpio.o
        28          6          0          0          0        938   stm32h7xx_hal_msp.o
        84          6          0          0          0        789   stm32h7xx_hal_pwr_ex.o
      2466        102          0          0          0       7196   stm32h7xx_hal_rcc.o
      4776        174          0          0          0      10595   stm32h7xx_hal_rcc_ex.o
       110          6          0          0          0       1899   stm32h7xx_hal_sram.o
      4758        200         24          0          0      39020   stm32h7xx_hal_uart.o
       290          6         16          0          0       5526   stm32h7xx_hal_uart_ex.o
        70         24          0          0          0       6516   stm32h7xx_it.o
       308         14          0          0          0       3932   stm32h7xx_ll_fmc.o
       276         48         16          8          0       2025   system_stm32h7xx.o
       180          0          0          0          0       4559   uart_ringbuf.o
       912         76          0          0        592       4265   usart.o
         0          0          0          0        112       1149   weather_data.o

    ----------------------------------------------------------------------
     55222       9940      14438        272      48460    3145105   Object Totals
         0          0         32          0          0          0   (incl. Generated)
        50          0         11          6          0          0   (incl. Padding)

    ----------------------------------------------------------------------

      Code (inc. data)   RO Data    RW Data    ZI Data      Debug   Library Member Name

        60          8          0          0          0         84   __0sscanf.o
        56          6          0          0          0         88   __2snprintf.o
         8          0          0          0          0         68   __main.o
       392          4         17          0          0         92   __printf_flags_ss_wp.o
        14          0          0          0          0         68   __printf_wp.o
         0          0          0          0          0          0   __rtentry.o
        12          0          0          0          0          0   __rtentry2.o
         6          0          0          0          0          0   __rtentry4.o
        52          8          0          0          0          0   __scatter.o
        26          0          0          0          0          0   __scatter_copy.o
        28          0          0          0          0          0   __scatter_zi.o
        28          0          0          0          0         68   _chval.o
         6          0          0          0          0          0   _printf_c.o
        44          0          0          0          0        108   _printf_char.o
        48          6          0          0          0         96   _printf_char_common.o
        40          0          0          0          0         68   _printf_charcount.o
         6          0          0          0          0          0   _printf_d.o
       120         16          0          0          0         92   _printf_dec.o
         6          0          0          0          0          0   _printf_f.o
      1054          0          0          0          0        216   _printf_fp_dec.o
       128         16          0          0          0         84   _printf_fp_infnan.o
       124          4         40          0          0        144   _printf_hex_int_ptr.o
         6          0          0          0          0          0   _printf_i.o
       178          0          0          0          0         88   _printf_intcommon.o
        10          0          0          0          0          0   _printf_l.o
         6          0          0          0          0          0   _printf_lc.o
         6          0          0          0          0          0   _printf_n.o
         6          0          0          0          0          0   _printf_o.o
        80          8          0          0          0         88   _printf_oct_int.o
         6          0          0          0          0          0   _printf_p.o
        78          0          0          0          0        108   _printf_pad.o
         0          0          0          0          0          0   _printf_percent.o
         4          0          0          0          0          0   _printf_percent_end.o
         6          0          0          0          0          0   _printf_s.o
        82          0          0          0          0         80   _printf_str.o
        36          0          0          0          0         84   _printf_truncate.o
         6          0          0          0          0          0   _printf_u.o
        44          0          0          0          0        108   _printf_wchar.o
       188          6          8          0          0         92   _printf_wctomb.o
         6          0          0          0          0          0   _printf_x.o
       884          4          0          0          0        100   _scanf.o
       332          0          0          0          0         96   _scanf_int.o
        64          0          0          0          0         84   _sgetc.o
        16          0          0          0          0         68   _snputc.o
        10          0          0          0          0         68   _sputc.o
       158          0          0          0          0         92   _strtoul.o
        64          0          0          0          0         92   _wcrtomb.o
       228          4        148          0          0         96   bigflt0.o
      1936        128          0          0          0        672   btod.o
        18          0          0          0          0         80   exit.o
         6          0          0          0          0        152   heapauxi.o
         0          0          0          0          0          0   indicate_semi.o
        18          0          0          0          0         76   isspace.o
        44         10        272          0          0         76   lc_ctype_c.o
        44         10         28          0          0         76   lc_numeric_c.o
         2          0          0          0          0          0   libinit.o
        34          0          0          0          0          0   libinit2.o
         2          0          0          0          0          0   libshutdown.o
         2          0          0          0          0          0   libshutdown2.o
         8          4          0          0         96         68   libspace.o
       138          0          0          0          0         80   lludiv10.o
       238          0          0          0          0        100   lludivv7m.o
        16          4          0          0          0         76   rt_ctype_table.o
         8          4          0          0          0         68   rt_errno_addr_intlibspace.o
         8          4          0          0          0         68   rt_locale_intlibspace.o
        68          0          0          0          0         68   rt_memclr.o
        78          0          0          0          0         80   rt_memclr_w.o
       138          0          0          0          0         68   rt_memcpy_v6.o
       100          0          0          0          0         80   rt_memcpy_w.o
       132          0          0          0          0         68   rt_memmove_v6.o
       122          0          0          0          0         80   rt_memmove_w.o
         2          0          0          0          0          0   rtexit.o
        10          0          0          0          0          0   rtexit2.o
        44          8          0          0          0         84   scanf_char.o
        20          0          0          0          0         68   strchr.o
       104          0          0          0          0         68   strcmpv7m_pel.o
        72          0          0          0          0         80   strcpy.o
        62          0          0          0          0         76   strlen.o
       150          0          0          0          0         80   strncmp.o
        86          0          0          0          0         76   strncpy.o
        22          0          0          0          0         68   strrchr.o
        36          0          0          0          0         80   strstr.o
       112          0          0          0          0         88   strtol.o
       114          0          0          0          0         92   strtoul.o
        12          4          0          0          0         68   sys_exit.o
        74          0          0          0          0         80   sys_stackheap_outer.o
         2          0          0          0          0         68   use_no_semi.o
        10          0          0          0          0        116   fpinit.o
         4          0          0          0          0        116   printf1.o
         0          0          0          0          0          0   usenofp.o
        48          0          0          0          0        124   fpclassify.o

    ----------------------------------------------------------------------
      8920        266        516          0        100       6088   Library Totals
        14          0          3          0          4          0   (incl. Padding)

    ----------------------------------------------------------------------

      Code (inc. data)   RO Data    RW Data    ZI Data      Debug   Library Name

      8844        266        513          0         96       5732   c_w.l
        14          0          0          0          0        232   fz_wv.l
        48          0          0          0          0        124   m_wv.l

    ----------------------------------------------------------------------
      8920        266        516          0        100       6088   Library Totals

    ----------------------------------------------------------------------

==============================================================================


      Code (inc. data)   RO Data    RW Data    ZI Data      Debug   

     64142      10206      14954        272      48560    3109165   Grand Totals
     64142      10206      14954        272      48560    3109165   ELF Image Totals
     64142      10206      14954        272          0          0   ROM Totals

==============================================================================

    Total RO  Size (Code + RO Data)                79096 (  77.24kB)
    Total RW  Size (RW Data + ZI Data)             48832 (  47.69kB)
    Total ROM Size (Code + RO Data + RW Data)      79368 (  77.51kB)

==============================================================================

